Archive member included because of file (symbol)

d:/infineon/tools/dave ide/4.5.0.202105191637/eclipse/arm-gcc-49/bin/../lib/gcc/arm-none-eabi/4.9.3/armv7e-m/softfp\libgcc.a(_aeabi_uldivmod.o)
                              ./Dave/Generated/TIMER/timer.o (__aeabi_uldivmod)
d:/infineon/tools/dave ide/4.5.0.202105191637/eclipse/arm-gcc-49/bin/../lib/gcc/arm-none-eabi/4.9.3/armv7e-m/softfp\libgcc.a(bpabi.o)
                              d:/infineon/tools/dave ide/4.5.0.202105191637/eclipse/arm-gcc-49/bin/../lib/gcc/arm-none-eabi/4.9.3/armv7e-m/softfp\libgcc.a(_aeabi_uldivmod.o) (__gnu_uldivmod_helper)
d:/infineon/tools/dave ide/4.5.0.202105191637/eclipse/arm-gcc-49/bin/../lib/gcc/arm-none-eabi/4.9.3/armv7e-m/softfp\libgcc.a(_dvmd_tls.o)
                              d:/infineon/tools/dave ide/4.5.0.202105191637/eclipse/arm-gcc-49/bin/../lib/gcc/arm-none-eabi/4.9.3/armv7e-m/softfp\libgcc.a(_aeabi_uldivmod.o) (__aeabi_ldiv0)
d:/infineon/tools/dave ide/4.5.0.202105191637/eclipse/arm-gcc-49/bin/../lib/gcc/arm-none-eabi/4.9.3/armv7e-m/softfp\libgcc.a(_divdi3.o)
                              d:/infineon/tools/dave ide/4.5.0.202105191637/eclipse/arm-gcc-49/bin/../lib/gcc/arm-none-eabi/4.9.3/armv7e-m/softfp\libgcc.a(bpabi.o) (__divdi3)
d:/infineon/tools/dave ide/4.5.0.202105191637/eclipse/arm-gcc-49/bin/../lib/gcc/arm-none-eabi/4.9.3/armv7e-m/softfp\libgcc.a(_udivdi3.o)
                              d:/infineon/tools/dave ide/4.5.0.202105191637/eclipse/arm-gcc-49/bin/../lib/gcc/arm-none-eabi/4.9.3/armv7e-m/softfp\libgcc.a(bpabi.o) (__udivdi3)
d:/infineon/tools/dave ide/4.5.0.202105191637/eclipse/arm-gcc-49/bin/../lib/gcc/arm-none-eabi/4.9.3/../../../../arm-none-eabi/lib/armv7e-m/softfp\libg_nano.a(lib_a-errno.o)
                              ./Libraries/Newlib/syscalls.o (__errno)
d:/infineon/tools/dave ide/4.5.0.202105191637/eclipse/arm-gcc-49/bin/../lib/gcc/arm-none-eabi/4.9.3/../../../../arm-none-eabi/lib/armv7e-m/softfp\libg_nano.a(lib_a-impure.o)
                              d:/infineon/tools/dave ide/4.5.0.202105191637/eclipse/arm-gcc-49/bin/../lib/gcc/arm-none-eabi/4.9.3/../../../../arm-none-eabi/lib/armv7e-m/softfp\libg_nano.a(lib_a-errno.o) (_impure_ptr)
d:/infineon/tools/dave ide/4.5.0.202105191637/eclipse/arm-gcc-49/bin/../lib/gcc/arm-none-eabi/4.9.3/../../../../arm-none-eabi/lib/armv7e-m/softfp\libg_nano.a(lib_a-init.o)
                              ./Startup/startup_XMC4300.o (__libc_init_array)
d:/infineon/tools/dave ide/4.5.0.202105191637/eclipse/arm-gcc-49/bin/../lib/gcc/arm-none-eabi/4.9.3/../../../../arm-none-eabi/lib/armv7e-m/softfp\libg_nano.a(lib_a-malloc.o)
                              ./SSC/Src/ecatcoe.o (malloc)
d:/infineon/tools/dave ide/4.5.0.202105191637/eclipse/arm-gcc-49/bin/../lib/gcc/arm-none-eabi/4.9.3/../../../../arm-none-eabi/lib/armv7e-m/softfp\libg_nano.a(lib_a-memcmp.o)
                              ./SSC/Src/ryhand.o (memcmp)
d:/infineon/tools/dave ide/4.5.0.202105191637/eclipse/arm-gcc-49/bin/../lib/gcc/arm-none-eabi/4.9.3/../../../../arm-none-eabi/lib/armv7e-m/softfp\libg_nano.a(lib_a-memcpy.o)
                              ./SSC/Src/coeappl.o (memcpy)
d:/infineon/tools/dave ide/4.5.0.202105191637/eclipse/arm-gcc-49/bin/../lib/gcc/arm-none-eabi/4.9.3/../../../../arm-none-eabi/lib/armv7e-m/softfp\libg_nano.a(lib_a-memset.o)
                              ./User/Src/firmwareupdate_SSC.o (memset)
d:/infineon/tools/dave ide/4.5.0.202105191637/eclipse/arm-gcc-49/bin/../lib/gcc/arm-none-eabi/4.9.3/../../../../arm-none-eabi/lib/armv7e-m/softfp\libg_nano.a(lib_a-nano-freer.o)
                              d:/infineon/tools/dave ide/4.5.0.202105191637/eclipse/arm-gcc-49/bin/../lib/gcc/arm-none-eabi/4.9.3/../../../../arm-none-eabi/lib/armv7e-m/softfp\libg_nano.a(lib_a-malloc.o) (_free_r)
d:/infineon/tools/dave ide/4.5.0.202105191637/eclipse/arm-gcc-49/bin/../lib/gcc/arm-none-eabi/4.9.3/../../../../arm-none-eabi/lib/armv7e-m/softfp\libg_nano.a(lib_a-nano-mallocr.o)
                              d:/infineon/tools/dave ide/4.5.0.202105191637/eclipse/arm-gcc-49/bin/../lib/gcc/arm-none-eabi/4.9.3/../../../../arm-none-eabi/lib/armv7e-m/softfp\libg_nano.a(lib_a-malloc.o) (_malloc_r)
d:/infineon/tools/dave ide/4.5.0.202105191637/eclipse/arm-gcc-49/bin/../lib/gcc/arm-none-eabi/4.9.3/../../../../arm-none-eabi/lib/armv7e-m/softfp\libg_nano.a(lib_a-sbrkr.o)
                              d:/infineon/tools/dave ide/4.5.0.202105191637/eclipse/arm-gcc-49/bin/../lib/gcc/arm-none-eabi/4.9.3/../../../../arm-none-eabi/lib/armv7e-m/softfp\libg_nano.a(lib_a-nano-mallocr.o) (_sbrk_r)
d:/infineon/tools/dave ide/4.5.0.202105191637/eclipse/arm-gcc-49/bin/../lib/gcc/arm-none-eabi/4.9.3/../../../../arm-none-eabi/lib/armv7e-m/softfp\libg_nano.a(lib_a-strlen.o)
                              ./SSC/Src/objdef.o (strlen)
d:/infineon/tools/dave ide/4.5.0.202105191637/eclipse/arm-gcc-49/bin/../lib/gcc/arm-none-eabi/4.9.3/../../../../arm-none-eabi/lib/armv7e-m/softfp\libg_nano.a(lib_a-reent.o)
[...]
Memory Configuration

Name             Origin             Length             Attributes
FLASH_1_cached   0x08020000         0x00020000         xr
FLASH_1_uncached 0x0c020000         0x00020000         xr
PSRAM_1          0x1ffe8000         0x00010000         !xr
DSRAM_1_system   0x20000000         0x00010000         !xr
SRAM_combined    0x1ffe8000         0x00020000         !xr
*default*        0x00000000         0xffffffff

Linker script and memory map

LOAD ./User/Src/firmwareupdate_SSC.o
LOAD ./User/Src/flashprog.o
LOAD ./Startup/startup_XMC4300.o
LOAD ./Startup/system_XMC4300.o
LOAD ./SSC/Src/coeappl.o
LOAD ./SSC/Src/ecatappl.o
LOAD ./SSC/Src/ecatcoe.o
LOAD ./SSC/Src/ecatfoe.o
LOAD ./SSC/Src/ecatslv.o
LOAD ./SSC/Src/foeappl.o
LOAD ./SSC/Src/mailbox.o
LOAD ./SSC/Src/objdef.o
LOAD ./SSC/Src/ryhand.o
LOAD ./SSC/Src/sdoserv.o
LOAD ./Libraries/XMCLib/src/xmc4_eru.o
LOAD ./Libraries/XMCLib/src/xmc4_flash.o
LOAD ./Libraries/XMCLib/src/xmc4_gpio.o
LOAD ./Libraries/XMCLib/src/xmc4_rtc.o
LOAD ./Libraries/XMCLib/src/xmc4_scu.o
LOAD ./Libraries/XMCLib/src/xmc_can.o
LOAD ./Libraries/XMCLib/src/xmc_ccu4.o
LOAD ./Libraries/XMCLib/src/xmc_ccu8.o
LOAD ./Libraries/XMCLib/src/xmc_common.o
LOAD ./Libraries/XMCLib/src/xmc_dac.o
LOAD ./Libraries/XMCLib/src/xmc_dma.o
LOAD ./Libraries/XMCLib/src/xmc_dsd.o
LOAD ./Libraries/XMCLib/src/xmc_ebu.o
LOAD ./Libraries/XMCLib/src/xmc_ecat.o
LOAD ./Libraries/XMCLib/src/xmc_eru.o
LOAD ./Libraries/XMCLib/src/xmc_eth_mac.o
LOAD ./Libraries/XMCLib/src/xmc_eth_phy_dp83848.o
LOAD ./Libraries/XMCLib/src/xmc_eth_phy_ksz8031rnl.o
LOAD ./Libraries/XMCLib/src/xmc_eth_phy_ksz8081rnb.o
LOAD ./Libraries/XMCLib/src/xmc_fce.o
LOAD ./Libraries/XMCLib/src/xmc_gpio.o
LOAD ./Libraries/XMCLib/src/xmc_hrpwm.o
LOAD ./Libraries/XMCLib/src/xmc_i2c.o
LOAD ./Libraries/XMCLib/src/xmc_i2s.o
LOAD ./Libraries/XMCLib/src/xmc_ledts.o
LOAD ./Libraries/XMCLib/src/xmc_posif.o
LOAD ./Libraries/XMCLib/src/xmc_rtc.o
LOAD ./Libraries/XMCLib/src/xmc_sdmmc.o
LOAD ./Libraries/XMCLib/src/xmc_spi.o
LOAD ./Libraries/XMCLib/src/xmc_uart.o
LOAD ./Libraries/XMCLib/src/xmc_usbd.o
LOAD ./Libraries/XMCLib/src/xmc_usbh.o
LOAD ./Libraries/XMCLib/src/xmc_usic.o
LOAD ./Libraries/XMCLib/src/xmc_vadc.o
LOAD ./Libraries/XMCLib/src/xmc_wdt.o
LOAD ./Libraries/Newlib/syscalls.o
LOAD ./Dave/Generated/UART/uart.o
LOAD ./Dave/Generated/UART/uart_conf.o
LOAD ./Dave/Generated/TIMER/timer.o
LOAD ./Dave/Generated/TIMER/timer_conf.o
LOAD ./Dave/Generated/INTERRUPT/interrupt.o
LOAD ./Dave/Generated/INTERRUPT/interrupt_conf.o
LOAD ./Dave/Generated/GLOBAL_DMA/global_dma.o
LOAD ./Dave/Generated/GLOBAL_DMA/global_dma_conf.o
LOAD ./Dave/Generated/GLOBAL_CCU4/global_ccu4.o
LOAD ./Dave/Generated/GLOBAL_CCU4/global_ccu4_conf.o
LOAD ./Dave/Generated/GLOBAL_CAN/global_can.o
LOAD ./Dave/Generated/GLOBAL_CAN/global_can_conf.o
LOAD ./Dave/Generated/E_EEPROM_XMC4/e_eeprom_xmc4_conf.o
LOAD ./Dave/Generated/EVENT_GENERATOR/event_generator.o
LOAD ./Dave/Generated/EVENT_GENERATOR/event_generator_conf.o
LOAD ./Dave/Generated/EVENT_DETECTOR/event_detector.o
LOAD ./Dave/Generated/EVENT_DETECTOR/event_detector_conf.o
LOAD ./Dave/Generated/ECAT_SSC/ecat_ssc.o
LOAD ./Dave/Generated/ECAT_SSC/ecat_ssc_conf.o
LOAD ./Dave/Generated/ECAT_SSC/xmc_eschw.o
LOAD ./Dave/Generated/DIGITAL_IO/digital_io.o
LOAD ./Dave/Generated/DIGITAL_IO/digital_io_conf.o
LOAD ./Dave/Generated/CPU_CTRL_XMC4/cpu_ctrl_xmc4.o
LOAD ./Dave/Generated/CPU_CTRL_XMC4/cpu_ctrl_xmc4_conf.o
LOAD ./Dave/Generated/CLOCK_XMC4/clock_xmc4.o
LOAD ./Dave/Generated/CLOCK_XMC4/clock_xmc4_conf.o
LOAD ./Dave/Generated/CAN_NODE/can_node.o
LOAD ./Dave/Generated/CAN_NODE/can_node_conf.o
LOAD ./Dave/Generated/DAVE.o
LOAD ./BSP/app_init.o
LOAD ./BSP/bootmode.o
LOAD ./BSP/bsp_485.o
LOAD ./BSP/bsp_can.o
LOAD ./BSP/can_protocol.o
LOAD ./BSP/dev_config.o
LOAD ./BSP/e_eeprom_xmc4.o
LOAD ./BSP/rs485_protocol.o
LOAD ./BSP/systick.o
LOAD ./Application/app.o
LOAD ./Application/ecat_callback.o
LOAD ./main.o
LOAD d:/infineon/tools/dave ide/4.5.0.202105191637/eclipse/arm-gcc-49/bin/../lib/gcc/arm-none-eabi/4.9.3/../../../../arm-none-eabi/lib/armv7e-m/softfp\libm.a
START GROUP
LOAD d:/infineon/tools/dave ide/4.5.0.202105191637/eclipse/arm-gcc-49/bin/../lib/gcc/arm-none-eabi/4.9.3/armv7e-m/softfp\libgcc.a
LOAD d:/infineon/tools/dave ide/4.5.0.202105191637/eclipse/arm-gcc-49/bin/../lib/gcc/arm-none-eabi/4.9.3/../../../../arm-none-eabi/lib/armv7e-m/softfp\libg_nano.a
LOAD d:/infineon/tools/dave ide/4.5.0.202105191637/eclipse/arm-gcc-49/bin/../lib/gcc/arm-none-eabi/4.9.3/../../../../arm-none-eabi/lib/armv7e-m/softfp\libc_nano.a
END GROUP
START GROUP
LOAD d:/infineon/tools/dave ide/4.5.0.202105191637/eclipse/arm-gcc-49/bin/../lib/gcc/arm-none-eabi/4.9.3/armv7e-m/softfp\libgcc.a
LOAD d:/infineon/tools/dave ide/4.5.0.202105191637/eclipse/arm-gcc-49/bin/../lib/gcc/arm-none-eabi/4.9.3/../../../../arm-none-eabi/lib/armv7e-m/softfp\libc_nano.a
LOAD d:/infineon/tools/dave ide/4.5.0.202105191637/eclipse/arm-gcc-49/bin/../lib/gcc/arm-none-eabi/4.9.3/../../../../arm-none-eabi/lib/armv7e-m/softfp\libnosys.a
END GROUP
START GROUP
LOAD d:/infineon/tools/dave ide/4.5.0.202105191637/eclipse/arm-gcc-49/bin/../lib/gcc/arm-none-eabi/4.9.3/armv7e-m/softfp\libgcc.a
LOAD d:/infineon/tools/dave ide/4.5.0.202105191637/eclipse/arm-gcc-49/bin/../lib/gcc/arm-none-eabi/4.9.3/../../../../arm-none-eabi/lib/armv7e-m/softfp\libc_nano.a
LOAD d:/infineon/tools/dave ide/4.5.0.202105191637/eclipse/arm-gcc-49/bin/../lib/gcc/arm-none-eabi/4.9.3/../../../../arm-none-eabi/lib/armv7e-m/softfp\libnosys.a
END GROUP
                0x00000800                stack_size = DEFINED (stack_size)?stack_size:0x800
                0x00000040                no_init_size = 0x40

.text           0x08020000    0x1036c load address 0x0c020000
                0x08020000                sText = .
                0x08020000                . = ALIGN (0x4)
 *(.isr_vector)
 *(.reset)
 .reset         0x08020000      0x29c ./Startup/startup_XMC4300.o
                0x08020000                __Vectors
                0x08020200                Reset_Handler
                0x08020298                DebugMon_Handler
                0x08020298                VADC0_C0_0_IRQHandler
                0x08020298                CAN0_4_IRQHandler
                0x08020298                USIC0_5_IRQHandler
                0x08020298                HardFault_Handler
                0x08020298                VADC0_G1_1_IRQHandler
                0x08020298                PendSV_Handler
                0x08020298                NMI_Handler
                0x08020298                USIC1_3_IRQHandler
                0x08020298                CCU40_2_IRQHandler
                0x08020298                SCU_0_IRQHandler
                0x08020298                ERU0_0_IRQHandler
                0x08020298                CCU41_0_IRQHandler
                0x08020298                USIC1_5_IRQHandler
                0x08020298                CCU80_1_IRQHandler
                0x08020298                UsageFault_Handler
                0x08020298                USIC0_0_IRQHandler
                0x08020298                ERU0_2_IRQHandler
                0x08020298                ERU1_1_IRQHandler
                0x08020298                ERU0_3_IRQHandler
                0x08020298                VADC0_C0_3_IRQHandler
                0x08020298                CAN0_6_IRQHandler
                0x08020298                VADC0_G0_1_IRQHandler
                0x08020298                CCU40_0_IRQHandler
                0x08020298                Default_Handler
                0x08020298                USIC1_4_IRQHandler
                0x08020298                VADC0_G0_0_IRQHandler
                0x08020298                CCU80_3_IRQHandler
                0x08020298                CCU41_3_IRQHandler
                0x08020298                CCU80_2_IRQHandler
                0x08020298                VADC0_G1_3_IRQHandler
                0x08020298                VADC0_G0_3_IRQHandler
                0x08020298                PMU0_0_IRQHandler
                0x08020298                CAN0_7_IRQHandler
                0x08020298                CCU41_2_IRQHandler
                0x08020298                VADC0_C0_1_IRQHandler
                0x08020298                MemManage_Handler
                0x08020298                DAC0_0_IRQHandler
                0x08020298                SVC_Handler
                0x08020298                ERU1_2_IRQHandler
                0x08020298                VADC0_G1_2_IRQHandler
                0x08020298                CAN0_2_IRQHandler
                0x08020298                VADC0_G0_2_IRQHandler
                0x08020298                CAN0_3_IRQHandler
                0x08020298                ETH0_0_IRQHandler
                0x08020298                USIC0_3_IRQHandler
                0x08020298                VADC0_C0_2_IRQHandler
                0x08020298                FCE0_0_IRQHandler
                0x08020298                VADC0_G1_0_IRQHandler
                0x08020298                USB0_0_IRQHandler
                0x08020298                CAN0_5_IRQHandler
                0x08020298                CCU80_0_IRQHandler
                0x08020298                CCU40_1_IRQHandler
                0x08020298                USIC0_1_IRQHandler
                0x08020298                CCU40_3_IRQHandler
                0x08020298                BusFault_Handler
                0x08020298                LEDTS0_0_IRQHandler
                0x08020298                USIC0_4_IRQHandler
                0x08020298                ERU0_1_IRQHandler
                0x08020298                USIC1_2_IRQHandler
                0x08020298                SDMMC0_0_IRQHandler
                0x08020298                CAN0_1_IRQHandler
                0x08020298                USIC0_2_IRQHandler
                0x08020298                DAC0_1_IRQHandler
                0x0802029c                . = ALIGN (0x4)
 *(.text .text.* .gnu.linkonce.t.*)
 .text.SDO_WriteCallback
                0x0802029c      0x15c ./User/Src/firmwareupdate_SSC.o
                0x0802029c                SDO_WriteCallback
 .text.FOE_HandleAsyncReset
                0x080203f8       0x58 ./User/Src/firmwareupdate_SSC.o
                0x080203f8                FOE_HandleAsyncReset
 .text.SystemInit
                0x08020450       0x20 ./Startup/system_XMC4300.o
                0x08020450                SystemInit
 .text.SystemCoreClockUpdate
                0x08020470       0xd4 ./Startup/system_XMC4300.o
                0x08020470                SystemCoreClockUpdate
 .text.HW_EscRead
                0x08020544       0x2c ./SSC/Src/coeappl.o
 .text.Read0x10F8
                0x08020570       0x5c ./SSC/Src/coeappl.o
                0x08020570                Read0x10F8
 .text.COE_SyncTimeStamp
                0x080205cc       0x9c ./SSC/Src/coeappl.o
                0x080205cc                COE_SyncTimeStamp
 .text.COE_GetObjectDictionary
                0x08020668       0x18 ./SSC/Src/coeappl.o
                0x08020668                COE_GetObjectDictionary
 .text.COE_UpdateSyncErrorStatus
                0x08020680       0x64 ./SSC/Src/coeappl.o
                0x08020680                COE_UpdateSyncErrorStatus
 .text.COE_ObjInit
                0x080206e4      0x158 ./SSC/Src/coeappl.o
                0x080206e4                COE_ObjInit
 .text.COE_AddObjectToDic
                0x0802083c       0xe8 ./SSC/Src/coeappl.o
                0x0802083c                COE_AddObjectToDic
 .text.COE_RemoveDicEntry
                0x08020924       0x80 ./SSC/Src/coeappl.o
                0x08020924                COE_RemoveDicEntry
 .text.COE_ClearObjDictionary
                0x080209a4       0x3c ./SSC/Src/coeappl.o
                0x080209a4                COE_ClearObjDictionary
 .text.AddObjectsToObjDictionary
                0x080209e0       0x44 ./SSC/Src/coeappl.o
                0x080209e0                AddObjectsToObjDictionary
 .text.COE_ObjDictionaryInit
                0x08020a24       0x44 ./SSC/Src/coeappl.o
                0x08020a24                COE_ObjDictionaryInit
 .text.COE_Main
                0x08020a68       0xe8 ./SSC/Src/coeappl.o
                0x08020a68                COE_Main
 .text.XMC_ECAT_GetALEventRegister
                0x08020b50       0x1c ./SSC/Src/ecatappl.o
 .text.HW_EscRead
                0x08020b6c       0x2c ./SSC/Src/ecatappl.o
 .text.HW_EscReadIsr
                0x08020b98       0x24 ./SSC/Src/ecatappl.o
 .text.HW_EscWrite
                0x08020bbc       0x2c ./SSC/Src/ecatappl.o
 .text.HW_EscWriteIsr
                0x08020be8       0x24 ./SSC/Src/ecatappl.o
 .text.HW_GetALEventRegister
                0x08020c0c       0x10 ./SSC/Src/ecatappl.o
 .text.HW_GetALEventRegister_Isr
                0x08020c1c       0x10 ./SSC/Src/ecatappl.o
 .text.PDO_InputMapping
                0x08020c2c       0x94 ./SSC/Src/ecatappl.o
                0x08020c2c                PDO_InputMapping
 .text.PDO_OutputMapping
                0x08020cc0       0xb0 ./SSC/Src/ecatappl.o
                0x08020cc0                PDO_OutputMapping
 .text.ECAT_CheckTimer
                0x08020d70       0xf8 ./SSC/Src/ecatappl.o
                0x08020d70                ECAT_CheckTimer
 .text.HandleCycleTimeMeasurement
                0x08020e68       0x80 ./SSC/Src/ecatappl.o
                0x08020e68                HandleCycleTimeMeasurement
 .text.GetSystemTimeDelay
                0x08020ee8       0x70 ./SSC/Src/ecatappl.o
                0x08020ee8                GetSystemTimeDelay
 .text.PDI_Isr  0x08020f58      0x198 ./SSC/Src/ecatappl.o
                0x08020f58                PDI_Isr
 .text.Sync0_Isr
                0x080210f0      0x170 ./SSC/Src/ecatappl.o
                0x080210f0                Sync0_Isr
 .text.Sync1_Isr
                0x08021260       0x50 ./SSC/Src/ecatappl.o
                0x08021260                Sync1_Isr
 .text.MainInit
                0x080212b0      0x168 ./SSC/Src/ecatappl.o
                0x080212b0                MainInit
 .text.MainLoop
                0x08021418      0x104 ./SSC/Src/ecatappl.o
                0x08021418                MainLoop
 .text.ECAT_Application
                0x0802151c       0x3c ./SSC/Src/ecatappl.o
                0x0802151c                ECAT_Application
 .text.EEPROM_CommandHandler
                0x08021558      0x270 ./SSC/Src/ecatappl.o
                0x08021558                EEPROM_CommandHandler
 .text.COE_Init
                0x080217c8       0x20 ./SSC/Src/ecatcoe.o
                0x080217c8                COE_Init
 .text.COE_ServiceInd
                0x080217e8       0x70 ./SSC/Src/ecatcoe.o
                0x080217e8                COE_ServiceInd
 .text.COE_ContinueInd
                0x08021858       0x60 ./SSC/Src/ecatcoe.o
                0x08021858                COE_ContinueInd
 .text.FOE_Init
                0x080218b8       0x2c ./SSC/Src/ecatfoe.o
                0x080218b8                FOE_Init
 .text.FOE_ServiceInd
                0x080218e4      0x488 ./SSC/Src/ecatfoe.o
                0x080218e4                FOE_ServiceInd
 .text.FOE_ContinueInd
                0x08021d6c       0x34 ./SSC/Src/ecatfoe.o
                0x08021d6c                FOE_ContinueInd
 .text.XMC_ECAT_GetALEventRegister
                0x08021da0       0x1c ./SSC/Src/ecatslv.o
 .text.HW_EscRead
                0x08021dbc       0x2c ./SSC/Src/ecatslv.o
 .text.HW_GetALEventRegister
                0x08021de8       0x10 ./SSC/Src/ecatslv.o
 .text.ResetALEventMask
                0x08021df8       0x30 ./SSC/Src/ecatslv.o
                0x08021df8                ResetALEventMask
 .text.SetALEventMask
                0x08021e28       0x30 ./SSC/Src/ecatslv.o
                0x08021e28                SetALEventMask
 .text.UpdateEEPROMLoadedState
                0x08021e58       0x44 ./SSC/Src/ecatslv.o
                0x08021e58                UpdateEEPROMLoadedState
 .text.GetSyncMan
                0x08021e9c       0x30 ./SSC/Src/ecatslv.o
                0x08021e9c                GetSyncMan
 .text.DisableSyncManChannel
                0x08021ecc       0x54 ./SSC/Src/ecatslv.o
                0x08021ecc                DisableSyncManChannel
 .text.EnableSyncManChannel
                0x08021f20       0x54 ./SSC/Src/ecatslv.o
                0x08021f20                EnableSyncManChannel
 .text.CheckSmSettings
                0x08021f74      0x3bc ./SSC/Src/ecatslv.o
                0x08021f74                CheckSmSettings
 .text.StartInputHandler
                0x08022330      0x7d4 ./SSC/Src/ecatslv.o
                0x08022330                StartInputHandler
 .text.StartOutputHandler
                0x08022b04       0x9c ./SSC/Src/ecatslv.o
                0x08022b04                StartOutputHandler
 .text.StopOutputHandler
                0x08022ba0       0x20 ./SSC/Src/ecatslv.o
                0x08022ba0                StopOutputHandler
 .text.StopInputHandler
                0x08022bc0      0x12c ./SSC/Src/ecatslv.o
                0x08022bc0                StopInputHandler
 .text.BackToInitTransition
                0x08022cec       0x18 ./SSC/Src/ecatslv.o
                0x08022cec                BackToInitTransition
 .text.SetALStatus
                0x08022d04       0xc8 ./SSC/Src/ecatslv.o
                0x08022d04                SetALStatus
 .text.AL_ControlInd
                0x08022dcc      0x7a0 ./SSC/Src/ecatslv.o
                0x08022dcc                AL_ControlInd
 .text.AL_ControlRes
                0x0802356c      0x314 ./SSC/Src/ecatslv.o
                0x0802356c                AL_ControlRes
 .text.DC_CheckWatchdog
                0x08023880      0x128 ./SSC/Src/ecatslv.o
                0x08023880                DC_CheckWatchdog
 .text.CheckIfEcatError
                0x080239a8       0xa8 ./SSC/Src/ecatslv.o
                0x080239a8                CheckIfEcatError
 .text.ECAT_Init
                0x08023a50      0x15c ./SSC/Src/ecatslv.o
                0x08023a50                ECAT_Init
 .text.ECAT_Main
                0x08023bac      0x1b4 ./SSC/Src/ecatslv.o
                0x08023bac                ECAT_Main
 .text.FOE_Read
                0x08023d60       0x48 ./SSC/Src/foeappl.o
                0x08023d60                FOE_Read
 .text.FOE_Write
                0x08023da8       0x38 ./SSC/Src/foeappl.o
                0x08023da8                FOE_Write
 .text.FOE_Data
                0x08023de0       0x70 ./SSC/Src/foeappl.o
                0x08023de0                FOE_Data
 .text.FOE_Ack  0x08023e50       0x3c ./SSC/Src/foeappl.o
                0x08023e50                FOE_Ack
 .text.FOE_Busy
                0x08023e8c       0x20 ./SSC/Src/foeappl.o
                0x08023e8c                FOE_Busy
 .text.FOE_Error
                0x08023eac       0x24 ./SSC/Src/foeappl.o
                0x08023eac                FOE_Error
 .text.HW_EscRead
                0x08023ed0       0x2c ./SSC/Src/mailbox.o
 .text.HW_EscReadMbxMem
                0x08023efc       0x24 ./SSC/Src/mailbox.o
 .text.HW_EscWrite
                0x08023f20       0x2c ./SSC/Src/mailbox.o
 .text.HW_EscWriteMbxMem
                0x08023f4c       0x24 ./SSC/Src/mailbox.o
 .text.PutInMbxQueue
                0x08023f70       0x54 ./SSC/Src/mailbox.o
                0x08023f70                PutInMbxQueue
 .text.GetOutOfMbxQueue
                0x08023fc4       0x5c ./SSC/Src/mailbox.o
                0x08023fc4                GetOutOfMbxQueue
 .text.MBX_Init
                0x08024020       0xf4 ./SSC/Src/mailbox.o
                0x08024020                MBX_Init
 .text.MBX_StartMailboxHandler
                0x08024114      0x110 ./SSC/Src/mailbox.o
                0x08024114                MBX_StartMailboxHandler
 .text.MBX_StopMailboxHandler
                0x08024224      0x140 ./SSC/Src/mailbox.o
                0x08024224                MBX_StopMailboxHandler
 .text.MailboxServiceInd
                0x08024364       0x60 ./SSC/Src/mailbox.o
                0x08024364                MailboxServiceInd
 .text.MBX_MailboxWriteInd
                0x080243c4       0xb8 ./SSC/Src/mailbox.o
                0x080243c4                MBX_MailboxWriteInd
 .text.MBX_MailboxReadInd
                0x0802447c      0x100 ./SSC/Src/mailbox.o
                0x0802447c                MBX_MailboxReadInd
 .text.MBX_MailboxRepeatReq
                0x0802457c       0x84 ./SSC/Src/mailbox.o
                0x0802457c                MBX_MailboxRepeatReq
 .text.MBX_MailboxSendReq
                0x08024600       0xd4 ./SSC/Src/mailbox.o
                0x08024600                MBX_MailboxSendReq
 .text.MBX_CheckAndCopyMailbox
                0x080246d4      0x148 ./SSC/Src/mailbox.o
                0x080246d4                MBX_CheckAndCopyMailbox
 .text.MBX_CopyToSendMailbox
                0x0802481c      0x11c ./SSC/Src/mailbox.o
                0x0802481c                MBX_CopyToSendMailbox
 .text.MBX_Main
                0x08024938       0x78 ./SSC/Src/mailbox.o
                0x08024938                MBX_Main
 .text.OBJ_GetObjectHandle
                0x080249b0       0x38 ./SSC/Src/objdef.o
                0x080249b0                OBJ_GetObjectHandle
 .text.OBJ_GetObjectLength
                0x080249e8      0x11c ./SSC/Src/objdef.o
                0x080249e8                OBJ_GetObjectLength
 .text.OBJ_CopyNumberToString
                0x08024b04       0x94 ./SSC/Src/objdef.o
                0x08024b04                OBJ_CopyNumberToString
 .text.OBJ_GetNoOfObjects
                0x08024b98       0x98 ./SSC/Src/objdef.o
                0x08024b98                OBJ_GetNoOfObjects
 .text.OBJ_GetObjectList
                0x08024c30       0xfc ./SSC/Src/objdef.o
                0x08024c30                OBJ_GetObjectList
 .text.OBJ_GetDesc
                0x08024d2c      0x120 ./SSC/Src/objdef.o
                0x08024d2c                OBJ_GetDesc
 .text.OBJ_GetEntryDesc
                0x08024e4c       0x58 ./SSC/Src/objdef.o
                0x08024e4c                OBJ_GetEntryDesc
 .text.OBJ_GetObjDesc
                0x08024ea4       0x18 ./SSC/Src/objdef.o
                0x08024ea4                OBJ_GetObjDesc
 .text.OBJ_GetEntryOffset
                0x08024ebc      0x194 ./SSC/Src/objdef.o
                0x08024ebc                OBJ_GetEntryOffset
 .text.CheckSyncTypeValue
                0x08025050      0x1ac ./SSC/Src/objdef.o
                0x08025050                CheckSyncTypeValue
 .text.OBJ_Read
                0x080251fc      0x5d4 ./SSC/Src/objdef.o
                0x080251fc                OBJ_Read
 .text.OBJ_Write
                0x080257d0      0x724 ./SSC/Src/objdef.o
                0x080257d0                OBJ_Write
 .text.APPL_AckErrorInd
                0x08025ef4       0x14 ./SSC/Src/ryhand.o
                0x08025ef4                APPL_AckErrorInd
 .text.APPL_StartMailboxHandler
                0x08025f08       0x10 ./SSC/Src/ryhand.o
                0x08025f08                APPL_StartMailboxHandler
 .text.APPL_StopMailboxHandler
                0x08025f18       0x10 ./SSC/Src/ryhand.o
                0x08025f18                APPL_StopMailboxHandler
 .text.APPL_StartInputHandler
                0x08025f28       0x18 ./SSC/Src/ryhand.o
                0x08025f28                APPL_StartInputHandler
 .text.APPL_StopInputHandler
                0x08025f40       0x10 ./SSC/Src/ryhand.o
                0x08025f40                APPL_StopInputHandler
 .text.APPL_StartOutputHandler
                0x08025f50       0x10 ./SSC/Src/ryhand.o
                0x08025f50                APPL_StartOutputHandler
 .text.APPL_StopOutputHandler
                0x08025f60       0x10 ./SSC/Src/ryhand.o
                0x08025f60                APPL_StopOutputHandler
 .text.APPL_GenerateMapping
                0x08025f70      0x16c ./SSC/Src/ryhand.o
                0x08025f70                APPL_GenerateMapping
 .text.APPL_InputMapping
                0x080260dc       0x98 ./SSC/Src/ryhand.o
                0x080260dc                APPL_InputMapping
 .text.APPL_OutputMapping
                0x08026174       0x98 ./SSC/Src/ryhand.o
                0x08026174                APPL_OutputMapping
 .text.APPL_Application
                0x0802620c      0x210 ./SSC/Src/ryhand.o
                0x0802620c                APPL_Application
 .text.WriteSimulateCANFD
                0x0802641c       0x34 ./SSC/Src/ryhand.o
                0x0802641c                WriteSimulateCANFD
 .text.SdoDownloadSegmentInd
                0x08026450      0x284 ./SSC/Src/sdoserv.o
 .text.SdoUploadSegmentInd
                0x080266d4      0x168 ./SSC/Src/sdoserv.o
 .text.SdoRes   0x0802683c      0x170 ./SSC/Src/sdoserv.o
                0x0802683c                SdoRes
 .text.SDOS_SdoInd
                0x080269ac      0x5d8 ./SSC/Src/sdoserv.o
                0x080269ac                SDOS_SdoInd
 .text.SDOS_SdoRes
                0x08026f84      0x124 ./SSC/Src/sdoserv.o
                0x08026f84                SDOS_SdoRes
 .text.SDOS_ClearPendingResponse
                0x080270a8       0xcc ./SSC/Src/sdoserv.o
                0x080270a8                SDOS_ClearPendingResponse
 .text.SDOS_SdoInfoInd
                0x08027174      0x3fc ./SSC/Src/sdoserv.o
                0x08027174                SDOS_SdoInfoInd
 .text.XMC_ERU_Enable
                0x08027570       0x2c ./Libraries/XMCLib/src/xmc4_eru.o
                0x08027570                XMC_ERU_Enable
 .text.XMC_FLASH_lEnterPageModeCommand
                0x0802759c       0x20 ./Libraries/XMCLib/src/xmc4_flash.o
                0x0802759c                XMC_FLASH_lEnterPageModeCommand
 .text.XMC_FLASH_lLoadPageCommand
                0x080275bc       0x30 ./Libraries/XMCLib/src/xmc4_flash.o
                0x080275bc                XMC_FLASH_lLoadPageCommand
 .text.XMC_FLASH_lWritePageCommand
                0x080275ec       0x44 ./Libraries/XMCLib/src/xmc4_flash.o
                0x080275ec                XMC_FLASH_lWritePageCommand
 .text.XMC_FLASH_lEraseSectorCommand
                0x08027630       0x58 ./Libraries/XMCLib/src/xmc4_flash.o
                0x08027630                XMC_FLASH_lEraseSectorCommand
 .text.XMC_FLASH_lClearStatusCommand
                0x08027688       0x20 ./Libraries/XMCLib/src/xmc4_flash.o
                0x08027688                XMC_FLASH_lClearStatusCommand
 .text.XMC_FLASH_ClearStatus
                0x080276a8        0xc ./Libraries/XMCLib/src/xmc4_flash.o
                0x080276a8                XMC_FLASH_ClearStatus
 .text.XMC_FLASH_GetStatus
                0x080276b4       0x1c ./Libraries/XMCLib/src/xmc4_flash.o
                0x080276b4                XMC_FLASH_GetStatus
 .text.XMC_FLASH_ProgramPage
                0x080276d0       0x68 ./Libraries/XMCLib/src/xmc4_flash.o
                0x080276d0                XMC_FLASH_ProgramPage
 .text.XMC_FLASH_EraseSector
                0x08027738       0x30 ./Libraries/XMCLib/src/xmc4_flash.o
                0x08027738                XMC_FLASH_EraseSector
 .text.XMC_GPIO_Init
                0x08027768      0x14c ./Libraries/XMCLib/src/xmc4_gpio.o
                0x08027768                XMC_GPIO_Init
 .text.XMC_SCU_CLOCK_GetCpuClockFrequency
                0x080278b4       0x18 ./Libraries/XMCLib/src/xmc4_scu.o
 .text.XMC_SCU_GetMirrorStatus
                0x080278cc       0x18 ./Libraries/XMCLib/src/xmc4_scu.o
 .text.XMC_SCU_lDelay
                0x080278e4       0x44 ./Libraries/XMCLib/src/xmc4_scu.o
 .text.XMC_SCU_INTERUPT_GetEventStatus
                0x08027928       0x18 ./Libraries/XMCLib/src/xmc4_scu.o
                0x08027928                XMC_SCU_INTERUPT_GetEventStatus
 .text.XMC_SCU_INTERRUPT_ClearEventStatus
                0x08027940       0x1c ./Libraries/XMCLib/src/xmc4_scu.o
                0x08027940                XMC_SCU_INTERRUPT_ClearEventStatus
 .text.XMC_SCU_CLOCK_Init
                0x0802795c       0xf8 ./Libraries/XMCLib/src/xmc4_scu.o
                0x0802795c                XMC_SCU_CLOCK_Init
 .text.XMC_SCU_INTERRUPT_EnableNmiRequest
                0x08027a54       0x24 ./Libraries/XMCLib/src/xmc4_scu.o
                0x08027a54                XMC_SCU_INTERRUPT_EnableNmiRequest
 .text.XMC_SCU_RESET_AssertPeripheralReset
                0x08027a78       0x38 ./Libraries/XMCLib/src/xmc4_scu.o
                0x08027a78                XMC_SCU_RESET_AssertPeripheralReset
 .text.XMC_SCU_RESET_DeassertPeripheralReset
                0x08027ab0       0x38 ./Libraries/XMCLib/src/xmc4_scu.o
                0x08027ab0                XMC_SCU_RESET_DeassertPeripheralReset
 .text.XMC_SCU_RESET_IsPeripheralResetAsserted
                0x08027ae8       0x48 ./Libraries/XMCLib/src/xmc4_scu.o
                0x08027ae8                XMC_SCU_RESET_IsPeripheralResetAsserted
 .text.XMC_SCU_CLOCK_GetPeripheralClockFrequency
                0x08027b30       0x20 ./Libraries/XMCLib/src/xmc4_scu.o
                0x08027b30                XMC_SCU_CLOCK_GetPeripheralClockFrequency
 .text.XMC_SCU_CLOCK_SetSystemClockSource
                0x08027b50       0x28 ./Libraries/XMCLib/src/xmc4_scu.o
                0x08027b50                XMC_SCU_CLOCK_SetSystemClockSource
 .text.XMC_SCU_CLOCK_SetUsbClockSource
                0x08027b78       0x28 ./Libraries/XMCLib/src/xmc4_scu.o
                0x08027b78                XMC_SCU_CLOCK_SetUsbClockSource
 .text.XMC_SCU_CLOCK_SetWdtClockSource
                0x08027ba0       0x28 ./Libraries/XMCLib/src/xmc4_scu.o
                0x08027ba0                XMC_SCU_CLOCK_SetWdtClockSource
 .text.XMC_SCU_CLOCK_SetSystemPllClockSource
                0x08027bc8       0x40 ./Libraries/XMCLib/src/xmc4_scu.o
                0x08027bc8                XMC_SCU_CLOCK_SetSystemPllClockSource
 .text.XMC_SCU_HIB_SetRtcClockSource
                0x08027c08       0x3c ./Libraries/XMCLib/src/xmc4_scu.o
                0x08027c08                XMC_SCU_HIB_SetRtcClockSource
 .text.XMC_SCU_HIB_SetStandbyClockSource
                0x08027c44       0x3c ./Libraries/XMCLib/src/xmc4_scu.o
                0x08027c44                XMC_SCU_HIB_SetStandbyClockSource
 .text.XMC_SCU_CLOCK_SetSystemClockDivider
                0x08027c80       0x28 ./Libraries/XMCLib/src/xmc4_scu.o
                0x08027c80                XMC_SCU_CLOCK_SetSystemClockDivider
 .text.XMC_SCU_CLOCK_SetCcuClockDivider
                0x08027ca8       0x28 ./Libraries/XMCLib/src/xmc4_scu.o
                0x08027ca8                XMC_SCU_CLOCK_SetCcuClockDivider
 .text.XMC_SCU_CLOCK_SetCpuClockDivider
                0x08027cd0       0x28 ./Libraries/XMCLib/src/xmc4_scu.o
                0x08027cd0                XMC_SCU_CLOCK_SetCpuClockDivider
 .text.XMC_SCU_CLOCK_SetPeripheralClockDivider
                0x08027cf8       0x28 ./Libraries/XMCLib/src/xmc4_scu.o
                0x08027cf8                XMC_SCU_CLOCK_SetPeripheralClockDivider
 .text.XMC_SCU_CLOCK_SetUsbClockDivider
                0x08027d20       0x28 ./Libraries/XMCLib/src/xmc4_scu.o
                0x08027d20                XMC_SCU_CLOCK_SetUsbClockDivider
 .text.XMC_SCU_CLOCK_SetWdtClockDivider
                0x08027d48       0x28 ./Libraries/XMCLib/src/xmc4_scu.o
                0x08027d48                XMC_SCU_CLOCK_SetWdtClockDivider
 .text.XMC_SCU_CLOCK_SetECATClockDivider
                0x08027d70       0x28 ./Libraries/XMCLib/src/xmc4_scu.o
                0x08027d70                XMC_SCU_CLOCK_SetECATClockDivider
 .text.XMC_SCU_CLOCK_EnableClock
                0x08027d98       0x20 ./Libraries/XMCLib/src/xmc4_scu.o
                0x08027d98                XMC_SCU_CLOCK_EnableClock
 .text.XMC_SCU_CLOCK_UngatePeripheralClock
                0x08027db8       0x38 ./Libraries/XMCLib/src/xmc4_scu.o
                0x08027db8                XMC_SCU_CLOCK_UngatePeripheralClock
 .text.XMC_SCU_CLOCK_IsPeripheralClockGated
                0x08027df0       0x48 ./Libraries/XMCLib/src/xmc4_scu.o
                0x08027df0                XMC_SCU_CLOCK_IsPeripheralClockGated
 .text.XMC_SCU_CLOCK_EnableUsbPll
                0x08027e38       0x20 ./Libraries/XMCLib/src/xmc4_scu.o
                0x08027e38                XMC_SCU_CLOCK_EnableUsbPll
 .text.XMC_SCU_CLOCK_StartUsbPll
                0x08027e58       0xb4 ./Libraries/XMCLib/src/xmc4_scu.o
                0x08027e58                XMC_SCU_CLOCK_StartUsbPll
 .text.XMC_SCU_CLOCK_SetBackupClockCalibrationMode
                0x08027f0c       0x4c ./Libraries/XMCLib/src/xmc4_scu.o
                0x08027f0c                XMC_SCU_CLOCK_SetBackupClockCalibrationMode
 .text.XMC_SCU_HIB_EnableHibernateDomain
                0x08027f58       0x58 ./Libraries/XMCLib/src/xmc4_scu.o
                0x08027f58                XMC_SCU_HIB_EnableHibernateDomain
 .text.XMC_SCU_CLOCK_IsLowPowerOscillatorStable
                0x08027fb0       0x24 ./Libraries/XMCLib/src/xmc4_scu.o
                0x08027fb0                XMC_SCU_CLOCK_IsLowPowerOscillatorStable
 .text.XMC_SCU_CLOCK_EnableLowPowerOscillator
                0x08027fd4       0x70 ./Libraries/XMCLib/src/xmc4_scu.o
                0x08027fd4                XMC_SCU_CLOCK_EnableLowPowerOscillator
 .text.XMC_SCU_CLOCK_EnableHighPerformanceOscillator
                0x08028044       0x50 ./Libraries/XMCLib/src/xmc4_scu.o
                0x08028044                XMC_SCU_CLOCK_EnableHighPerformanceOscillator
 .text.XMC_SCU_CLOCK_IsHighPerformanceOscillatorStable
                0x08028094       0x28 ./Libraries/XMCLib/src/xmc4_scu.o
                0x08028094                XMC_SCU_CLOCK_IsHighPerformanceOscillatorStable
 .text.XMC_SCU_CLOCK_EnableSystemPll
                0x080280bc       0x20 ./Libraries/XMCLib/src/xmc4_scu.o
                0x080280bc                XMC_SCU_CLOCK_EnableSystemPll
 .text.XMC_SCU_CLOCK_DisableSystemPll
                0x080280dc       0x20 ./Libraries/XMCLib/src/xmc4_scu.o
                0x080280dc                XMC_SCU_CLOCK_DisableSystemPll
 .text.XMC_SCU_CLOCK_StartSystemPll
                0x080280fc      0x19c ./Libraries/XMCLib/src/xmc4_scu.o
                0x080280fc                XMC_SCU_CLOCK_StartSystemPll
 .text.XMC_SCU_CLOCK_StepSystemPllFrequency
                0x08028298       0x3c ./Libraries/XMCLib/src/xmc4_scu.o
                0x08028298                XMC_SCU_CLOCK_StepSystemPllFrequency
 .text.XMC_CAN_IsPanelControlReady
                0x080282d4       0x28 ./Libraries/XMCLib/src/xmc_can.o
 .text.XMC_CAN_PanelControl
                0x080282fc       0x3c ./Libraries/XMCLib/src/xmc_can.o
 .text.XMC_CAN_NODE_EnableConfigurationChange
                0x08028338       0x20 ./Libraries/XMCLib/src/xmc_can.o
 .text.XMC_CAN_NODE_DisableConfigurationChange
                0x08028358       0x20 ./Libraries/XMCLib/src/xmc_can.o
 .text.max      0x08028378       0x20 ./Libraries/XMCLib/src/xmc_can.o
 .text.min      0x08028398       0x20 ./Libraries/XMCLib/src/xmc_can.o
 .text.XMC_CAN_NODE_NominalBitTimeConfigureEx
                0x080283b8      0x150 ./Libraries/XMCLib/src/xmc_can.o
                0x080283b8                XMC_CAN_NODE_NominalBitTimeConfigureEx
 .text.XMC_CAN_NODE_NominalBitTimeConfigure
                0x08028508      0x1c4 ./Libraries/XMCLib/src/xmc_can.o
                0x08028508                XMC_CAN_NODE_NominalBitTimeConfigure
 .text.XMC_CAN_AllocateMOtoNodeList
                0x080286cc       0x3c ./Libraries/XMCLib/src/xmc_can.o
                0x080286cc                XMC_CAN_AllocateMOtoNodeList
 .text.XMC_CAN_Enable
                0x08028708       0x38 ./Libraries/XMCLib/src/xmc_can.o
                0x08028708                XMC_CAN_Enable
 .text.XMC_CAN_SetBaudrateClockSource
                0x08028740       0x2c ./Libraries/XMCLib/src/xmc_can.o
                0x08028740                XMC_CAN_SetBaudrateClockSource
 .text.XMC_CAN_GetBaudrateClockSource
                0x0802876c       0x24 ./Libraries/XMCLib/src/xmc_can.o
                0x0802876c                XMC_CAN_GetBaudrateClockSource
 .text.XMC_CAN_GetBaudrateClockFrequency
                0x08028790       0x38 ./Libraries/XMCLib/src/xmc_can.o
                0x08028790                XMC_CAN_GetBaudrateClockFrequency
 .text.XMC_CAN_InitEx
                0x080287c8       0x80 ./Libraries/XMCLib/src/xmc_can.o
                0x080287c8                XMC_CAN_InitEx
 .text.XMC_CAN_MO_SetIdentifier
                0x08028848       0x68 ./Libraries/XMCLib/src/xmc_can.o
                0x08028848                XMC_CAN_MO_SetIdentifier
 .text.XMC_CAN_MO_SetAcceptanceMask
                0x080288b0       0x78 ./Libraries/XMCLib/src/xmc_can.o
                0x080288b0                XMC_CAN_MO_SetAcceptanceMask
 .text.XMC_CAN_MO_Config
                0x08028928      0x138 ./Libraries/XMCLib/src/xmc_can.o
                0x08028928                XMC_CAN_MO_Config
 .text.XMC_CAN_MO_UpdateData
                0x08028a60       0x70 ./Libraries/XMCLib/src/xmc_can.o
                0x08028a60                XMC_CAN_MO_UpdateData
 .text.XMC_CAN_MO_Transmit
                0x08028ad0       0x5c ./Libraries/XMCLib/src/xmc_can.o
                0x08028ad0                XMC_CAN_MO_Transmit
 .text.XMC_CAN_MO_Receive
                0x08028b2c      0x1a0 ./Libraries/XMCLib/src/xmc_can.o
                0x08028b2c                XMC_CAN_MO_Receive
 .text.XMC_CAN_NODE_EnableEvent
                0x08028ccc       0x38 ./Libraries/XMCLib/src/xmc_can.o
                0x08028ccc                XMC_CAN_NODE_EnableEvent
 .text.XMC_CCU4_StartPrescaler
                0x08028d04       0x1c ./Libraries/XMCLib/src/xmc_ccu4.o
 .text.XMC_CCU4_lDeassertReset
                0x08028d20       0x34 ./Libraries/XMCLib/src/xmc_ccu4.o
 .text.XMC_CCU4_lUngateClock
                0x08028d54       0x34 ./Libraries/XMCLib/src/xmc_ccu4.o
 .text.XMC_CCU4_EnableModule
                0x08028d88       0x20 ./Libraries/XMCLib/src/xmc_ccu4.o
                0x08028d88                XMC_CCU4_EnableModule
 .text.XMC_CCU4_Init
                0x08028da8       0x3c ./Libraries/XMCLib/src/xmc_ccu4.o
                0x08028da8                XMC_CCU4_Init
 .text.XMC_CCU4_SLICE_CompareInit
                0x08028de4       0x6c ./Libraries/XMCLib/src/xmc_ccu4.o
                0x08028de4                XMC_CCU4_SLICE_CompareInit
 .text.XMC_CCU4_SLICE_SetInterruptNode
                0x08028e50       0xc8 ./Libraries/XMCLib/src/xmc_ccu4.o
                0x08028e50                XMC_CCU4_SLICE_SetInterruptNode
 .text.XMC_DMA_GetEventStatus
                0x08028f18       0x1c ./Libraries/XMCLib/src/xmc_dma.o
 .text.XMC_DMA_GetChannelsTransferCompleteStatus
                0x08028f34       0x1c ./Libraries/XMCLib/src/xmc_dma.o
 .text.XMC_DMA_GetChannelsBlockCompleteStatus
                0x08028f50       0x1c ./Libraries/XMCLib/src/xmc_dma.o
 .text.XMC_DMA_GetChannelsSourceTransactionCompleteStatus
                0x08028f6c       0x1c ./Libraries/XMCLib/src/xmc_dma.o
 .text.XMC_DMA_GetChannelsDestinationTransactionCompleteStatus
                0x08028f88       0x1c ./Libraries/XMCLib/src/xmc_dma.o
 .text.XMC_DMA_GetChannelsErrorStatus
                0x08028fa4       0x1c ./Libraries/XMCLib/src/xmc_dma.o
 .text.XMC_DMA_Init
                0x08028fc0       0x14 ./Libraries/XMCLib/src/xmc_dma.o
                0x08028fc0                XMC_DMA_Init
 .text.XMC_DMA_Enable
                0x08028fd4       0x28 ./Libraries/XMCLib/src/xmc_dma.o
                0x08028fd4                XMC_DMA_Enable
 .text.XMC_DMA_IsEnabled
                0x08028ffc       0x88 ./Libraries/XMCLib/src/xmc_dma.o
                0x08028ffc                XMC_DMA_IsEnabled
 .text.XMC_DMA_EnableRequestLine
                0x08029084       0x54 ./Libraries/XMCLib/src/xmc_dma.o
                0x08029084                XMC_DMA_EnableRequestLine
 .text.XMC_DMA_CH_Disable
                0x080290d8       0x3c ./Libraries/XMCLib/src/xmc_dma.o
                0x080290d8                XMC_DMA_CH_Disable
 .text.XMC_DMA_CH_IsEnabled
                0x08029114       0x34 ./Libraries/XMCLib/src/xmc_dma.o
                0x08029114                XMC_DMA_CH_IsEnabled
 .text.XMC_DMA_CH_Init
                0x08029148      0x3e0 ./Libraries/XMCLib/src/xmc_dma.o
                0x08029148                XMC_DMA_CH_Init
 .text.XMC_DMA_CH_EnableEvent
                0x08029528       0x50 ./Libraries/XMCLib/src/xmc_dma.o
                0x08029528                XMC_DMA_CH_EnableEvent
 .text.XMC_DMA_CH_ClearEventStatus
                0x08029578       0x4c ./Libraries/XMCLib/src/xmc_dma.o
                0x08029578                XMC_DMA_CH_ClearEventStatus
 .text.XMC_DMA_CH_SetEventHandler
                0x080295c4       0x28 ./Libraries/XMCLib/src/xmc_dma.o
                0x080295c4                XMC_DMA_CH_SetEventHandler
 .text.XMC_DMA_IRQHandler
                0x080295ec      0x20c ./Libraries/XMCLib/src/xmc_dma.o
                0x080295ec                XMC_DMA_IRQHandler
 .text.XMC_ECAT_Enable
                0x080297f8       0x24 ./Libraries/XMCLib/src/xmc_ecat.o
                0x080297f8                XMC_ECAT_Enable
 .text.XMC_ECAT_Init
                0x0802981c       0x78 ./Libraries/XMCLib/src/xmc_ecat.o
                0x0802981c                XMC_ECAT_Init
 .text.XMC_ECAT_DisableEvent
                0x08029894       0x28 ./Libraries/XMCLib/src/xmc_ecat.o
                0x08029894                XMC_ECAT_DisableEvent
 .text.XMC_ECAT_DisableSyncManChannel
                0x080298bc       0x38 ./Libraries/XMCLib/src/xmc_ecat.o
                0x080298bc                XMC_ECAT_DisableSyncManChannel
 .text.XMC_ERU_ETL_Init
                0x080298f4       0x4c ./Libraries/XMCLib/src/xmc_eru.o
                0x080298f4                XMC_ERU_ETL_Init
 .text.XMC_ERU_OGU_Init
                0x08029940       0x28 ./Libraries/XMCLib/src/xmc_eru.o
                0x08029940                XMC_ERU_OGU_Init
 .text.XMC_FCE_Init
                0x08029968       0x2c ./Libraries/XMCLib/src/xmc_fce.o
                0x08029968                XMC_FCE_Init
 .text.XMC_FCE_Enable
                0x08029994       0x28 ./Libraries/XMCLib/src/xmc_fce.o
                0x08029994                XMC_FCE_Enable
 .text.XMC_FCE_CalculateCRC32
                0x080299bc       0x60 ./Libraries/XMCLib/src/xmc_fce.o
                0x080299bc                XMC_FCE_CalculateCRC32
 .text.XMC_GPIO_SetMode
                0x08029a1c       0x80 ./Libraries/XMCLib/src/xmc_gpio.o
                0x08029a1c                XMC_GPIO_SetMode
 .text.XMC_GPIO_SetHardwareControl
                0x08029a9c       0x44 ./Libraries/XMCLib/src/xmc_gpio.o
                0x08029a9c                XMC_GPIO_SetHardwareControl
 .text.XMC_USIC_CH_GetTransmitBufferStatus
                0x08029ae0       0x20 ./Libraries/XMCLib/src/xmc_uart.o
 .text.XMC_USIC_CH_SetMode
                0x08029b00       0x28 ./Libraries/XMCLib/src/xmc_uart.o
 .text.XMC_UART_CH_GetStatusFlag
                0x08029b28       0x18 ./Libraries/XMCLib/src/xmc_uart.o
 .text.XMC_UART_CH_InitEx
                0x08029b40       0xd4 ./Libraries/XMCLib/src/xmc_uart.o
                0x08029b40                XMC_UART_CH_InitEx
 .text.XMC_UART_CH_SetBaudrate
                0x08029c14       0x44 ./Libraries/XMCLib/src/xmc_uart.o
                0x08029c14                XMC_UART_CH_SetBaudrate
 .text.XMC_UART_CH_GetReceivedData
                0x08029c58       0x34 ./Libraries/XMCLib/src/xmc_uart.o
                0x08029c58                XMC_UART_CH_GetReceivedData
 .text.XMC_UART_CH_Stop
                0x08029c8c       0x44 ./Libraries/XMCLib/src/xmc_uart.o
                0x08029c8c                XMC_UART_CH_Stop
 .text.XMC_UART_CH_EnableEvent
                0x08029cd0       0x34 ./Libraries/XMCLib/src/xmc_uart.o
                0x08029cd0                XMC_UART_CH_EnableEvent
 .text.XMC_USIC_CH_Enable
                0x08029d04       0x74 ./Libraries/XMCLib/src/xmc_usic.o
                0x08029d04                XMC_USIC_CH_Enable
 .text.XMC_USIC_CH_SetBaudrate
                0x08029d78       0xe4 ./Libraries/XMCLib/src/xmc_usic.o
                0x08029d78                XMC_USIC_CH_SetBaudrate
 .text.XMC_USIC_CH_SetBaudrateEx
                0x08029e5c      0x100 ./Libraries/XMCLib/src/xmc_usic.o
                0x08029e5c                XMC_USIC_CH_SetBaudrateEx
 .text.XMC_USIC_CH_RXFIFO_Configure
                0x08029f5c       0x54 ./Libraries/XMCLib/src/xmc_usic.o
                0x08029f5c                XMC_USIC_CH_RXFIFO_Configure
 .text.XMC_USIC_CH_RXFIFO_SetSizeTriggerLimit
                0x08029fb0       0x30 ./Libraries/XMCLib/src/xmc_usic.o
                0x08029fb0                XMC_USIC_CH_RXFIFO_SetSizeTriggerLimit
 .text.XMC_USIC_CH_SetInterruptNodePointer
                0x08029fe0       0x38 ./Libraries/XMCLib/src/xmc_usic.o
                0x08029fe0                XMC_USIC_CH_SetInterruptNodePointer
 .text.XMC_USIC_CH_RXFIFO_SetInterruptNodePointer
                0x0802a018       0x3c ./Libraries/XMCLib/src/xmc_usic.o
                0x0802a018                XMC_USIC_CH_RXFIFO_SetInterruptNodePointer
 .text.XMC_USIC_Enable
                0x0802a054       0x84 ./Libraries/XMCLib/src/xmc_usic.o
                0x0802a054                XMC_USIC_Enable
 .text._sbrk    0x0802a0d8       0x68 ./Libraries/Newlib/syscalls.o
                0x0802a0d8                _sbrk
 .text._init    0x0802a140        0xc ./Libraries/Newlib/syscalls.o
                0x0802a140                _init
 .text.XMC_USIC_CH_DisableEvent
                0x0802a14c       0x24 ./Dave/Generated/UART/uart.o
 .text.XMC_USIC_CH_RXFIFO_DisableEvent
                0x0802a170       0x28 ./Dave/Generated/UART/uart.o
 .text.XMC_USIC_CH_RXFIFO_IsEmpty
                0x0802a198       0x28 ./Dave/Generated/UART/uart.o
 .text.XMC_UART_CH_Start
                0x0802a1c0       0x24 ./Dave/Generated/UART/uart.o
 .text.XMC_UART_CH_SetSamplePoint
                0x0802a1e4       0x28 ./Dave/Generated/UART/uart.o
 .text.XMC_DMA_CH_Enable
                0x0802a20c       0x24 ./Dave/Generated/UART/uart.o
 .text.XMC_DMA_CH_SetSourceAddress
                0x0802a230       0x28 ./Dave/Generated/UART/uart.o
 .text.XMC_DMA_CH_SetDestinationAddress
                0x0802a258       0x2c ./Dave/Generated/UART/uart.o
 .text.XMC_DMA_CH_SetBlockSize
                0x0802a284       0x2c ./Dave/Generated/UART/uart.o
 .text.UART_Init
                0x0802a2b0       0x24 ./Dave/Generated/UART/uart.o
                0x0802a2b0                UART_Init
 .text.UART_Transmit
                0x0802a2d4       0x38 ./Dave/Generated/UART/uart.o
                0x0802a2d4                UART_Transmit
 .text.UART_SetBaudrate
                0x0802a30c       0xd0 ./Dave/Generated/UART/uart.o
                0x0802a30c                UART_SetBaudrate
 .text.UART_StartTransmitDMA
                0x0802a3dc       0xd4 ./Dave/Generated/UART/uart.o
                0x0802a3dc                UART_StartTransmitDMA
 .text.UART_lReceiveHandler
                0x0802a4b0      0x120 ./Dave/Generated/UART/uart.o
                0x0802a4b0                UART_lReceiveHandler
 .text.UART_lReconfigureRxFIFO
                0x0802a5d0       0x50 ./Dave/Generated/UART/uart.o
 .text.__NVIC_GetPriorityGrouping
                0x0802a620       0x1c ./Dave/Generated/UART/uart_conf.o
 .text.__NVIC_EnableIRQ
                0x0802a63c       0x38 ./Dave/Generated/UART/uart_conf.o
 .text.__NVIC_SetPriority
                0x0802a674       0x54 ./Dave/Generated/UART/uart_conf.o
 .text.NVIC_EncodePriority
                0x0802a6c8       0x64 ./Dave/Generated/UART/uart_conf.o
 .text.XMC_USIC_CH_SetInputSource
                0x0802a72c       0x3c ./Dave/Generated/UART/uart_conf.o
 .text.XMC_USIC_CH_TriggerServiceRequest
                0x0802a768       0x20 ./Dave/Generated/UART/uart_conf.o
 .text.XMC_UART_CH_Init
                0x0802a788       0x1c ./Dave/Generated/UART/uart_conf.o
 .text.XMC_UART_CH_Start
                0x0802a7a4       0x24 ./Dave/Generated/UART/uart_conf.o
 .text.UART_485_init
                0x0802a7c8       0xe8 ./Dave/Generated/UART/uart_conf.o
                0x0802a7c8                UART_485_init
 .text.USIC1_0_IRQHandler
                0x0802a8b0       0x10 ./Dave/Generated/UART/uart_conf.o
                0x0802a8b0                USIC1_0_IRQHandler
 .text.UART_485_dma_tx_handler
                0x0802a8c0       0x28 ./Dave/Generated/UART/uart_conf.o
                0x0802a8c0                UART_485_dma_tx_handler
 .text.XMC_CCU4_EnableClock
                0x0802a8e8       0x20 ./Dave/Generated/TIMER/timer.o
 .text.XMC_CCU4_SLICE_StartTimer
                0x0802a908       0x18 ./Dave/Generated/TIMER/timer.o
 .text.XMC_CCU4_SLICE_ClearTimer
                0x0802a920       0x18 ./Dave/Generated/TIMER/timer.o
 .text.XMC_CCU4_SLICE_SetTimerPeriodMatch
                0x0802a938       0x1c ./Dave/Generated/TIMER/timer.o
 .text.XMC_CCU4_SLICE_SetTimerCompareMatch
                0x0802a954       0x1c ./Dave/Generated/TIMER/timer.o
 .text.XMC_CCU4_EnableShadowTransfer
                0x0802a970       0x1c ./Dave/Generated/TIMER/timer.o
 .text.XMC_CCU4_SLICE_EnableEvent
                0x0802a98c       0x2c ./Dave/Generated/TIMER/timer.o
 .text.TIMER_Init
                0x0802a9b8       0x3c ./Dave/Generated/TIMER/timer.o
                0x0802a9b8                TIMER_Init
 .text.TIMER_Start
                0x0802a9f4       0x3c ./Dave/Generated/TIMER/timer.o
                0x0802a9f4                TIMER_Start
 .text.TIMER_CCU4_lInit
                0x0802aa30       0x98 ./Dave/Generated/TIMER/timer.o
                0x0802aa30                TIMER_CCU4_lInit
 .text.TIMER_CCU4_lShadowTransfer
                0x0802aac8       0x3c ./Dave/Generated/TIMER/timer.o
                0x0802aac8                TIMER_CCU4_lShadowTransfer
 .text.__NVIC_GetPriorityGrouping
                0x0802ab04       0x1c ./Dave/Generated/INTERRUPT/interrupt.o
 .text.__NVIC_EnableIRQ
                0x0802ab20       0x38 ./Dave/Generated/INTERRUPT/interrupt.o
 .text.__NVIC_SetPriority
                0x0802ab58       0x54 ./Dave/Generated/INTERRUPT/interrupt.o
 .text.NVIC_EncodePriority
                0x0802abac       0x64 ./Dave/Generated/INTERRUPT/interrupt.o
 .text.INTERRUPT_Enable
                0x0802ac10       0x1c ./Dave/Generated/INTERRUPT/interrupt.o
 .text.INTERRUPT_Init
                0x0802ac2c       0x4c ./Dave/Generated/INTERRUPT/interrupt.o
                0x0802ac2c                INTERRUPT_Init
 .text.__NVIC_GetPriorityGrouping
                0x0802ac78       0x1c ./Dave/Generated/GLOBAL_DMA/global_dma.o
 .text.__NVIC_EnableIRQ
                0x0802ac94       0x38 ./Dave/Generated/GLOBAL_DMA/global_dma.o
 .text.__NVIC_SetPriority
                0x0802accc       0x54 ./Dave/Generated/GLOBAL_DMA/global_dma.o
 .text.NVIC_EncodePriority
                0x0802ad20       0x64 ./Dave/Generated/GLOBAL_DMA/global_dma.o
 .text.GLOBAL_DMA_Init
                0x0802ad84       0x6c ./Dave/Generated/GLOBAL_DMA/global_dma.o
                0x0802ad84                GLOBAL_DMA_Init
 .text.GPDMA0_0_IRQHandler
                0x0802adf0       0x10 ./Dave/Generated/GLOBAL_DMA/global_dma_conf.o
                0x0802adf0                GPDMA0_0_IRQHandler
 .text.XMC_CCU4_StartPrescaler
                0x0802ae00       0x1c ./Dave/Generated/GLOBAL_CCU4/global_ccu4.o
 .text.GLOBAL_CCU4_Init
                0x0802ae1c       0x40 ./Dave/Generated/GLOBAL_CCU4/global_ccu4.o
                0x0802ae1c                GLOBAL_CCU4_Init
 .text.GLOBAL_CAN_Init
                0x0802ae5c       0x44 ./Dave/Generated/GLOBAL_CAN/global_can.o
                0x0802ae5c                GLOBAL_CAN_Init
 .text.EVENT_GENERATOR_Init
                0x0802aea0       0x48 ./Dave/Generated/EVENT_GENERATOR/event_generator.o
                0x0802aea0                EVENT_GENERATOR_Init
 .text.EVENT_DETECTOR_Init
                0x0802aee8       0x3c ./Dave/Generated/EVENT_DETECTOR/event_detector.o
                0x0802aee8                EVENT_DETECTOR_Init
 .text.ECAT_SSC_Init
                0x0802af24       0xd0 ./Dave/Generated/ECAT_SSC/ecat_ssc.o
                0x0802af24                ECAT_SSC_Init
 .text.__NVIC_GetPriorityGrouping
                0x0802aff4       0x1c ./Dave/Generated/ECAT_SSC/xmc_eschw.o
 .text.__NVIC_EnableIRQ
                0x0802b010       0x38 ./Dave/Generated/ECAT_SSC/xmc_eschw.o
 .text.__NVIC_DisableIRQ
                0x0802b048       0x44 ./Dave/Generated/ECAT_SSC/xmc_eschw.o
 .text.__NVIC_SetPriority
                0x0802b08c       0x54 ./Dave/Generated/ECAT_SSC/xmc_eschw.o
 .text.NVIC_EncodePriority
                0x0802b0e0       0x64 ./Dave/Generated/ECAT_SSC/xmc_eschw.o
 .text.XMC_ECAT_SetPortControl
                0x0802b144       0x2c ./Dave/Generated/ECAT_SSC/xmc_eschw.o
 .text.HW_EscRead
                0x0802b170       0x2c ./Dave/Generated/ECAT_SSC/xmc_eschw.o
 .text.HW_EscWrite
                0x0802b19c       0x2c ./Dave/Generated/ECAT_SSC/xmc_eschw.o
 .text.INTERRUPT_Enable
                0x0802b1c8       0x1c ./Dave/Generated/ECAT_SSC/xmc_eschw.o
 .text.INTERRUPT_Disable
                0x0802b1e4       0x1c ./Dave/Generated/ECAT_SSC/xmc_eschw.o
 .text.HW_Init  0x0802b200      0x260 ./Dave/Generated/ECAT_SSC/xmc_eschw.o
                0x0802b200                HW_Init
 .text.HW_EepromWrite
                0x0802b460       0x94 ./Dave/Generated/ECAT_SSC/xmc_eschw.o
                0x0802b460                HW_EepromWrite
 .text.HW_EepromReload
                0x0802b4f4       0x8c ./Dave/Generated/ECAT_SSC/xmc_eschw.o
                0x0802b4f4                HW_EepromReload
 .text.ECAT0_0_IRQHandler
                0x0802b580        0xc ./Dave/Generated/ECAT_SSC/xmc_eschw.o
                0x0802b580                ECAT0_0_IRQHandler
 .text.CCU41_1_IRQHandler
                0x0802b58c       0x18 ./Dave/Generated/ECAT_SSC/xmc_eschw.o
                0x0802b58c                CCU41_1_IRQHandler
 .text.ENABLE_ESC_INT
                0x0802b5a4       0x1c ./Dave/Generated/ECAT_SSC/xmc_eschw.o
                0x0802b5a4                ENABLE_ESC_INT
 .text.DISABLE_ESC_INT
                0x0802b5c0       0x40 ./Dave/Generated/ECAT_SSC/xmc_eschw.o
                0x0802b5c0                DISABLE_ESC_INT
 .text.DIGITAL_IO_Init
                0x0802b600       0x40 ./Dave/Generated/DIGITAL_IO/digital_io.o
                0x0802b600                DIGITAL_IO_Init
 .text.__NVIC_SetPriorityGrouping
                0x0802b640       0x48 ./Dave/Generated/CPU_CTRL_XMC4/cpu_ctrl_xmc4_conf.o
 .text.SystemCoreSetup
                0x0802b688       0xa0 ./Dave/Generated/CPU_CTRL_XMC4/cpu_ctrl_xmc4_conf.o
                0x0802b688                SystemCoreSetup
 .text.CLOCK_XMC4_Init
                0x0802b728       0x20 ./Dave/Generated/CLOCK_XMC4/clock_xmc4.o
                0x0802b728                CLOCK_XMC4_Init
 .text.OSCHP_GetFrequency
                0x0802b748       0x14 ./Dave/Generated/CLOCK_XMC4/clock_xmc4.o
                0x0802b748                OSCHP_GetFrequency
 .text.XMC_SCU_CLOCK_SetECATClockSource
                0x0802b75c       0x28 ./Dave/Generated/CLOCK_XMC4/clock_xmc4_conf.o
 .text.SystemCoreClockSetup
                0x0802b784       0x60 ./Dave/Generated/CLOCK_XMC4/clock_xmc4_conf.o
                0x0802b784                SystemCoreClockSetup
 .text.XMC_CAN_NODE_SetEventNodePointer
                0x0802b7e4       0x38 ./Dave/Generated/CAN_NODE/can_node.o
 .text.XMC_CAN_NODE_SetReceiveInput
                0x0802b81c       0x2c ./Dave/Generated/CAN_NODE/can_node.o
 .text.XMC_CAN_NODE_EnableLoopBack
                0x0802b848       0x20 ./Dave/Generated/CAN_NODE/can_node.o
 .text.XMC_CAN_NODE_EnableConfigurationChange
                0x0802b868       0x20 ./Dave/Generated/CAN_NODE/can_node.o
 .text.XMC_CAN_NODE_DisableConfigurationChange
                0x0802b888       0x20 ./Dave/Generated/CAN_NODE/can_node.o
 .text.XMC_CAN_NODE_SetInitBit
                0x0802b8a8       0x20 ./Dave/Generated/CAN_NODE/can_node.o
 .text.XMC_CAN_NODE_ResetInitBit
                0x0802b8c8       0x20 ./Dave/Generated/CAN_NODE/can_node.o
 .text.XMC_CAN_NODE_ReSetAnalyzerMode
                0x0802b8e8       0x20 ./Dave/Generated/CAN_NODE/can_node.o
 .text.XMC_CAN_MO_SetEventNodePointer
                0x0802b908       0x3c ./Dave/Generated/CAN_NODE/can_node.o
 .text.XMC_CAN_MO_GetStatus
                0x0802b944       0x1c ./Dave/Generated/CAN_NODE/can_node.o
 .text.XMC_CAN_MO_ResetStatus
                0x0802b960       0x1c ./Dave/Generated/CAN_NODE/can_node.o
 .text.XMC_CAN_MO_EnableEvent
                0x0802b97c       0x24 ./Dave/Generated/CAN_NODE/can_node.o
 .text.CAN_NODE_MO_EnableTxEvent
                0x0802b9a0       0x1c ./Dave/Generated/CAN_NODE/can_node.o
 .text.CAN_NODE_MO_EnableRxEvent
                0x0802b9bc       0x1c ./Dave/Generated/CAN_NODE/can_node.o
 .text.CAN_NODE_SetNodeEvents
                0x0802b9d8       0x74 ./Dave/Generated/CAN_NODE/can_node.o
 .text.CAN_NODE_SetNodePointer
                0x0802ba4c       0x68 ./Dave/Generated/CAN_NODE/can_node.o
 .text.CAN_NODE_ConfigBaudrate
                0x0802bab4       0x58 ./Dave/Generated/CAN_NODE/can_node.o
                0x0802bab4                CAN_NODE_ConfigBaudrate
 .text.CAN_NODE_MO_Init
                0x0802bb0c       0x58 ./Dave/Generated/CAN_NODE/can_node.o
                0x0802bb0c                CAN_NODE_MO_Init
 .text.CAN_NODE_MO_Transmit
                0x0802bb64       0x24 ./Dave/Generated/CAN_NODE/can_node.o
                0x0802bb64                CAN_NODE_MO_Transmit
 .text.CAN_NODE_MO_Receive
                0x0802bb88       0x24 ./Dave/Generated/CAN_NODE/can_node.o
                0x0802bb88                CAN_NODE_MO_Receive
 .text.CAN_NODE_MO_UpdateData
                0x0802bbac       0x40 ./Dave/Generated/CAN_NODE/can_node.o
                0x0802bbac                CAN_NODE_MO_UpdateData
 .text.CAN_NODE_MO_GetStatus
                0x0802bbec       0x20 ./Dave/Generated/CAN_NODE/can_node.o
                0x0802bbec                CAN_NODE_MO_GetStatus
 .text.CAN_NODE_MO_ClearStatus
                0x0802bc0c       0x1c ./Dave/Generated/CAN_NODE/can_node.o
                0x0802bc0c                CAN_NODE_MO_ClearStatus
 .text.CAN_NODE_Init
                0x0802bc28      0x148 ./Dave/Generated/CAN_NODE/can_node.o
                0x0802bc28                CAN_NODE_Init
 .text.DAVE_Init
                0x0802bd70      0x178 ./Dave/Generated/DAVE.o
                0x0802bd70                DAVE_Init
 .text.__NVIC_EnableIRQ
                0x0802bee8       0x38 ./BSP/app_init.o
 .text.__NVIC_DisableIRQ
                0x0802bf20       0x44 ./BSP/app_init.o
 .text.__NVIC_SystemReset
                0x0802bf64       0x28 ./BSP/app_init.o
 .text.INTERRUPT_Enable
                0x0802bf8c       0x1c ./BSP/app_init.o
 .text.INTERRUPT_Disable
                0x0802bfa8       0x1c ./BSP/app_init.o
 .text.ERU1_0_IRQHandler
                0x0802bfc4        0xc ./BSP/app_init.o
                0x0802bfc4                ERU1_0_IRQHandler
 .text.ERU1_3_IRQHandler
                0x0802bfd0        0xc ./BSP/app_init.o
                0x0802bfd0                ERU1_3_IRQHandler
 .text.ENABLE_ESC_INT_USER
                0x0802bfdc       0x1c ./BSP/app_init.o
                0x0802bfdc                ENABLE_ESC_INT_USER
 .text.DISABLE_ESC_INT_USER
                0x0802bff8       0x1c ./BSP/app_init.o
                0x0802bff8                DISABLE_ESC_INT_USER
 .text.App_Init
                0x0802c014       0x2c ./BSP/app_init.o
                0x0802c014                App_Init
 .text.Handle_Bootstrap_Request
                0x0802c040       0x60 ./BSP/app_init.o
                0x0802c040                Handle_Bootstrap_Request
 .text.BL_Start
                0x0802c0a0       0x14 ./BSP/bootmode.o
                0x0802c0a0                BL_Start
 .text.BL_Stop  0x0802c0b4        0xc ./BSP/bootmode.o
                0x0802c0b4                BL_Stop
 .text.XMC_GPIO_SetOutputHigh
                0x0802c0c0       0x20 ./BSP/bsp_485.o
 .text.XMC_GPIO_SetOutputLow
                0x0802c0e0       0x24 ./BSP/bsp_485.o
 .text.DIGITAL_IO_SetOutputHigh
                0x0802c104       0x20 ./BSP/bsp_485.o
 .text.DIGITAL_IO_SetOutputLow
                0x0802c124       0x20 ./BSP/bsp_485.o
 .text.XMC_USIC_CH_RXFIFO_IsEmpty
                0x0802c144       0x28 ./BSP/bsp_485.o
 .text.XMC_UART_CH_GetStatusFlag
                0x0802c16c       0x18 ./BSP/bsp_485.o
 .text.XMC_UART_CH_ClearStatusFlag
                0x0802c184       0x1c ./BSP/bsp_485.o
 .text.BSP_485_ModeSelect
                0x0802c1a0       0x1c ./BSP/bsp_485.o
                0x0802c1a0                BSP_485_ModeSelect
 .text.BSP_485_TxEnable
                0x0802c1bc       0x10 ./BSP/bsp_485.o
                0x0802c1bc                BSP_485_TxEnable
 .text.BSP_485_RxEnable
                0x0802c1cc       0x10 ./BSP/bsp_485.o
                0x0802c1cc                BSP_485_RxEnable
 .text.BSP_485_IsBaudrateValid
                0x0802c1dc       0x40 ./BSP/bsp_485.o
                0x0802c1dc                BSP_485_IsBaudrateValid
 .text.BSP_485_SetBaudrate
                0x0802c21c       0x64 ./BSP/bsp_485.o
                0x0802c21c                BSP_485_SetBaudrate
 .text.rs485_set_rs485_baud
                0x0802c280       0x58 ./BSP/bsp_485.o
                0x0802c280                rs485_set_rs485_baud
 .text.rs485_set_can_baud
                0x0802c2d8       0x68 ./BSP/bsp_485.o
                0x0802c2d8                rs485_set_can_baud
 .text.BSP_RS485_ApplyConfig
                0x0802c340       0x40 ./BSP/bsp_485.o
                0x0802c340                BSP_RS485_ApplyConfig
 .text.RS485_Send_DMA
                0x0802c380       0x88 ./BSP/bsp_485.o
 .text.RS485_SendProtocolFrame
                0x0802c408      0x11c ./BSP/bsp_485.o
                0x0802c408                RS485_SendProtocolFrame
 .text.RS485_Rx_Handler
                0x0802c524      0x230 ./BSP/bsp_485.o
                0x0802c524                RS485_Rx_Handler
 .text.RS485_Tx_DMA_Callback
                0x0802c754       0x3c ./BSP/bsp_485.o
                0x0802c754                RS485_Tx_DMA_Callback
 .text.USIC1_1_IRQHandler
                0x0802c790        0xc ./BSP/bsp_485.o
                0x0802c790                USIC1_1_IRQHandler
 .text.__NVIC_EnableIRQ
                0x0802c79c       0x38 ./BSP/bsp_can.o
 .text.__NVIC_SetPriority
                0x0802c7d4       0x54 ./BSP/bsp_can.o
 .text.XMC_GPIO_SetOutputHigh
                0x0802c828       0x20 ./BSP/bsp_can.o
 .text.XMC_GPIO_SetOutputLow
                0x0802c848       0x24 ./BSP/bsp_can.o
 .text.DIGITAL_IO_SetOutputHigh
                0x0802c86c       0x20 ./BSP/bsp_can.o
 .text.DIGITAL_IO_SetOutputLow
                0x0802c88c       0x20 ./BSP/bsp_can.o
 .text.XMC_CAN_MO_GetStatus
                0x0802c8ac       0x1c ./BSP/bsp_can.o
 .text.CAN_NODE_MO_UpdateID
                0x0802c8c8       0x1c ./BSP/bsp_can.o
 .text.BSP_CAN_ModeSelect
                0x0802c8e4       0x1c ./BSP/bsp_can.o
                0x0802c8e4                BSP_CAN_ModeSelect
 .text.BSP_CAN_Normal
                0x0802c900       0x10 ./BSP/bsp_can.o
                0x0802c900                BSP_CAN_Normal
 .text.BSP_CAN_Standby
                0x0802c910       0x10 ./BSP/bsp_can.o
                0x0802c910                BSP_CAN_Standby
 .text.BSP_120R_Enable
                0x0802c920       0x10 ./BSP/bsp_can.o
                0x0802c920                BSP_120R_Enable
 .text.BSP_120R_Disable
                0x0802c930       0x10 ./BSP/bsp_can.o
                0x0802c930                BSP_120R_Disable
 .text.BSP_CAN_IsBaudrateValid
                0x0802c940       0x40 ./BSP/bsp_can.o
                0x0802c940                BSP_CAN_IsBaudrateValid
 .text.can_set_can_baud
                0x0802c980       0xac ./BSP/bsp_can.o
                0x0802c980                can_set_can_baud
 .text.can_set_rs485_baud
                0x0802ca2c       0x9c ./BSP/bsp_can.o
                0x0802ca2c                can_set_rs485_baud
 .text.BSP_CAN_ParseDevID
                0x0802cac8       0x84 ./BSP/bsp_can.o
                0x0802cac8                BSP_CAN_ParseDevID
 .text.BSP_CAN_SetTxID
                0x0802cb4c       0x28 ./BSP/bsp_can.o
                0x0802cb4c                BSP_CAN_SetTxID
 .text.BSP_CAN_SetRxFilter
                0x0802cb74       0x38 ./BSP/bsp_can.o
                0x0802cb74                BSP_CAN_SetRxFilter
 .text.BSP_CAN_ConfigID
                0x0802cbac       0x24 ./BSP/bsp_can.o
                0x0802cbac                BSP_CAN_ConfigID
 .text.BSP_CAN_Transmit
                0x0802cbd0       0x58 ./BSP/bsp_can.o
                0x0802cbd0                BSP_CAN_Transmit
 .text.Process_Can_Rx_Frame
                0x0802cc28      0x114 ./BSP/bsp_can.o
                0x0802cc28                Process_Can_Rx_Frame
 .text.EcatCan_ForwardPdo_Modified
                0x0802cd3c       0xc4 ./BSP/bsp_can.o
                0x0802cd3c                EcatCan_ForwardPdo_Modified
 .text.Forward_MultiChannel_Obj_Auto
                0x0802ce00      0x124 ./BSP/bsp_can.o
                0x0802ce00                Forward_MultiChannel_Obj_Auto
 .text.BSP_CAN_RxHandler
                0x0802cf24       0xe8 ./BSP/bsp_can.o
                0x0802cf24                BSP_CAN_RxHandler
 .text.CAN0_0_IRQHandler
                0x0802d00c        0xc ./BSP/bsp_can.o
                0x0802d00c                CAN0_0_IRQHandler
 .text.BSP_CAN_ApplyConfig
                0x0802d018       0x68 ./BSP/bsp_can.o
                0x0802d018                BSP_CAN_ApplyConfig
 .text.CAN_Protocol_CalcPassword
                0x0802d080       0x48 ./BSP/can_protocol.o
                0x0802d080                CAN_Protocol_CalcPassword
 .text.CAN_Protocol_HandleCommand
                0x0802d0c8      0x10c ./BSP/can_protocol.o
                0x0802d0c8                CAN_Protocol_HandleCommand
 .text.CAN_Protocol_HandleGetSwVersion
                0x0802d1d4       0xe8 ./BSP/can_protocol.o
                0x0802d1d4                CAN_Protocol_HandleGetSwVersion
 .text.CAN_Protocol_HandleStartUpgrade
                0x0802d2bc       0xb8 ./BSP/can_protocol.o
                0x0802d2bc                CAN_Protocol_HandleStartUpgrade
 .text.__NVIC_EnableIRQ
                0x0802d374       0x38 ./BSP/dev_config.o
 .text.__NVIC_SetPriority
                0x0802d3ac       0x54 ./BSP/dev_config.o
 .text.__NVIC_SystemReset
                0x0802d400       0x28 ./BSP/dev_config.o
 .text.XMC_USIC_CH_RXFIFO_EnableEvent
                0x0802d428       0x24 ./BSP/dev_config.o
 .text.DeviceConfig_CalcChecksum
                0x0802d44c       0x40 ./BSP/dev_config.o
 .text.DeviceConfig_IsValid
                0x0802d48c       0x38 ./BSP/dev_config.o
 .text.SyncConfig_ToSSC
                0x0802d4c4      0x124 ./BSP/dev_config.o
                0x0802d4c4                SyncConfig_ToSSC
 .text.SyncConfig_FromSSC
                0x0802d5e8      0x16c ./BSP/dev_config.o
                0x0802d5e8                SyncConfig_FromSSC
 .text.DevConfig_Init
                0x0802d754       0x3c ./BSP/dev_config.o
                0x0802d754                DevConfig_Init
 .text.DevConfig_SaveToEEPROM
                0x0802d790       0x3c ./BSP/dev_config.o
                0x0802d790                DevConfig_SaveToEEPROM
 .text.set_master_baud
                0x0802d7cc       0xd4 ./BSP/dev_config.o
                0x0802d7cc                set_master_baud
 .text.DevConfig_OnCoeWrite
                0x0802d8a0       0xb0 ./BSP/dev_config.o
                0x0802d8a0                DevConfig_OnCoeWrite
 .text.DevConfig_RestoreDefaults
                0x0802d950       0x48 ./BSP/dev_config.o
                0x0802d950                DevConfig_RestoreDefaults
 .text.DevConfig_ApplyHardware
                0x0802d998       0x88 ./BSP/dev_config.o
                0x0802d998                DevConfig_ApplyHardware
 .text.XMC_FLASH_SetMargin
                0x0802da20       0x34 ./BSP/e_eeprom_xmc4.o
 .text.XMC_FLASH_EnableDoubleBitErrorTrap
                0x0802da54       0x28 ./BSP/e_eeprom_xmc4.o
 .text.XMC_FLASH_DisableDoubleBitErrorTrap
                0x0802da7c       0x28 ./BSP/e_eeprom_xmc4.o
 .text.XMC_FCE_InitializeSeedValue
                0x0802daa4       0x1c ./BSP/e_eeprom_xmc4.o
 .text.E_EEPROM_XMC4_Init
                0x0802dac0       0xd4 ./BSP/e_eeprom_xmc4.o
                0x0802dac0                E_EEPROM_XMC4_Init
 .text.E_EEPROM_XMC4_WriteArray
                0x0802db94       0x64 ./BSP/e_eeprom_xmc4.o
                0x0802db94                E_EEPROM_XMC4_WriteArray
 .text.E_EEPROM_XMC4_ReadArray
                0x0802dbf8       0x4c ./BSP/e_eeprom_xmc4.o
                0x0802dbf8                E_EEPROM_XMC4_ReadArray
 .text.E_EEPROM_XMC4_UpdateFlashContents
                0x0802dc44       0xa4 ./BSP/e_eeprom_xmc4.o
                0x0802dc44                E_EEPROM_XMC4_UpdateFlashContents
 .text.E_EEPROM_XMC4_IsFlashEmpty
                0x0802dce8       0x28 ./BSP/e_eeprom_xmc4.o
                0x0802dce8                E_EEPROM_XMC4_IsFlashEmpty
 .text.E_EEPROM_XMC4_lWriteToFlash
                0x0802dd10       0x7c ./BSP/e_eeprom_xmc4.o
 .text.E_EEPROM_XMC4_lInitReadSectorInfo
                0x0802dd8c       0xac ./BSP/e_eeprom_xmc4.o
 .text.E_EEPROM_XMC4_lInitEraseStateMachine
                0x0802de38       0x80 ./BSP/e_eeprom_xmc4.o
 .text.E_EEPROM_XMC4_lCalculateCRC
                0x0802deb8       0x30 ./BSP/e_eeprom_xmc4.o
 .text.E_EEPROM_XMC4_lCopyFlashToRam
                0x0802dee8       0x4c ./BSP/e_eeprom_xmc4.o
 .text.RS485_Protocol_CalcPassword
                0x0802df34       0x44 ./BSP/rs485_protocol.o
                0x0802df34                RS485_Protocol_CalcPassword
 .text.RS485_Protocol_HandleCommand
                0x0802df78      0x148 ./BSP/rs485_protocol.o
                0x0802df78                RS485_Protocol_HandleCommand
 .text.RS485_Protocol_HandleGetSwVersion
                0x0802e0c0       0xe4 ./BSP/rs485_protocol.o
                0x0802e0c0                RS485_Protocol_HandleGetSwVersion
 .text.RS485_Protocol_HandleStartUpgrade
                0x0802e1a4       0xdc ./BSP/rs485_protocol.o
                0x0802e1a4                RS485_Protocol_HandleStartUpgrade
 .text.RS485_Protocol_HandleUpgradeData
                0x0802e280       0x18 ./BSP/rs485_protocol.o
                0x0802e280                RS485_Protocol_HandleUpgradeData
 .text.RS485_Protocol_HandleUpgradeEnd
                0x0802e298       0x18 ./BSP/rs485_protocol.o
                0x0802e298                RS485_Protocol_HandleUpgradeEnd
 .text.__NVIC_SetPriority
                0x0802e2b0       0x54 ./BSP/systick.o
 .text.SysTick_Config
                0x0802e304       0x44 ./BSP/systick.o
 .text.SysTick_Handler
                0x0802e348       0x1c ./BSP/systick.o
                0x0802e348                SysTick_Handler
 .text.SysTick_Init
                0x0802e364       0x20 ./BSP/systick.o
                0x0802e364                SysTick_Init
 .text.Get_Time_Ms
                0x0802e384       0x18 ./BSP/systick.o
                0x0802e384                Get_Time_Ms
 .text.SharedConfig_CalcChecksum
                0x0802e39c       0x40 ./Application/app.o
 .text.Calc_App_Flash_CRC32
                0x0802e3dc       0xac ./Application/app.o
                0x0802e3dc                Calc_App_Flash_CRC32
 .text.App_Self_Identity_Registration
                0x0802e488       0x68 ./Application/app.o
                0x0802e488                App_Self_Identity_Registration
 .text.XMC_GPIO_ToggleOutput
                0x0802e4f0       0x24 ./main.o
 .text.DIGITAL_IO_ToggleOutput
                0x0802e514       0x20 ./main.o
 .text.App_CoeWriteInd
                0x0802e534       0x24 ./main.o
 .text.main     0x0802e558      0x15c ./main.o
                0x0802e558                main
 .text.__errno  0x0802e6b4        0xc d:/infineon/tools/dave ide/4.5.0.202105191637/eclipse/arm-gcc-49/bin/../lib/gcc/arm-none-eabi/4.9.3/../../../../arm-none-eabi/lib/armv7e-m/softfp\libg_nano.a(lib_a-errno.o)
                0x0802e6b4                __errno
 .text.__libc_init_array
                0x0802e6c0       0x4c d:/infineon/tools/dave ide/4.5.0.202105191637/eclipse/arm-gcc-49/bin/../lib/gcc/arm-none-eabi/4.9.3/../../../../arm-none-eabi/lib/armv7e-m/softfp\libg_nano.a(lib_a-init.o)
                0x0802e6c0                __libc_init_array
 .text.malloc   0x0802e70c       0x10 d:/infineon/tools/dave ide/4.5.0.202105191637/eclipse/arm-gcc-49/bin/../lib/gcc/arm-none-eabi/4.9.3/../../../../arm-none-eabi/lib/armv7e-m/softfp\libg_nano.a(lib_a-malloc.o)
                0x0802e70c                malloc
 .text.free     0x0802e71c       0x10 d:/infineon/tools/dave ide/4.5.0.202105191637/eclipse/arm-gcc-49/bin/../lib/gcc/arm-none-eabi/4.9.3/../../../../arm-none-eabi/lib/armv7e-m/softfp\libg_nano.a(lib_a-malloc.o)
                0x0802e71c                free
 .text.memcmp   0x0802e72c       0x20 d:/infineon/tools/dave ide/4.5.0.202105191637/eclipse/arm-gcc-49/bin/../lib/gcc/arm-none-eabi/4.9.3/../../../../arm-none-eabi/lib/armv7e-m/softfp\libg_nano.a(lib_a-memcmp.o)
                0x0802e72c                memcmp
 .text.memcpy   0x0802e74c       0x16 d:/infineon/tools/dave ide/4.5.0.202105191637/eclipse/arm-gcc-49/bin/../lib/gcc/arm-none-eabi/4.9.3/../../../../arm-none-eabi/lib/armv7e-m/softfp\libg_nano.a(lib_a-memcpy.o)
                0x0802e74c                memcpy
 .text.memset   0x0802e762       0x10 d:/infineon/tools/dave ide/4.5.0.202105191637/eclipse/arm-gcc-49/bin/../lib/gcc/arm-none-eabi/4.9.3/../../../../arm-none-eabi/lib/armv7e-m/softfp\libg_nano.a(lib_a-memset.o)
                0x0802e762                memset
 *fill*         0x0802e772        0x2 
 .text._free_r  0x0802e774       0x88 d:/infineon/tools/dave ide/4.5.0.202105191637/eclipse/arm-gcc-49/bin/../lib/gcc/arm-none-eabi/4.9.3/../../../../arm-none-eabi/lib/armv7e-m/softfp\libg_nano.a(lib_a-nano-freer.o)
                0x0802e774                _free_r
 .text._malloc_r
                0x0802e7fc       0xac d:/infineon/tools/dave ide/4.5.0.202105191637/eclipse/arm-gcc-49/bin/../lib/gcc/arm-none-eabi/4.9.3/../../../../arm-none-eabi/lib/armv7e-m/softfp\libg_nano.a(lib_a-nano-mallocr.o)
                0x0802e7fc                _malloc_r
 .text._sbrk_r  0x0802e8a8       0x20 d:/infineon/tools/dave ide/4.5.0.202105191637/eclipse/arm-gcc-49/bin/../lib/gcc/arm-none-eabi/4.9.3/../../../../arm-none-eabi/lib/armv7e-m/softfp\libg_nano.a(lib_a-sbrkr.o)
                0x0802e8a8                _sbrk_r
 .text.strlen   0x0802e8c8       0x10 d:/infineon/tools/dave ide/4.5.0.202105191637/eclipse/arm-gcc-49/bin/../lib/gcc/arm-none-eabi/4.9.3/../../../../arm-none-eabi/lib/armv7e-m/softfp\libg_nano.a(lib_a-strlen.o)
                0x0802e8c8                strlen
 *(.init)
 *(.fini)
 *crtbegin.o(.ctors)
 *crtbegin?.o(.ctors)
 *(EXCLUDE_FILE(*crtend.o *crtend?.o) .ctors)
 *(SORT(.ctors.*))
 *(.ctors)
 *crtbegin.o(.dtors)
 *crtbegin?.o(.dtors)
 *(EXCLUDE_FILE(*crtend.o *crtend?.o) .dtors)
 *(SORT(.dtors.*))
 *(.dtors)
 *(.rodata .rodata.*)
 .rodata.asEntryDesc0x1600
                0x0802e8d8       0xc8 ./SSC/Src/coeappl.o
                0x0802e8d8                asEntryDesc0x1600
 .rodata.aName0x1600
                0x0802e9a0      0x1b4 ./SSC/Src/coeappl.o
                0x0802e9a0                aName0x1600
 .rodata.asEntryDesc0x1601
                0x0802eb54       0x50 ./SSC/Src/coeappl.o
                0x0802eb54                asEntryDesc0x1601
 .rodata.aName0x1601
                0x0802eba4       0xb0 ./SSC/Src/coeappl.o
                0x0802eba4                aName0x1601
 .rodata.asEntryDesc0x1602
                0x0802ec54       0x50 ./SSC/Src/coeappl.o
                0x0802ec54                asEntryDesc0x1602
 .rodata.aName0x1602
                0x0802eca4       0xb0 ./SSC/Src/coeappl.o
                0x0802eca4                aName0x1602
 .rodata.asEntryDesc0x1A00
                0x0802ed54       0xc8 ./SSC/Src/coeappl.o
                0x0802ed54                asEntryDesc0x1A00
 .rodata.aName0x1A00
                0x0802ee1c      0x1b4 ./SSC/Src/coeappl.o
                0x0802ee1c                aName0x1A00
 .rodata.asEntryDesc0x1A01
                0x0802efd0       0x50 ./SSC/Src/coeappl.o
                0x0802efd0                asEntryDesc0x1A01
 .rodata.aName0x1A01
                0x0802f020       0xb0 ./SSC/Src/coeappl.o
                0x0802f020                aName0x1A01
 .rodata.asEntryDesc0x1A02
                0x0802f0d0       0x50 ./SSC/Src/coeappl.o
                0x0802f0d0                asEntryDesc0x1A02
 .rodata.aName0x1A02
                0x0802f120       0xb0 ./SSC/Src/coeappl.o
                0x0802f120                aName0x1A02
 .rodata.asEntryDesc0x1C12
                0x0802f1d0        0xc ./SSC/Src/coeappl.o
                0x0802f1d0                asEntryDesc0x1C12
 .rodata.aName0x1C12
                0x0802f1dc       0x14 ./SSC/Src/coeappl.o
                0x0802f1dc                aName0x1C12
 .rodata.asEntryDesc0x1C13
                0x0802f1f0        0xc ./SSC/Src/coeappl.o
                0x0802f1f0                asEntryDesc0x1C13
 .rodata.aName0x1C13
                0x0802f1fc       0x14 ./SSC/Src/coeappl.o
                0x0802f1fc                aName0x1C13
 .rodata.asEntryDesc0x6000
                0x0802f210       0xc8 ./SSC/Src/coeappl.o
                0x0802f210                asEntryDesc0x6000
 .rodata.aName0x6000
                0x0802f2d8      0x128 ./SSC/Src/coeappl.o
                0x0802f2d8                aName0x6000
 .rodata.asEntryDesc0x6010
                0x0802f400       0x50 ./SSC/Src/coeappl.o
                0x0802f400                asEntryDesc0x6010
 .rodata.aName0x6010
                0x0802f450       0x7c ./SSC/Src/coeappl.o
                0x0802f450                aName0x6010
 .rodata.asEntryDesc0x6020
                0x0802f4cc       0x50 ./SSC/Src/coeappl.o
                0x0802f4cc                asEntryDesc0x6020
 .rodata.aName0x6020
                0x0802f51c       0x74 ./SSC/Src/coeappl.o
                0x0802f51c                aName0x6020
 .rodata.asEntryDesc0x7000
                0x0802f590       0xc8 ./SSC/Src/coeappl.o
                0x0802f590                asEntryDesc0x7000
 .rodata.aName0x7000
                0x0802f658      0x128 ./SSC/Src/coeappl.o
                0x0802f658                aName0x7000
 .rodata.asEntryDesc0x7010
                0x0802f780       0x50 ./SSC/Src/coeappl.o
                0x0802f780                asEntryDesc0x7010
 .rodata.aName0x7010
                0x0802f7d0       0x7c ./SSC/Src/coeappl.o
                0x0802f7d0                aName0x7010
 .rodata.asEntryDesc0x7020
                0x0802f84c       0x50 ./SSC/Src/coeappl.o
                0x0802f84c                asEntryDesc0x7020
 .rodata.aName0x7020
                0x0802f89c       0x74 ./SSC/Src/coeappl.o
                0x0802f89c                aName0x7020
 .rodata.asEntryDesc0x8000
                0x0802f910       0x54 ./SSC/Src/coeappl.o
                0x0802f910                asEntryDesc0x8000
 .rodata.aName0x8000
                0x0802f964       0x70 ./SSC/Src/coeappl.o
                0x0802f964                aName0x8000
 .rodata.asEntryDesc0x9000
                0x0802f9d4       0x38 ./SSC/Src/coeappl.o
                0x0802f9d4                asEntryDesc0x9000
 .rodata.aName0x9000
                0x0802fa0c       0x44 ./SSC/Src/coeappl.o
                0x0802fa0c                aName0x9000
 .rodata.sEntryDesc0x9001
                0x0802fa50        0x8 ./SSC/Src/coeappl.o
                0x0802fa50                sEntryDesc0x9001
 .rodata.aName0x9001
                0x0802fa58       0x10 ./SSC/Src/coeappl.o
                0x0802fa58                aName0x9001
 .rodata.asEntryDesc0xF000
                0x0802fa68       0x14 ./SSC/Src/coeappl.o
                0x0802fa68                asEntryDesc0xF000
 .rodata.aName0xF000
                0x0802fa7c       0x44 ./SSC/Src/coeappl.o
                0x0802fa7c                aName0xF000
 .rodata.sEntryDesc0x1000
                0x0802fac0        0x8 ./SSC/Src/coeappl.o
                0x0802fac0                sEntryDesc0x1000
 .rodata.aName0x1000
                0x0802fac8        0xc ./SSC/Src/coeappl.o
                0x0802fac8                aName0x1000
 .rodata.sEntryDesc0x1001
                0x0802fad4        0x8 ./SSC/Src/coeappl.o
                0x0802fad4                sEntryDesc0x1001
 .rodata.aName0x1001
                0x0802fadc       0x10 ./SSC/Src/coeappl.o
                0x0802fadc                aName0x1001
 .rodata.sEntryDesc0x1008
                0x0802faec        0x8 ./SSC/Src/coeappl.o
                0x0802faec                sEntryDesc0x1008
 .rodata.aName0x1008
                0x0802faf4        0xc ./SSC/Src/coeappl.o
                0x0802faf4                aName0x1008
 .rodata.sEntryDesc0x1009
                0x0802fb00        0x8 ./SSC/Src/coeappl.o
                0x0802fb00                sEntryDesc0x1009
 .rodata.aName0x1009
                0x0802fb08       0x20 ./SSC/Src/coeappl.o
                0x0802fb08                aName0x1009
 .rodata.sEntryDesc0x100A
                0x0802fb28        0x8 ./SSC/Src/coeappl.o
                0x0802fb28                sEntryDesc0x100A
 .rodata.aName0x100A
                0x0802fb30       0x20 ./SSC/Src/coeappl.o
                0x0802fb30                aName0x100A
 .rodata.asEntryDesc0x1018
                0x0802fb50       0x20 ./SSC/Src/coeappl.o
                0x0802fb50                asEntryDesc0x1018
 .rodata.aName0x1018
                0x0802fb70       0x48 ./SSC/Src/coeappl.o
                0x0802fb70                aName0x1018
 .rodata.asEntryDesc0x10F1
                0x0802fbb8       0x14 ./SSC/Src/coeappl.o
                0x0802fbb8                asEntryDesc0x10F1
 .rodata.aName0x10F1
                0x0802fbcc       0x40 ./SSC/Src/coeappl.o
                0x0802fbcc                aName0x10F1
 .rodata.sEntryDesc0x10F8
                0x0802fc0c        0x8 ./SSC/Src/coeappl.o
                0x0802fc0c                sEntryDesc0x10F8
 .rodata.aName0x10F8
                0x0802fc14       0x14 ./SSC/Src/coeappl.o
                0x0802fc14                aName0x10F8
 .rodata.asEntryDesc0x1C00
                0x0802fc28        0xc ./SSC/Src/coeappl.o
                0x0802fc28                asEntryDesc0x1C00
 .rodata.aName0x1C00
                0x0802fc34       0x14 ./SSC/Src/coeappl.o
                0x0802fc34                aName0x1C00
 .rodata.asEntryDesc0x1C3x
                0x0802fc48       0xc8 ./SSC/Src/coeappl.o
                0x0802fc48                asEntryDesc0x1C3x
 .rodata.aName0x1C32
                0x0802fd10      0x108 ./SSC/Src/coeappl.o
                0x0802fd10                aName0x1C32
 .rodata.aName0x1C33
                0x0802fe18      0x108 ./SSC/Src/coeappl.o
                0x0802fe18                aName0x1C33
 .rodata.cBitMask
                0x0802ff20       0x20 ./SSC/Src/objdef.o
                0x0802ff20                cBitMask
 .rodata.cAbortCode
                0x0802ff40       0x78 ./SSC/Src/sdoserv.o
                0x0802ff40                cAbortCode
 .rodata.UART_485_channel_config
                0x0802ffb8        0xc ./Dave/Generated/UART/uart_conf.o
                0x0802ffb8                UART_485_channel_config
 .rodata.UART_485_tx_pin_config
                0x0802ffc4        0xc ./Dave/Generated/UART/uart_conf.o
                0x0802ffc4                UART_485_tx_pin_config
 .rodata.UART_485_tx_pin
                0x0802ffd0        0xc ./Dave/Generated/UART/uart_conf.o
                0x0802ffd0                UART_485_tx_pin
 .rodata.UART_485_tx_dma_ch_config
                0x0802ffdc       0x24 ./Dave/Generated/UART/uart_conf.o
                0x0802ffdc                UART_485_tx_dma_ch_config
 .rodata.UART_485_tx_dma_config
                0x08030000        0x8 ./Dave/Generated/UART/uart_conf.o
                0x08030000                UART_485_tx_dma_config
 .rodata.UART_485_config
                0x08030008       0x34 ./Dave/Generated/UART/uart_conf.o
                0x08030008                UART_485_config
 .rodata.UART_485_rx_pin_config
                0x0803003c        0xc ./Dave/Generated/UART/uart_conf.o
                0x0803003c                UART_485_rx_pin_config
 .rodata.INTERRUPT_0
                0x08030048        0x4 ./Dave/Generated/INTERRUPT/interrupt_conf.o
                0x08030048                INTERRUPT_0
 .rodata.INT_SYNC0
                0x0803004c        0x4 ./Dave/Generated/INTERRUPT/interrupt_conf.o
                0x0803004c                INT_SYNC0
 .rodata.INT_SYNC1
                0x08030050        0x4 ./Dave/Generated/INTERRUPT/interrupt_conf.o
                0x08030050                INT_SYNC1
 .rodata.EG_SYNC0_OGU_Config
                0x08030054        0x4 ./Dave/Generated/EVENT_GENERATOR/event_generator_conf.o
                0x08030054                EG_SYNC0_OGU_Config
 .rodata.EG_SYNC1_OGU_Config
                0x08030058        0x4 ./Dave/Generated/EVENT_GENERATOR/event_generator_conf.o
                0x08030058                EG_SYNC1_OGU_Config
 .rodata.ED_SYNC0_ETL_Config
                0x0803005c        0x8 ./Dave/Generated/EVENT_DETECTOR/event_detector_conf.o
                0x0803005c                ED_SYNC0_ETL_Config
 .rodata.ED_SYNC1_ETL_Config
                0x08030064        0x8 ./Dave/Generated/EVENT_DETECTOR/event_detector_conf.o
                0x08030064                ED_SYNC1_ETL_Config
 .rodata.ECAT_SSC_0
                0x0803006c        0xc ./Dave/Generated/ECAT_SSC/ecat_ssc_conf.o
                0x0803006c                ECAT_SSC_0
 .rodata.DRV_EN5
                0x08030078       0x14 ./Dave/Generated/DIGITAL_IO/digital_io_conf.o
                0x08030078                DRV_EN5
 .rodata.FAULTN5
                0x0803008c       0x14 ./Dave/Generated/DIGITAL_IO/digital_io_conf.o
                0x0803008c                FAULTN5
 .rodata.LED    0x080300a0       0x14 ./Dave/Generated/DIGITAL_IO/digital_io_conf.o
                0x080300a0                LED
 .rodata.UART1_RS485_DE
                0x080300b4       0x14 ./Dave/Generated/DIGITAL_IO/digital_io_conf.o
                0x080300b4                UART1_RS485_DE
 .rodata.CAN_STB
                0x080300c8       0x14 ./Dave/Generated/DIGITAL_IO/digital_io_conf.o
                0x080300c8                CAN_STB
 .rodata.CTRLA_L_B
                0x080300dc       0x14 ./Dave/Generated/DIGITAL_IO/digital_io_conf.o
                0x080300dc                CTRLA_L_B
 .rodata.CTRLB_H_A
                0x080300f0       0x14 ./Dave/Generated/DIGITAL_IO/digital_io_conf.o
                0x080300f0                CTRLB_H_A
 .rodata.CTRL_120R
                0x08030104       0x14 ./Dave/Generated/DIGITAL_IO/digital_io_conf.o
                0x08030104                CTRL_120R
 .rodata        0x08030118       0x14 ./Dave/Generated/CLOCK_XMC4/clock_xmc4_conf.o
 .rodata.CAN_NODE_0_gpio_out
                0x0803012c        0x8 ./Dave/Generated/CAN_NODE/can_node_conf.o
 .rodata.CAN_NODE_0_gpio_out_config
                0x08030134        0xc ./Dave/Generated/CAN_NODE/can_node_conf.o
 .rodata.CAN_NODE_0_gpio_in
                0x08030140        0x8 ./Dave/Generated/CAN_NODE/can_node_conf.o
 .rodata.CAN_NODE_0_gpio_in_config
                0x08030148        0xc ./Dave/Generated/CAN_NODE/can_node_conf.o
 .rodata.CAN_NODE_0_BitTimeConfig
                0x08030154        0xc ./Dave/Generated/CAN_NODE/can_node_conf.o
 .rodata.CAN_NODE_0_sr
                0x08030160        0x4 ./Dave/Generated/CAN_NODE/can_node_conf.o
 .rodata.CAN_NODE_0_LMO_01_Config
                0x08030164        0xc ./Dave/Generated/CAN_NODE/can_node_conf.o
                0x08030164                CAN_NODE_0_LMO_01_Config
 .rodata.CAN_NODE_0_LMO_02_Config
                0x08030170        0xc ./Dave/Generated/CAN_NODE/can_node_conf.o
                0x08030170                CAN_NODE_0_LMO_02_Config
 .rodata.CAN_NODE_0
                0x0803017c       0xa8 ./Dave/Generated/CAN_NODE/can_node_conf.o
                0x0803017c                CAN_NODE_0
 .rodata.s_485Baudrates
                0x08030224       0x50 ./BSP/bsp_485.o
 .rodata.__compound_literal.0
                0x08030274        0x4 ./BSP/bsp_can.o
 .rodata.CAN_SUPPORTED_BAUDRATES
                0x08030278       0x40 ./BSP/bsp_can.o
                0x08030278                CAN_SUPPORTED_BAUDRATES
 .rodata.g_DefaultConfig
                0x080302b8       0xa4 ./BSP/dev_config.o
 .rodata.e_eeprom_xmc4_fce
                0x0803035c        0xc ./BSP/e_eeprom_xmc4.o
 .rodata.str1.1
                0x08030368        0x2 d:/infineon/tools/dave ide/4.5.0.202105191637/eclipse/arm-gcc-49/bin/../lib/gcc/arm-none-eabi/4.9.3/../../../../arm-none-eabi/lib/armv7e-m/softfp\libg_nano.a(lib_a-impure.o)
 *(.gnu.linkonce.r*)
 *(vtable)
                0x0803036c                . = ALIGN (0x4)
 *fill*         0x0803036a        0x2 

.glue_7         0x0803036c        0x0 load address 0x0c03036c
 .glue_7        0x00000000        0x0 linker stubs

.glue_7t        0x0803036c        0x0 load address 0x0c03036c
 .glue_7t       0x00000000        0x0 linker stubs

.vfp11_veneer   0x0803036c        0x0 load address 0x0c03036c
 .vfp11_veneer  0x00000000        0x0 linker stubs

.v4_bx          0x0803036c        0x0 load address 0x0c03036c
 .v4_bx         0x00000000        0x0 linker stubs

.iplt           0x0803036c        0x0 load address 0x0c03036c
 .iplt          0x00000000        0x0 ./User/Src/firmwareupdate_SSC.o

.rel.dyn        0x0803036c        0x0 load address 0x0c03036c
 .rel.iplt      0x00000000        0x0 ./User/Src/firmwareupdate_SSC.o

.eh_frame_hdr
 *(.eh_frame_hdr)

.eh_frame
 *(.eh_frame)

.ARM.extab
 *(.ARM.extab* .gnu.linkonce.armextab.*)
                0x0803036c                . = ALIGN (0x4)
                0x0803036c                __exidx_start = .

.ARM.exidx
 *(.ARM.exidx* .gnu.linkonce.armexidx.*)
                0x0803036c                __exidx_end = .
                0x0803036c                . = ALIGN (0x4)

Stack           0x1ffe8000      0x800
                0x1ffe8000                __stack_start = .
                0x1ffe8800                . = (. + stack_size)
 *fill*         0x1ffe8000      0x800 
                0x1ffe8800                __stack_end = .
                0x1ffe8800                __initial_sp = .

.ram_code       0x1ffe8800        0x0 load address 0x0c03036c
                0x1ffe8800                . = ALIGN (0x4)
                0x1ffe8800                __ram_code_start = .
 *(.ram_code)
                0x1ffe8800                . = ALIGN (0x4)
                0x1ffe8800                __ram_code_end = .
                0x0c03036c                __ram_code_load = LOADADDR (.ram_code)
                0x00000000                __ram_code_size = (__ram_code_end - __ram_code_start)

.data           0x1ffe8800     0x191c load address 0x0c03036c
                0x1ffe8800                . = ALIGN (0x4)
                0x1ffe8800                __data_start = .
 *(.data)
 *(.data*)
 .data.g_nResetCountdown
                0x1ffe8800        0x4 ./User/Src/firmwareupdate_SSC.o
                0x1ffe8800                g_nResetCountdown
 .data.ApplicationObjDic
                0x1ffe8804      0x2f8 ./SSC/Src/coeappl.o
                0x1ffe8804                ApplicationObjDic
 .data.u32Devicetype
                0x1ffe8afc        0x4 ./SSC/Src/coeappl.o
                0x1ffe8afc                u32Devicetype
 .data.acDevicename
                0x1ffe8b00        0xc ./SSC/Src/coeappl.o
                0x1ffe8b00                acDevicename
 .data.acHardwareversion
                0x1ffe8b0c        0x8 ./SSC/Src/coeappl.o
                0x1ffe8b0c                acHardwareversion
 .data.acSoftwareversion
                0x1ffe8b14        0x8 ./SSC/Src/coeappl.o
                0x1ffe8b14                acSoftwareversion
 .data.sIdentity
                0x1ffe8b1c       0x14 ./SSC/Src/coeappl.o
                0x1ffe8b1c                sIdentity
 .data.sSyncmanagertype
                0x1ffe8b30        0x8 ./SSC/Src/coeappl.o
                0x1ffe8b30                sSyncmanagertype
 .data.GenObjDic
                0x1ffe8b38      0x1e0 ./SSC/Src/coeappl.o
                0x1ffe8b38                GenObjDic
 .data.aEepromData
                0x1ffe8d18      0x900 ./SSC/Src/ecatappl.o
                0x1ffe8d18                aEepromData
 .data.sErrorSettings
                0x1ffe9618        0xc ./SSC/Src/objdef.o
                0x1ffe9618                sErrorSettings
 .data.aSubindexDesc
                0x1ffe9624       0x10 ./SSC/Src/objdef.o
                0x1ffe9624                aSubindexDesc
 .data.Rxpdo16Mapping0x1600
                0x1ffe9634       0x84 ./SSC/Src/ryhand.o
                0x1ffe9634                Rxpdo16Mapping0x1600
 .data.Rxpdo6Mapping0x1601
                0x1ffe96b8       0x34 ./SSC/Src/ryhand.o
                0x1ffe96b8                Rxpdo6Mapping0x1601
 .data.RxpdoTSMapping0x1602
                0x1ffe96ec       0x34 ./SSC/Src/ryhand.o
                0x1ffe96ec                RxpdoTSMapping0x1602
 .data.Txpdo16Mapping0x1A00
                0x1ffe9720       0x84 ./SSC/Src/ryhand.o
                0x1ffe9720                Txpdo16Mapping0x1A00
 .data.Txpdo6Mapping0x1A01
                0x1ffe97a4       0x34 ./SSC/Src/ryhand.o
                0x1ffe97a4                Txpdo6Mapping0x1A01
 .data.TxpdoTSMapping0x1A02
                0x1ffe97d8       0x34 ./SSC/Src/ryhand.o
                0x1ffe97d8                TxpdoTSMapping0x1A02
 .data.sRxPDOassign
                0x1ffe980c        0x8 ./SSC/Src/ryhand.o
                0x1ffe980c                sRxPDOassign
 .data.sTxPDOassign
                0x1ffe9814        0x8 ./SSC/Src/ryhand.o
                0x1ffe9814                sTxPDOassign
 .data.Txpdo160x6000
                0x1ffe981c      0x1a4 ./SSC/Src/ryhand.o
                0x1ffe981c                Txpdo160x6000
 .data.Txpdo60x6010
                0x1ffe99c0       0xa0 ./SSC/Src/ryhand.o
                0x1ffe99c0                Txpdo60x6010
 .data.Txpdo_TS0x6020
                0x1ffe9a60       0xd0 ./SSC/Src/ryhand.o
                0x1ffe9a60                Txpdo_TS0x6020