Archive member included because of file (symbol)

d:/infineon/tools/dave ide/4.5.0.202105191637/eclipse/arm-gcc-49/bin/../lib/gcc/arm-none-eabi/4.9.3/armv7e-m/softfp\libgcc.a(_aeabi_uldivmod.o)
                              ./Dave/Generated/TIMER/timer.o (__aeabi_uldivmod)
d:/infineon/tools/dave ide/4.5.0.202105191637/eclipse/arm-gcc-49/bin/../lib/gcc/arm-none-eabi/4.9.3/armv7e-m/softfp\libgcc.a(bpabi.o)
                              d:/infineon/tools/dave ide/4.5.0.202105191637/eclipse/arm-gcc-49/bin/../lib/gcc/arm-none-eabi/4.9.3/armv7e-m/softfp\libgcc.a(_aeabi_uldivmod.o) (__gnu_uldivmod_helper)
d:/infineon/tools/dave ide/4.5.0.202105191637/eclipse/arm-gcc-49/bin/../lib/gcc/arm-none-eabi/4.9.3/armv7e-m/softfp\libgcc.a(_dvmd_tls.o)
                              d:/infineon/tools/dave ide/4.5.0.202105191637/eclipse/arm-gcc-49/bin/../lib/gcc/arm-none-eabi/4.9.3/armv7e-m/softfp\libgcc.a(_aeabi_uldivmod.o) (__aeabi_ldiv0)
d:/infineon/tools/dave ide/4.5.0.202105191637/eclipse/arm-gcc-49/bin/../lib/gcc/arm-none-eabi/4.9.3/armv7e-m/softfp\libgcc.a(_divdi3.o)
                              d:/infineon/tools/dave ide/4.5.0.202105191637/eclipse/arm-gcc-49/bin/../lib/gcc/arm-none-eabi/4.9.3/armv7e-m/softfp\libgcc.a(bpabi.o) (__divdi3)
d:/infineon/tools/dave ide/4.5.0.202105191637/eclipse/arm-gcc-49/bin/../lib/gcc/arm-none-eabi/4.9.3/armv7e-m/softfp\libgcc.a(_udivdi3.o)
                              d:/infineon/tools/dave ide/4.5.0.202105191637/eclipse/arm-gcc-49/bin/../lib/gcc/arm-none-eabi/4.9.3/armv7e-m/softfp\libgcc.a(bpabi.o) (__udivdi3)
d:/infineon/tools/dave ide/4.5.0.202105191637/eclipse/arm-gcc-49/bin/../lib/gcc/arm-none-eabi/4.9.3/../../../../arm-none-eabi/lib/armv7e-m/softfp\libg_nano.a(lib_a-errno.o)
                              ./Libraries/Newlib/syscalls.o (__errno)
d:/infineon/tools/dave ide/4.5.0.202105191637/eclipse/arm-gcc-49/bin/../lib/gcc/arm-none-eabi/4.9.3/../../../../arm-none-eabi/lib/armv7e-m/softfp\libg_nano.a(lib_a-impure.o)
                              d:/infineon/tools/dave ide/4.5.0.202105191637/eclipse/arm-gcc-49/bin/../lib/gcc/arm-none-eabi/4.9.3/../../../../arm-none-eabi/lib/armv7e-m/softfp\libg_nano.a(lib_a-errno.o) (_impure_ptr)
d:/infineon/tools/dave ide/4.5.0.202105191637/eclipse/arm-gcc-49/bin/../lib/gcc/arm-none-eabi/4.9.3/../../../../arm-none-eabi/lib/armv7e-m/softfp\libg_nano.a(lib_a-init.o)
                              ./Startup/startup_XMC4300.o (__libc_init_array)
d:/infineon/tools/dave ide/4.5.0.202105191637/eclipse/arm-gcc-49/bin/../lib/gcc/arm-none-eabi/4.9.3/../../../../arm-none-eabi/lib/armv7e-m/softfp\libg_nano.a(lib_a-malloc.o)
                              ./SSC/Src/ecatcoe.o (malloc)
d:/infineon/tools/dave ide/4.5.0.202105191637/eclipse/arm-gcc-49/bin/../lib/gcc/arm-none-eabi/4.9.3/../../../../arm-none-eabi/lib/armv7e-m/softfp\libg_nano.a(lib_a-memcmp.o)
                              ./BSP/e_eeprom_xmc4.o (memcmp)
d:/infineon/tools/dave ide/4.5.0.202105191637/eclipse/arm-gcc-49/bin/../lib/gcc/arm-none-eabi/4.9.3/../../../../arm-none-eabi/lib/armv7e-m/softfp\libg_nano.a(lib_a-memcpy.o)
                              ./User/Src/firmwareupdate_SSC.o (memcpy)
d:/infineon/tools/dave ide/4.5.0.202105191637/eclipse/arm-gcc-49/bin/../lib/gcc/arm-none-eabi/4.9.3/../../../../arm-none-eabi/lib/armv7e-m/softfp\libg_nano.a(lib_a-memset.o)
                              ./User/Src/firmwareupdate_SSC.o (memset)
d:/infineon/tools/dave ide/4.5.0.202105191637/eclipse/arm-gcc-49/bin/../lib/gcc/arm-none-eabi/4.9.3/../../../../arm-none-eabi/lib/armv7e-m/softfp\libg_nano.a(lib_a-nano-freer.o)
                              d:/infineon/tools/dave ide/4.5.0.202105191637/eclipse/arm-gcc-49/bin/../lib/gcc/arm-none-eabi/4.9.3/../../../../arm-none-eabi/lib/armv7e-m/softfp\libg_nano.a(lib_a-malloc.o) (_free_r)
d:/infineon/tools/dave ide/4.5.0.202105191637/eclipse/arm-gcc-49/bin/../lib/gcc/arm-none-eabi/4.9.3/../../../../arm-none-eabi/lib/armv7e-m/softfp\libg_nano.a(lib_a-nano-mallocr.o)
                              d:/infineon/tools/dave ide/4.5.0.202105191637/eclipse/arm-gcc-49/bin/../lib/gcc/arm-none-eabi/4.9.3/../../../../arm-none-eabi/lib/armv7e-m/softfp\libg_nano.a(lib_a-malloc.o) (_malloc_r)
d:/infineon/tools/dave ide/4.5.0.202105191637/eclipse/arm-gcc-49/bin/../lib/gcc/arm-none-eabi/4.9.3/../../../../arm-none-eabi/lib/armv7e-m/softfp\libg_nano.a(lib_a-sbrkr.o)
                              d:/infineon/tools/dave ide/4.5.0.202105191637/eclipse/arm-gcc-49/bin/../lib/gcc/arm-none-eabi/4.9.3/../../../../arm-none-eabi/lib/armv7e-m/softfp\libg_nano.a(lib_a-nano-mallocr.o) (_sbrk_r)
d:/infineon/tools/dave ide/4.5.0.202105191637/eclipse/arm-gcc-49/bin/../lib/gcc/arm-none-eabi/4.9.3/../../../../arm-none-eabi/lib/armv7e-m/softfp\libg_nano.a(lib_a-strlen.o)
                              ./SSC/Src/objdef.o (strlen)
d:/infineon/tools/dave ide/4.5.0.202105191637/eclipse/arm-gcc-49/bin/../lib/gcc/arm-none-eabi/4.9.3/../../../../arm-none-eabi/lib/armv7e-m/softfp\libg_nano.a(lib_a-reent.o)
[...]
Memory Configuration

Name             Origin             Length             Attributes
FLASH_1_cached   0x08000000         0x00018000         xr
FLASH_1_uncached 0x0c000000         0x00018000         xr
PSRAM_1          0x1ffe8000         0x00010000         !xr
DSRAM_1_system   0x20000000         0x00010000         !xr
SRAM_combined    0x1ffe8000         0x00020000         !xr
*default*        0x00000000         0xffffffff

Linker script and memory map

LOAD ./User/Src/firmwareupdate_SSC.o
LOAD ./Startup/startup_XMC4300.o
LOAD ./Startup/system_XMC4300.o
LOAD ./SSC/Src/coeappl.o
LOAD ./SSC/Src/ecatappl.o
LOAD ./SSC/Src/ecatcoe.o
LOAD ./SSC/Src/ecatfoe.o
LOAD ./SSC/Src/ecatslv.o
LOAD ./SSC/Src/mailbox.o
LOAD ./SSC/Src/objdef.o
LOAD ./SSC/Src/ryhand.o
LOAD ./SSC/Src/sdoserv.o
LOAD ./Libraries/XMCLib/src/xmc4_eru.o
LOAD ./Libraries/XMCLib/src/xmc4_flash.o
LOAD ./Libraries/XMCLib/src/xmc4_gpio.o
LOAD ./Libraries/XMCLib/src/xmc4_rtc.o
LOAD ./Libraries/XMCLib/src/xmc4_scu.o
LOAD ./Libraries/XMCLib/src/xmc_can.o
LOAD ./Libraries/XMCLib/src/xmc_ccu4.o
LOAD ./Libraries/XMCLib/src/xmc_ccu8.o
LOAD ./Libraries/XMCLib/src/xmc_common.o
LOAD ./Libraries/XMCLib/src/xmc_dac.o
LOAD ./Libraries/XMCLib/src/xmc_dma.o
LOAD ./Libraries/XMCLib/src/xmc_dsd.o
LOAD ./Libraries/XMCLib/src/xmc_ebu.o
LOAD ./Libraries/XMCLib/src/xmc_ecat.o
LOAD ./Libraries/XMCLib/src/xmc_eru.o
LOAD ./Libraries/XMCLib/src/xmc_eth_mac.o
LOAD ./Libraries/XMCLib/src/xmc_eth_phy_dp83848.o
LOAD ./Libraries/XMCLib/src/xmc_eth_phy_ksz8031rnl.o
LOAD ./Libraries/XMCLib/src/xmc_eth_phy_ksz8081rnb.o
LOAD ./Libraries/XMCLib/src/xmc_fce.o
LOAD ./Libraries/XMCLib/src/xmc_gpio.o
LOAD ./Libraries/XMCLib/src/xmc_hrpwm.o
LOAD ./Libraries/XMCLib/src/xmc_i2c.o
LOAD ./Libraries/XMCLib/src/xmc_i2s.o
LOAD ./Libraries/XMCLib/src/xmc_ledts.o
LOAD ./Libraries/XMCLib/src/xmc_posif.o
LOAD ./Libraries/XMCLib/src/xmc_rtc.o
LOAD ./Libraries/XMCLib/src/xmc_sdmmc.o
LOAD ./Libraries/XMCLib/src/xmc_spi.o
LOAD ./Libraries/XMCLib/src/xmc_uart.o
LOAD ./Libraries/XMCLib/src/xmc_usbd.o
LOAD ./Libraries/XMCLib/src/xmc_usbh.o
LOAD ./Libraries/XMCLib/src/xmc_usic.o
LOAD ./Libraries/XMCLib/src/xmc_vadc.o
LOAD ./Libraries/XMCLib/src/xmc_wdt.o
LOAD ./Libraries/Newlib/syscalls.o
LOAD ./Dave/Generated/UART/uart.o
LOAD ./Dave/Generated/UART/uart_conf.o
LOAD ./Dave/Generated/TIMER/timer.o
LOAD ./Dave/Generated/TIMER/timer_conf.o
LOAD ./Dave/Generated/INTERRUPT/interrupt.o
LOAD ./Dave/Generated/INTERRUPT/interrupt_conf.o
LOAD ./Dave/Generated/GLOBAL_DMA/global_dma.o
LOAD ./Dave/Generated/GLOBAL_DMA/global_dma_conf.o
LOAD ./Dave/Generated/GLOBAL_CCU4/global_ccu4.o
LOAD ./Dave/Generated/GLOBAL_CCU4/global_ccu4_conf.o
LOAD ./Dave/Generated/GLOBAL_CAN/global_can.o
LOAD ./Dave/Generated/GLOBAL_CAN/global_can_conf.o
LOAD ./Dave/Generated/E_EEPROM_XMC4/e_eeprom_xmc4_conf.o
LOAD ./Dave/Generated/EVENT_GENERATOR/event_generator.o
LOAD ./Dave/Generated/EVENT_GENERATOR/event_generator_conf.o
LOAD ./Dave/Generated/EVENT_DETECTOR/event_detector.o
LOAD ./Dave/Generated/EVENT_DETECTOR/event_detector_conf.o
LOAD ./Dave/Generated/ECAT_SSC/ecat_ssc.o
LOAD ./Dave/Generated/ECAT_SSC/ecat_ssc_conf.o
LOAD ./Dave/Generated/ECAT_SSC/xmc_eschw.o
LOAD ./Dave/Generated/DIGITAL_IO/digital_io.o
LOAD ./Dave/Generated/DIGITAL_IO/digital_io_conf.o
LOAD ./Dave/Generated/CPU_CTRL_XMC4/cpu_ctrl_xmc4.o
LOAD ./Dave/Generated/CPU_CTRL_XMC4/cpu_ctrl_xmc4_conf.o
LOAD ./Dave/Generated/CLOCK_XMC4/clock_xmc4.o
LOAD ./Dave/Generated/CLOCK_XMC4/clock_xmc4_conf.o
LOAD ./Dave/Generated/CAN_NODE/can_node.o
LOAD ./Dave/Generated/CAN_NODE/can_node_conf.o
LOAD ./Dave/Generated/DAVE.o
LOAD ./BSP/boot_init.o
LOAD ./BSP/bootmode.o
LOAD ./BSP/bsp_485.o
LOAD ./BSP/bsp_can.o
LOAD ./BSP/can_protocol.o
LOAD ./BSP/dev_config.o
LOAD ./BSP/e_eeprom_xmc4.o
LOAD ./BSP/rs485_protocol.o
LOAD ./BSP/systick.o
LOAD ./Application/User_FoE_Impl.o
LOAD ./Application/ecat_callback.o
LOAD ./main.o
LOAD d:/infineon/tools/dave ide/4.5.0.202105191637/eclipse/arm-gcc-49/bin/../lib/gcc/arm-none-eabi/4.9.3/../../../../arm-none-eabi/lib/armv7e-m/softfp\libm.a
START GROUP
LOAD d:/infineon/tools/dave ide/4.5.0.202105191637/eclipse/arm-gcc-49/bin/../lib/gcc/arm-none-eabi/4.9.3/armv7e-m/softfp\libgcc.a
LOAD d:/infineon/tools/dave ide/4.5.0.202105191637/eclipse/arm-gcc-49/bin/../lib/gcc/arm-none-eabi/4.9.3/../../../../arm-none-eabi/lib/armv7e-m/softfp\libg_nano.a
LOAD d:/infineon/tools/dave ide/4.5.0.202105191637/eclipse/arm-gcc-49/bin/../lib/gcc/arm-none-eabi/4.9.3/../../../../arm-none-eabi/lib/armv7e-m/softfp\libc_nano.a
END GROUP
START GROUP
LOAD d:/infineon/tools/dave ide/4.5.0.202105191637/eclipse/arm-gcc-49/bin/../lib/gcc/arm-none-eabi/4.9.3/armv7e-m/softfp\libgcc.a
LOAD d:/infineon/tools/dave ide/4.5.0.202105191637/eclipse/arm-gcc-49/bin/../lib/gcc/arm-none-eabi/4.9.3/../../../../arm-none-eabi/lib/armv7e-m/softfp\libc_nano.a
LOAD d:/infineon/tools/dave ide/4.5.0.202105191637/eclipse/arm-gcc-49/bin/../lib/gcc/arm-none-eabi/4.9.3/../../../../arm-none-eabi/lib/armv7e-m/softfp\libnosys.a
END GROUP
START GROUP
LOAD d:/infineon/tools/dave ide/4.5.0.202105191637/eclipse/arm-gcc-49/bin/../lib/gcc/arm-none-eabi/4.9.3/armv7e-m/softfp\libgcc.a
LOAD d:/infineon/tools/dave ide/4.5.0.202105191637/eclipse/arm-gcc-49/bin/../lib/gcc/arm-none-eabi/4.9.3/../../../../arm-none-eabi/lib/armv7e-m/softfp\libc_nano.a
LOAD d:/infineon/tools/dave ide/4.5.0.202105191637/eclipse/arm-gcc-49/bin/../lib/gcc/arm-none-eabi/4.9.3/../../../../arm-none-eabi/lib/armv7e-m/softfp\libnosys.a
END GROUP
                0x00000800                stack_size = DEFINED (stack_size)?stack_size:0x800
                0x00000040                no_init_size = 0x40

.reset          0x08000000      0x300 load address 0x0c000000
 *(.reset)
 .reset         0x08000000      0x29c ./Startup/startup_XMC4300.o
                0x08000000                __Vectors
                0x08000200                Reset_Handler
                0x08000298                DebugMon_Handler
                0x08000298                VADC0_C0_0_IRQHandler
                0x08000298                CAN0_4_IRQHandler
                0x08000298                USIC0_5_IRQHandler
                0x08000298                HardFault_Handler
                0x08000298                VADC0_G1_1_IRQHandler
                0x08000298                PendSV_Handler
                0x08000298                NMI_Handler
                0x08000298                USIC1_3_IRQHandler
                0x08000298                CCU40_2_IRQHandler
                0x08000298                SCU_0_IRQHandler
                0x08000298                ERU0_0_IRQHandler
                0x08000298                CCU41_0_IRQHandler
                0x08000298                USIC1_5_IRQHandler
                0x08000298                CCU80_1_IRQHandler
                0x08000298                UsageFault_Handler
                0x08000298                USIC0_0_IRQHandler
                0x08000298                ERU0_2_IRQHandler
                0x08000298                ERU1_1_IRQHandler
                0x08000298                ERU0_3_IRQHandler
                0x08000298                VADC0_C0_3_IRQHandler
                0x08000298                CAN0_6_IRQHandler
                0x08000298                VADC0_G0_1_IRQHandler
                0x08000298                CCU40_0_IRQHandler
                0x08000298                Default_Handler
                0x08000298                USIC1_4_IRQHandler
                0x08000298                VADC0_G0_0_IRQHandler
                0x08000298                CCU80_3_IRQHandler
                0x08000298                CCU41_3_IRQHandler
                0x08000298                CCU80_2_IRQHandler
                0x08000298                VADC0_G1_3_IRQHandler
                0x08000298                VADC0_G0_3_IRQHandler
                0x08000298                PMU0_0_IRQHandler
                0x08000298                CAN0_7_IRQHandler
                0x08000298                CCU41_2_IRQHandler
                0x08000298                VADC0_C0_1_IRQHandler
                0x08000298                MemManage_Handler
                0x08000298                DAC0_0_IRQHandler
                0x08000298                SVC_Handler
                0x08000298                ERU1_2_IRQHandler
                0x08000298                VADC0_G1_2_IRQHandler
                0x08000298                CAN0_2_IRQHandler
                0x08000298                VADC0_G0_2_IRQHandler
                0x08000298                CAN0_3_IRQHandler
                0x08000298                ETH0_0_IRQHandler
                0x08000298                USIC0_3_IRQHandler
                0x08000298                VADC0_C0_2_IRQHandler
                0x08000298                FCE0_0_IRQHandler
                0x08000298                VADC0_G1_0_IRQHandler
                0x08000298                USB0_0_IRQHandler
                0x08000298                CAN0_5_IRQHandler
                0x08000298                CCU80_0_IRQHandler
                0x08000298                CCU40_1_IRQHandler
                0x08000298                USIC0_1_IRQHandler
                0x08000298                CCU40_3_IRQHandler
                0x08000298                BusFault_Handler
                0x08000298                LEDTS0_0_IRQHandler
                0x08000298                USIC0_4_IRQHandler
                0x08000298                ERU0_1_IRQHandler
                0x08000298                USIC1_2_IRQHandler
                0x08000298                SDMMC0_0_IRQHandler
                0x08000298                CAN0_1_IRQHandler
                0x08000298                USIC0_2_IRQHandler
                0x08000298                DAC0_1_IRQHandler
                0x08000300                . = ALIGN (0x100)
 *fill*         0x0800029c       0x64 ff

.text           0x08000300    0x106cc load address 0x0c000300
                0x08000300                sText = .
 *(.text .text.* .gnu.linkonce.t.*)
 .text.__NVIC_SystemReset
                0x08000300       0x28 ./User/Src/firmwareupdate_SSC.o
 .text.XMC_PREFETCH_InvalidateInstructionBuffer
                0x08000328       0x38 ./User/Src/firmwareupdate_SSC.o
 .text.XMC_GPIO_SetOutputHigh
                0x08000360       0x20 ./User/Src/firmwareupdate_SSC.o
 .text.DIGITAL_IO_SetOutputHigh
                0x08000380       0x20 ./User/Src/firmwareupdate_SSC.o
 .text.FWUPDATE_StartDownload
                0x080003a0       0x78 ./User/Src/firmwareupdate_SSC.o
                0x080003a0                FWUPDATE_StartDownload
 .text.FWUPDATE_FIFO_Init
                0x08000418       0x30 ./User/Src/firmwareupdate_SSC.o
                0x08000418                FWUPDATE_FIFO_Init
 .text.FWUPDATE_FIFO_Write
                0x08000448       0xcc ./User/Src/firmwareupdate_SSC.o
                0x08000448                FWUPDATE_FIFO_Write
 .text.FWUPDATE_FIFO_Flush
                0x08000514       0x68 ./User/Src/firmwareupdate_SSC.o
                0x08000514                FWUPDATE_FIFO_Flush
 .text.FWUPDATE_SDO_Finish_New
                0x0800057c       0x60 ./User/Src/firmwareupdate_SSC.o
                0x0800057c                FWUPDATE_SDO_Finish_New
 .text.SDO_WriteCallback
                0x080005dc      0x1fc ./User/Src/firmwareupdate_SSC.o
                0x080005dc                SDO_WriteCallback
 .text.FOE_CheckAndPerformReset
                0x080007d8       0x68 ./User/Src/firmwareupdate_SSC.o
                0x080007d8                FOE_CheckAndPerformReset
 .text.FOE_ProcessEraseState
                0x08000840       0x68 ./User/Src/firmwareupdate_SSC.o
                0x08000840                FOE_ProcessEraseState
 .text.FOE_SendStatusFeedback
                0x080008a8       0x60 ./User/Src/firmwareupdate_SSC.o
 .text.SystemInit
                0x08000908       0x20 ./Startup/system_XMC4300.o
                0x08000908                SystemInit
 .text.SystemCoreClockUpdate
                0x08000928       0xd4 ./Startup/system_XMC4300.o
                0x08000928                SystemCoreClockUpdate
 .text.HW_EscRead
                0x080009fc       0x2c ./SSC/Src/coeappl.o
 .text.Read0x10F8
                0x08000a28       0x5c ./SSC/Src/coeappl.o
                0x08000a28                Read0x10F8
 .text.COE_SyncTimeStamp
                0x08000a84       0x9c ./SSC/Src/coeappl.o
                0x08000a84                COE_SyncTimeStamp
 .text.COE_GetObjectDictionary
                0x08000b20       0x18 ./SSC/Src/coeappl.o
                0x08000b20                COE_GetObjectDictionary
 .text.COE_UpdateSyncErrorStatus
                0x08000b38       0x64 ./SSC/Src/coeappl.o
                0x08000b38                COE_UpdateSyncErrorStatus
 .text.COE_ObjInit
                0x08000b9c      0x158 ./SSC/Src/coeappl.o
                0x08000b9c                COE_ObjInit
 .text.COE_AddObjectToDic
                0x08000cf4       0xe8 ./SSC/Src/coeappl.o
                0x08000cf4                COE_AddObjectToDic
 .text.COE_RemoveDicEntry
                0x08000ddc       0x80 ./SSC/Src/coeappl.o
                0x08000ddc                COE_RemoveDicEntry
 .text.COE_ClearObjDictionary
                0x08000e5c       0x3c ./SSC/Src/coeappl.o
                0x08000e5c                COE_ClearObjDictionary
 .text.AddObjectsToObjDictionary
                0x08000e98       0x44 ./SSC/Src/coeappl.o
                0x08000e98                AddObjectsToObjDictionary
 .text.COE_ObjDictionaryInit
                0x08000edc       0x44 ./SSC/Src/coeappl.o
                0x08000edc                COE_ObjDictionaryInit
 .text.COE_Main
                0x08000f20       0xe8 ./SSC/Src/coeappl.o
                0x08000f20                COE_Main
 .text.XMC_ECAT_GetALEventRegister
                0x08001008       0x1c ./SSC/Src/ecatappl.o
 .text.HW_EscRead
                0x08001024       0x2c ./SSC/Src/ecatappl.o
 .text.HW_EscReadIsr
                0x08001050       0x24 ./SSC/Src/ecatappl.o
 .text.HW_EscWrite
                0x08001074       0x2c ./SSC/Src/ecatappl.o
 .text.HW_EscWriteIsr
                0x080010a0       0x24 ./SSC/Src/ecatappl.o
 .text.HW_GetALEventRegister
                0x080010c4       0x10 ./SSC/Src/ecatappl.o
 .text.HW_GetALEventRegister_Isr
                0x080010d4       0x10 ./SSC/Src/ecatappl.o
 .text.PDO_InputMapping
                0x080010e4       0x94 ./SSC/Src/ecatappl.o
                0x080010e4                PDO_InputMapping
 .text.PDO_OutputMapping
                0x08001178       0xb0 ./SSC/Src/ecatappl.o
                0x08001178                PDO_OutputMapping
 .text.ECAT_CheckTimer
                0x08001228       0xf8 ./SSC/Src/ecatappl.o
                0x08001228                ECAT_CheckTimer
 .text.HandleCycleTimeMeasurement
                0x08001320       0x80 ./SSC/Src/ecatappl.o
                0x08001320                HandleCycleTimeMeasurement
 .text.GetSystemTimeDelay
                0x080013a0       0x70 ./SSC/Src/ecatappl.o
                0x080013a0                GetSystemTimeDelay
 .text.PDI_Isr  0x08001410      0x198 ./SSC/Src/ecatappl.o
                0x08001410                PDI_Isr
 .text.Sync0_Isr
                0x080015a8      0x170 ./SSC/Src/ecatappl.o
                0x080015a8                Sync0_Isr
 .text.Sync1_Isr
                0x08001718       0x50 ./SSC/Src/ecatappl.o
                0x08001718                Sync1_Isr
 .text.MainInit
                0x08001768      0x168 ./SSC/Src/ecatappl.o
                0x08001768                MainInit
 .text.MainLoop
                0x080018d0      0x104 ./SSC/Src/ecatappl.o
                0x080018d0                MainLoop
 .text.ECAT_Application
                0x080019d4       0x3c ./SSC/Src/ecatappl.o
                0x080019d4                ECAT_Application
 .text.EEPROM_CommandHandler
                0x08001a10      0x270 ./SSC/Src/ecatappl.o
                0x08001a10                EEPROM_CommandHandler
 .text.COE_Init
                0x08001c80       0x20 ./SSC/Src/ecatcoe.o
                0x08001c80                COE_Init
 .text.COE_ServiceInd
                0x08001ca0       0x70 ./SSC/Src/ecatcoe.o
                0x08001ca0                COE_ServiceInd
 .text.COE_ContinueInd
                0x08001d10       0x60 ./SSC/Src/ecatcoe.o
                0x08001d10                COE_ContinueInd
 .text.FOE_Init
                0x08001d70       0x2c ./SSC/Src/ecatfoe.o
                0x08001d70                FOE_Init
 .text.FOE_ServiceInd
                0x08001d9c      0x488 ./SSC/Src/ecatfoe.o
                0x08001d9c                FOE_ServiceInd
 .text.FOE_ContinueInd
                0x08002224       0x34 ./SSC/Src/ecatfoe.o
                0x08002224                FOE_ContinueInd
 .text.XMC_ECAT_GetALEventRegister
                0x08002258       0x1c ./SSC/Src/ecatslv.o
 .text.HW_EscRead
                0x08002274       0x2c ./SSC/Src/ecatslv.o
 .text.HW_GetALEventRegister
                0x080022a0       0x10 ./SSC/Src/ecatslv.o
 .text.ResetALEventMask
                0x080022b0       0x30 ./SSC/Src/ecatslv.o
                0x080022b0                ResetALEventMask
 .text.SetALEventMask
                0x080022e0       0x30 ./SSC/Src/ecatslv.o
                0x080022e0                SetALEventMask
 .text.UpdateEEPROMLoadedState
                0x08002310       0x44 ./SSC/Src/ecatslv.o
                0x08002310                UpdateEEPROMLoadedState
 .text.GetSyncMan
                0x08002354       0x30 ./SSC/Src/ecatslv.o
                0x08002354                GetSyncMan
 .text.DisableSyncManChannel
                0x08002384       0x54 ./SSC/Src/ecatslv.o
                0x08002384                DisableSyncManChannel
 .text.EnableSyncManChannel
                0x080023d8       0x54 ./SSC/Src/ecatslv.o
                0x080023d8                EnableSyncManChannel
 .text.CheckSmSettings
                0x0800242c      0x3bc ./SSC/Src/ecatslv.o
                0x0800242c                CheckSmSettings
 .text.StartInputHandler
                0x080027e8      0x7d4 ./SSC/Src/ecatslv.o
                0x080027e8                StartInputHandler
 .text.StartOutputHandler
                0x08002fbc       0x9c ./SSC/Src/ecatslv.o
                0x08002fbc                StartOutputHandler
 .text.StopOutputHandler
                0x08003058       0x20 ./SSC/Src/ecatslv.o
                0x08003058                StopOutputHandler
 .text.StopInputHandler
                0x08003078      0x12c ./SSC/Src/ecatslv.o
                0x08003078                StopInputHandler
 .text.BackToInitTransition
                0x080031a4       0x18 ./SSC/Src/ecatslv.o
                0x080031a4                BackToInitTransition
 .text.SetALStatus
                0x080031bc       0xc8 ./SSC/Src/ecatslv.o
                0x080031bc                SetALStatus
 .text.AL_ControlInd
                0x08003284      0x7a0 ./SSC/Src/ecatslv.o
                0x08003284                AL_ControlInd
 .text.AL_ControlRes
                0x08003a24      0x314 ./SSC/Src/ecatslv.o
                0x08003a24                AL_ControlRes
 .text.DC_CheckWatchdog
                0x08003d38      0x128 ./SSC/Src/ecatslv.o
                0x08003d38                DC_CheckWatchdog
 .text.CheckIfEcatError
                0x08003e60       0xa8 ./SSC/Src/ecatslv.o
                0x08003e60                CheckIfEcatError
 .text.ECAT_Init
                0x08003f08      0x15c ./SSC/Src/ecatslv.o
                0x08003f08                ECAT_Init
 .text.ECAT_Main
                0x08004064      0x1b4 ./SSC/Src/ecatslv.o
                0x08004064                ECAT_Main
 .text.HW_EscRead
                0x08004218       0x2c ./SSC/Src/mailbox.o
 .text.HW_EscReadMbxMem
                0x08004244       0x24 ./SSC/Src/mailbox.o
 .text.HW_EscWrite
                0x08004268       0x2c ./SSC/Src/mailbox.o
 .text.HW_EscWriteMbxMem
                0x08004294       0x24 ./SSC/Src/mailbox.o
 .text.PutInMbxQueue
                0x080042b8       0x54 ./SSC/Src/mailbox.o
                0x080042b8                PutInMbxQueue
 .text.GetOutOfMbxQueue
                0x0800430c       0x5c ./SSC/Src/mailbox.o
                0x0800430c                GetOutOfMbxQueue
 .text.MBX_Init
                0x08004368       0xf4 ./SSC/Src/mailbox.o
                0x08004368                MBX_Init
 .text.MBX_StartMailboxHandler
                0x0800445c      0x110 ./SSC/Src/mailbox.o
                0x0800445c                MBX_StartMailboxHandler
 .text.MBX_StopMailboxHandler
                0x0800456c      0x140 ./SSC/Src/mailbox.o
                0x0800456c                MBX_StopMailboxHandler
 .text.MailboxServiceInd
                0x080046ac       0x60 ./SSC/Src/mailbox.o
                0x080046ac                MailboxServiceInd
 .text.MBX_MailboxWriteInd
                0x0800470c       0xb8 ./SSC/Src/mailbox.o
                0x0800470c                MBX_MailboxWriteInd
 .text.MBX_MailboxReadInd
                0x080047c4      0x100 ./SSC/Src/mailbox.o
                0x080047c4                MBX_MailboxReadInd
 .text.MBX_MailboxRepeatReq
                0x080048c4       0x84 ./SSC/Src/mailbox.o
                0x080048c4                MBX_MailboxRepeatReq
 .text.MBX_MailboxSendReq
                0x08004948       0xd4 ./SSC/Src/mailbox.o
                0x08004948                MBX_MailboxSendReq
 .text.MBX_CheckAndCopyMailbox
                0x08004a1c      0x148 ./SSC/Src/mailbox.o
                0x08004a1c                MBX_CheckAndCopyMailbox
 .text.MBX_CopyToSendMailbox
                0x08004b64      0x11c ./SSC/Src/mailbox.o
                0x08004b64                MBX_CopyToSendMailbox
 .text.MBX_Main
                0x08004c80       0x78 ./SSC/Src/mailbox.o
                0x08004c80                MBX_Main
 .text.OBJ_GetObjectHandle
                0x08004cf8       0x38 ./SSC/Src/objdef.o
                0x08004cf8                OBJ_GetObjectHandle
 .text.OBJ_GetObjectLength
                0x08004d30      0x11c ./SSC/Src/objdef.o
                0x08004d30                OBJ_GetObjectLength
 .text.OBJ_CopyNumberToString
                0x08004e4c       0x94 ./SSC/Src/objdef.o
                0x08004e4c                OBJ_CopyNumberToString
 .text.OBJ_GetNoOfObjects
                0x08004ee0       0x98 ./SSC/Src/objdef.o
                0x08004ee0                OBJ_GetNoOfObjects
 .text.OBJ_GetObjectList
                0x08004f78       0xfc ./SSC/Src/objdef.o
                0x08004f78                OBJ_GetObjectList
 .text.OBJ_GetDesc
                0x08005074      0x120 ./SSC/Src/objdef.o
                0x08005074                OBJ_GetDesc
 .text.OBJ_GetEntryDesc
                0x08005194       0x58 ./SSC/Src/objdef.o
                0x08005194                OBJ_GetEntryDesc
 .text.OBJ_GetObjDesc
                0x080051ec       0x18 ./SSC/Src/objdef.o
                0x080051ec                OBJ_GetObjDesc
 .text.OBJ_GetEntryOffset
                0x08005204      0x194 ./SSC/Src/objdef.o
                0x08005204                OBJ_GetEntryOffset
 .text.CheckSyncTypeValue
                0x08005398      0x1ac ./SSC/Src/objdef.o
                0x08005398                CheckSyncTypeValue
 .text.OBJ_Read
                0x08005544      0x5d4 ./SSC/Src/objdef.o
                0x08005544                OBJ_Read
 .text.OBJ_Write
                0x08005b18      0x724 ./SSC/Src/objdef.o
                0x08005b18                OBJ_Write
 .text.APPL_AckErrorInd
                0x0800623c       0x14 ./SSC/Src/ryhand.o
                0x0800623c                APPL_AckErrorInd
 .text.APPL_StartMailboxHandler
                0x08006250       0x10 ./SSC/Src/ryhand.o
                0x08006250                APPL_StartMailboxHandler
 .text.APPL_StopMailboxHandler
                0x08006260       0x10 ./SSC/Src/ryhand.o
                0x08006260                APPL_StopMailboxHandler
 .text.APPL_StartInputHandler
                0x08006270       0x18 ./SSC/Src/ryhand.o
                0x08006270                APPL_StartInputHandler
 .text.APPL_StopInputHandler
                0x08006288       0x10 ./SSC/Src/ryhand.o
                0x08006288                APPL_StopInputHandler
 .text.APPL_StartOutputHandler
                0x08006298       0x10 ./SSC/Src/ryhand.o
                0x08006298                APPL_StartOutputHandler
 .text.APPL_StopOutputHandler
                0x080062a8       0x10 ./SSC/Src/ryhand.o
                0x080062a8                APPL_StopOutputHandler
 .text.APPL_GenerateMapping
                0x080062b8      0x16c ./SSC/Src/ryhand.o
                0x080062b8                APPL_GenerateMapping
 .text.APPL_InputMapping
                0x08006424       0x98 ./SSC/Src/ryhand.o
                0x08006424                APPL_InputMapping
 .text.APPL_OutputMapping
                0x080064bc       0x98 ./SSC/Src/ryhand.o
                0x080064bc                APPL_OutputMapping
 .text.APPL_Application
                0x08006554        0xc ./SSC/Src/ryhand.o
                0x08006554                APPL_Application
 .text.WriteSimulateCANFD
                0x08006560       0x34 ./SSC/Src/ryhand.o
                0x08006560                WriteSimulateCANFD
 .text.SdoDownloadSegmentInd
                0x08006594      0x284 ./SSC/Src/sdoserv.o
 .text.SdoUploadSegmentInd
                0x08006818      0x168 ./SSC/Src/sdoserv.o
 .text.SdoRes   0x08006980      0x170 ./SSC/Src/sdoserv.o
                0x08006980                SdoRes
 .text.SDOS_SdoInd
                0x08006af0      0x5d8 ./SSC/Src/sdoserv.o
                0x08006af0                SDOS_SdoInd
 .text.SDOS_SdoRes
                0x080070c8      0x124 ./SSC/Src/sdoserv.o
                0x080070c8                SDOS_SdoRes
 .text.SDOS_ClearPendingResponse
                0x080071ec       0xcc ./SSC/Src/sdoserv.o
                0x080071ec                SDOS_ClearPendingResponse
 .text.SDOS_SdoInfoInd
                0x080072b8      0x3fc ./SSC/Src/sdoserv.o
                0x080072b8                SDOS_SdoInfoInd
 .text.XMC_ERU_Enable
                0x080076b4       0x2c ./Libraries/XMCLib/src/xmc4_eru.o
                0x080076b4                XMC_ERU_Enable
 .text.XMC_FLASH_lEnterPageModeCommand
                0x080076e0       0x20 ./Libraries/XMCLib/src/xmc4_flash.o
                0x080076e0                XMC_FLASH_lEnterPageModeCommand
 .text.XMC_FLASH_lLoadPageCommand
                0x08007700       0x30 ./Libraries/XMCLib/src/xmc4_flash.o
                0x08007700                XMC_FLASH_lLoadPageCommand
 .text.XMC_FLASH_lWritePageCommand
                0x08007730       0x44 ./Libraries/XMCLib/src/xmc4_flash.o
                0x08007730                XMC_FLASH_lWritePageCommand
 .text.XMC_FLASH_lEraseSectorCommand
                0x08007774       0x58 ./Libraries/XMCLib/src/xmc4_flash.o
                0x08007774                XMC_FLASH_lEraseSectorCommand
 .text.XMC_FLASH_lClearStatusCommand
                0x080077cc       0x20 ./Libraries/XMCLib/src/xmc4_flash.o
                0x080077cc                XMC_FLASH_lClearStatusCommand
 .text.XMC_FLASH_ClearStatus
                0x080077ec        0xc ./Libraries/XMCLib/src/xmc4_flash.o
                0x080077ec                XMC_FLASH_ClearStatus
 .text.XMC_FLASH_GetStatus
                0x080077f8       0x1c ./Libraries/XMCLib/src/xmc4_flash.o
                0x080077f8                XMC_FLASH_GetStatus
 .text.XMC_FLASH_ProgramPage
                0x08007814       0x68 ./Libraries/XMCLib/src/xmc4_flash.o
                0x08007814                XMC_FLASH_ProgramPage
 .text.XMC_FLASH_EraseSector
                0x0800787c       0x30 ./Libraries/XMCLib/src/xmc4_flash.o
                0x0800787c                XMC_FLASH_EraseSector
 .text.XMC_FLASH_Reset
                0x080078ac       0x20 ./Libraries/XMCLib/src/xmc4_flash.o
                0x080078ac                XMC_FLASH_Reset
 .text.XMC_GPIO_Init
                0x080078cc      0x14c ./Libraries/XMCLib/src/xmc4_gpio.o
                0x080078cc                XMC_GPIO_Init
 .text.XMC_SCU_CLOCK_GetCpuClockFrequency
                0x08007a18       0x18 ./Libraries/XMCLib/src/xmc4_scu.o
 .text.XMC_SCU_GetMirrorStatus
                0x08007a30       0x18 ./Libraries/XMCLib/src/xmc4_scu.o
 .text.XMC_SCU_lDelay
                0x08007a48       0x44 ./Libraries/XMCLib/src/xmc4_scu.o
 .text.XMC_SCU_INTERUPT_GetEventStatus
                0x08007a8c       0x18 ./Libraries/XMCLib/src/xmc4_scu.o
                0x08007a8c                XMC_SCU_INTERUPT_GetEventStatus
 .text.XMC_SCU_INTERRUPT_ClearEventStatus
                0x08007aa4       0x1c ./Libraries/XMCLib/src/xmc4_scu.o
                0x08007aa4                XMC_SCU_INTERRUPT_ClearEventStatus
 .text.XMC_SCU_CLOCK_Init
                0x08007ac0       0xf8 ./Libraries/XMCLib/src/xmc4_scu.o
                0x08007ac0                XMC_SCU_CLOCK_Init
 .text.XMC_SCU_INTERRUPT_EnableNmiRequest
                0x08007bb8       0x24 ./Libraries/XMCLib/src/xmc4_scu.o
                0x08007bb8                XMC_SCU_INTERRUPT_EnableNmiRequest
 .text.XMC_SCU_RESET_AssertPeripheralReset
                0x08007bdc       0x38 ./Libraries/XMCLib/src/xmc4_scu.o
                0x08007bdc                XMC_SCU_RESET_AssertPeripheralReset
 .text.XMC_SCU_RESET_DeassertPeripheralReset
                0x08007c14       0x38 ./Libraries/XMCLib/src/xmc4_scu.o
                0x08007c14                XMC_SCU_RESET_DeassertPeripheralReset
 .text.XMC_SCU_RESET_IsPeripheralResetAsserted
                0x08007c4c       0x48 ./Libraries/XMCLib/src/xmc4_scu.o
                0x08007c4c                XMC_SCU_RESET_IsPeripheralResetAsserted
 .text.XMC_SCU_CLOCK_GetPeripheralClockFrequency
                0x08007c94       0x20 ./Libraries/XMCLib/src/xmc4_scu.o
                0x08007c94                XMC_SCU_CLOCK_GetPeripheralClockFrequency
 .text.XMC_SCU_CLOCK_SetSystemClockSource
                0x08007cb4       0x28 ./Libraries/XMCLib/src/xmc4_scu.o
                0x08007cb4                XMC_SCU_CLOCK_SetSystemClockSource
 .text.XMC_SCU_CLOCK_SetUsbClockSource
                0x08007cdc       0x28 ./Libraries/XMCLib/src/xmc4_scu.o
                0x08007cdc                XMC_SCU_CLOCK_SetUsbClockSource
 .text.XMC_SCU_CLOCK_SetWdtClockSource
                0x08007d04       0x28 ./Libraries/XMCLib/src/xmc4_scu.o
                0x08007d04                XMC_SCU_CLOCK_SetWdtClockSource
 .text.XMC_SCU_CLOCK_SetSystemPllClockSource
                0x08007d2c       0x40 ./Libraries/XMCLib/src/xmc4_scu.o
                0x08007d2c                XMC_SCU_CLOCK_SetSystemPllClockSource
 .text.XMC_SCU_HIB_SetRtcClockSource
                0x08007d6c       0x3c ./Libraries/XMCLib/src/xmc4_scu.o
                0x08007d6c                XMC_SCU_HIB_SetRtcClockSource
 .text.XMC_SCU_HIB_SetStandbyClockSource
                0x08007da8       0x3c ./Libraries/XMCLib/src/xmc4_scu.o
                0x08007da8                XMC_SCU_HIB_SetStandbyClockSource
 .text.XMC_SCU_CLOCK_SetSystemClockDivider
                0x08007de4       0x28 ./Libraries/XMCLib/src/xmc4_scu.o
                0x08007de4                XMC_SCU_CLOCK_SetSystemClockDivider
 .text.XMC_SCU_CLOCK_SetCcuClockDivider
                0x08007e0c       0x28 ./Libraries/XMCLib/src/xmc4_scu.o
                0x08007e0c                XMC_SCU_CLOCK_SetCcuClockDivider
 .text.XMC_SCU_CLOCK_SetCpuClockDivider
                0x08007e34       0x28 ./Libraries/XMCLib/src/xmc4_scu.o
                0x08007e34                XMC_SCU_CLOCK_SetCpuClockDivider
 .text.XMC_SCU_CLOCK_SetPeripheralClockDivider
                0x08007e5c       0x28 ./Libraries/XMCLib/src/xmc4_scu.o
                0x08007e5c                XMC_SCU_CLOCK_SetPeripheralClockDivider
 .text.XMC_SCU_CLOCK_SetUsbClockDivider
                0x08007e84       0x28 ./Libraries/XMCLib/src/xmc4_scu.o
                0x08007e84                XMC_SCU_CLOCK_SetUsbClockDivider
 .text.XMC_SCU_CLOCK_SetWdtClockDivider
                0x08007eac       0x28 ./Libraries/XMCLib/src/xmc4_scu.o
                0x08007eac                XMC_SCU_CLOCK_SetWdtClockDivider
 .text.XMC_SCU_CLOCK_SetECATClockDivider
                0x08007ed4       0x28 ./Libraries/XMCLib/src/xmc4_scu.o
                0x08007ed4                XMC_SCU_CLOCK_SetECATClockDivider
 .text.XMC_SCU_CLOCK_EnableClock
                0x08007efc       0x20 ./Libraries/XMCLib/src/xmc4_scu.o
                0x08007efc                XMC_SCU_CLOCK_EnableClock
 .text.XMC_SCU_CLOCK_UngatePeripheralClock
                0x08007f1c       0x38 ./Libraries/XMCLib/src/xmc4_scu.o
                0x08007f1c                XMC_SCU_CLOCK_UngatePeripheralClock
 .text.XMC_SCU_CLOCK_IsPeripheralClockGated
                0x08007f54       0x48 ./Libraries/XMCLib/src/xmc4_scu.o
                0x08007f54                XMC_SCU_CLOCK_IsPeripheralClockGated
 .text.XMC_SCU_CLOCK_EnableUsbPll
                0x08007f9c       0x20 ./Libraries/XMCLib/src/xmc4_scu.o
                0x08007f9c                XMC_SCU_CLOCK_EnableUsbPll
 .text.XMC_SCU_CLOCK_StartUsbPll
                0x08007fbc       0xb4 ./Libraries/XMCLib/src/xmc4_scu.o
                0x08007fbc                XMC_SCU_CLOCK_StartUsbPll
 .text.XMC_SCU_CLOCK_SetBackupClockCalibrationMode
                0x08008070       0x4c ./Libraries/XMCLib/src/xmc4_scu.o
                0x08008070                XMC_SCU_CLOCK_SetBackupClockCalibrationMode
 .text.XMC_SCU_HIB_EnableHibernateDomain
                0x080080bc       0x58 ./Libraries/XMCLib/src/xmc4_scu.o
                0x080080bc                XMC_SCU_HIB_EnableHibernateDomain
 .text.XMC_SCU_CLOCK_IsLowPowerOscillatorStable
                0x08008114       0x24 ./Libraries/XMCLib/src/xmc4_scu.o
                0x08008114                XMC_SCU_CLOCK_IsLowPowerOscillatorStable
 .text.XMC_SCU_CLOCK_EnableLowPowerOscillator
                0x08008138       0x70 ./Libraries/XMCLib/src/xmc4_scu.o
                0x08008138                XMC_SCU_CLOCK_EnableLowPowerOscillator
 .text.XMC_SCU_CLOCK_EnableHighPerformanceOscillator
                0x080081a8       0x50 ./Libraries/XMCLib/src/xmc4_scu.o
                0x080081a8                XMC_SCU_CLOCK_EnableHighPerformanceOscillator
 .text.XMC_SCU_CLOCK_IsHighPerformanceOscillatorStable
                0x080081f8       0x28 ./Libraries/XMCLib/src/xmc4_scu.o
                0x080081f8                XMC_SCU_CLOCK_IsHighPerformanceOscillatorStable
 .text.XMC_SCU_CLOCK_EnableSystemPll
                0x08008220       0x20 ./Libraries/XMCLib/src/xmc4_scu.o
                0x08008220                XMC_SCU_CLOCK_EnableSystemPll
 .text.XMC_SCU_CLOCK_DisableSystemPll
                0x08008240       0x20 ./Libraries/XMCLib/src/xmc4_scu.o
                0x08008240                XMC_SCU_CLOCK_DisableSystemPll
 .text.XMC_SCU_CLOCK_StartSystemPll
                0x08008260      0x19c ./Libraries/XMCLib/src/xmc4_scu.o
                0x08008260                XMC_SCU_CLOCK_StartSystemPll
 .text.XMC_SCU_CLOCK_StepSystemPllFrequency
                0x080083fc       0x3c ./Libraries/XMCLib/src/xmc4_scu.o
                0x080083fc                XMC_SCU_CLOCK_StepSystemPllFrequency
 .text.XMC_CAN_IsPanelControlReady
                0x08008438       0x28 ./Libraries/XMCLib/src/xmc_can.o
 .text.XMC_CAN_PanelControl
                0x08008460       0x3c ./Libraries/XMCLib/src/xmc_can.o
 .text.XMC_CAN_NODE_EnableConfigurationChange
                0x0800849c       0x20 ./Libraries/XMCLib/src/xmc_can.o
 .text.XMC_CAN_NODE_DisableConfigurationChange
                0x080084bc       0x20 ./Libraries/XMCLib/src/xmc_can.o
 .text.max      0x080084dc       0x20 ./Libraries/XMCLib/src/xmc_can.o
 .text.min      0x080084fc       0x20 ./Libraries/XMCLib/src/xmc_can.o
 .text.XMC_CAN_NODE_NominalBitTimeConfigureEx
                0x0800851c      0x150 ./Libraries/XMCLib/src/xmc_can.o
                0x0800851c                XMC_CAN_NODE_NominalBitTimeConfigureEx
 .text.XMC_CAN_NODE_NominalBitTimeConfigure
                0x0800866c      0x1c4 ./Libraries/XMCLib/src/xmc_can.o
                0x0800866c                XMC_CAN_NODE_NominalBitTimeConfigure
 .text.XMC_CAN_AllocateMOtoNodeList
                0x08008830       0x3c ./Libraries/XMCLib/src/xmc_can.o
                0x08008830                XMC_CAN_AllocateMOtoNodeList
 .text.XMC_CAN_Enable
                0x0800886c       0x38 ./Libraries/XMCLib/src/xmc_can.o
                0x0800886c                XMC_CAN_Enable
 .text.XMC_CAN_SetBaudrateClockSource
                0x080088a4       0x2c ./Libraries/XMCLib/src/xmc_can.o
                0x080088a4                XMC_CAN_SetBaudrateClockSource
 .text.XMC_CAN_GetBaudrateClockSource
                0x080088d0       0x24 ./Libraries/XMCLib/src/xmc_can.o
                0x080088d0                XMC_CAN_GetBaudrateClockSource
 .text.XMC_CAN_GetBaudrateClockFrequency
                0x080088f4       0x38 ./Libraries/XMCLib/src/xmc_can.o
                0x080088f4                XMC_CAN_GetBaudrateClockFrequency
 .text.XMC_CAN_InitEx
                0x0800892c       0x80 ./Libraries/XMCLib/src/xmc_can.o
                0x0800892c                XMC_CAN_InitEx
 .text.XMC_CAN_MO_SetIdentifier
                0x080089ac       0x68 ./Libraries/XMCLib/src/xmc_can.o
                0x080089ac                XMC_CAN_MO_SetIdentifier
 .text.XMC_CAN_MO_SetAcceptanceMask
                0x08008a14       0x78 ./Libraries/XMCLib/src/xmc_can.o
                0x08008a14                XMC_CAN_MO_SetAcceptanceMask
 .text.XMC_CAN_MO_Config
                0x08008a8c      0x138 ./Libraries/XMCLib/src/xmc_can.o
                0x08008a8c                XMC_CAN_MO_Config
 .text.XMC_CAN_MO_UpdateData
                0x08008bc4       0x70 ./Libraries/XMCLib/src/xmc_can.o
                0x08008bc4                XMC_CAN_MO_UpdateData
 .text.XMC_CAN_MO_Transmit
                0x08008c34       0x5c ./Libraries/XMCLib/src/xmc_can.o
                0x08008c34                XMC_CAN_MO_Transmit
 .text.XMC_CAN_MO_Receive
                0x08008c90      0x1a0 ./Libraries/XMCLib/src/xmc_can.o
                0x08008c90                XMC_CAN_MO_Receive
 .text.XMC_CAN_NODE_EnableEvent
                0x08008e30       0x38 ./Libraries/XMCLib/src/xmc_can.o
                0x08008e30                XMC_CAN_NODE_EnableEvent
 .text.XMC_CCU4_StartPrescaler
                0x08008e68       0x1c ./Libraries/XMCLib/src/xmc_ccu4.o
 .text.XMC_CCU4_lDeassertReset
                0x08008e84       0x34 ./Libraries/XMCLib/src/xmc_ccu4.o
 .text.XMC_CCU4_lUngateClock
                0x08008eb8       0x34 ./Libraries/XMCLib/src/xmc_ccu4.o
 .text.XMC_CCU4_EnableModule
                0x08008eec       0x20 ./Libraries/XMCLib/src/xmc_ccu4.o
                0x08008eec                XMC_CCU4_EnableModule
 .text.XMC_CCU4_Init
                0x08008f0c       0x3c ./Libraries/XMCLib/src/xmc_ccu4.o
                0x08008f0c                XMC_CCU4_Init
 .text.XMC_CCU4_SLICE_CompareInit
                0x08008f48       0x6c ./Libraries/XMCLib/src/xmc_ccu4.o
                0x08008f48                XMC_CCU4_SLICE_CompareInit
 .text.XMC_CCU4_SLICE_SetInterruptNode
                0x08008fb4       0xc8 ./Libraries/XMCLib/src/xmc_ccu4.o
                0x08008fb4                XMC_CCU4_SLICE_SetInterruptNode
 .text.XMC_DMA_GetEventStatus
                0x0800907c       0x1c ./Libraries/XMCLib/src/xmc_dma.o
 .text.XMC_DMA_GetChannelsTransferCompleteStatus
                0x08009098       0x1c ./Libraries/XMCLib/src/xmc_dma.o
 .text.XMC_DMA_GetChannelsBlockCompleteStatus
                0x080090b4       0x1c ./Libraries/XMCLib/src/xmc_dma.o
 .text.XMC_DMA_GetChannelsSourceTransactionCompleteStatus
                0x080090d0       0x1c ./Libraries/XMCLib/src/xmc_dma.o
 .text.XMC_DMA_GetChannelsDestinationTransactionCompleteStatus
                0x080090ec       0x1c ./Libraries/XMCLib/src/xmc_dma.o
 .text.XMC_DMA_GetChannelsErrorStatus
                0x08009108       0x1c ./Libraries/XMCLib/src/xmc_dma.o
 .text.XMC_DMA_Init
                0x08009124       0x14 ./Libraries/XMCLib/src/xmc_dma.o
                0x08009124                XMC_DMA_Init
 .text.XMC_DMA_Enable
                0x08009138       0x28 ./Libraries/XMCLib/src/xmc_dma.o
                0x08009138                XMC_DMA_Enable
 .text.XMC_DMA_IsEnabled
                0x08009160       0x88 ./Libraries/XMCLib/src/xmc_dma.o
                0x08009160                XMC_DMA_IsEnabled
 .text.XMC_DMA_EnableRequestLine
                0x080091e8       0x54 ./Libraries/XMCLib/src/xmc_dma.o
                0x080091e8                XMC_DMA_EnableRequestLine
 .text.XMC_DMA_CH_IsEnabled
                0x0800923c       0x34 ./Libraries/XMCLib/src/xmc_dma.o
                0x0800923c                XMC_DMA_CH_IsEnabled
 .text.XMC_DMA_CH_Init
                0x08009270      0x3e0 ./Libraries/XMCLib/src/xmc_dma.o
                0x08009270                XMC_DMA_CH_Init
 .text.XMC_DMA_CH_EnableEvent
                0x08009650       0x50 ./Libraries/XMCLib/src/xmc_dma.o
                0x08009650                XMC_DMA_CH_EnableEvent
 .text.XMC_DMA_CH_ClearEventStatus
                0x080096a0       0x4c ./Libraries/XMCLib/src/xmc_dma.o
                0x080096a0                XMC_DMA_CH_ClearEventStatus
 .text.XMC_DMA_CH_SetEventHandler
                0x080096ec       0x28 ./Libraries/XMCLib/src/xmc_dma.o
                0x080096ec                XMC_DMA_CH_SetEventHandler
 .text.XMC_DMA_IRQHandler
                0x08009714      0x20c ./Libraries/XMCLib/src/xmc_dma.o
                0x08009714                XMC_DMA_IRQHandler
 .text.XMC_ECAT_Enable
                0x08009920       0x24 ./Libraries/XMCLib/src/xmc_ecat.o
                0x08009920                XMC_ECAT_Enable
 .text.XMC_ECAT_Init
                0x08009944       0x78 ./Libraries/XMCLib/src/xmc_ecat.o
                0x08009944                XMC_ECAT_Init
 .text.XMC_ECAT_DisableEvent
                0x080099bc       0x28 ./Libraries/XMCLib/src/xmc_ecat.o
                0x080099bc                XMC_ECAT_DisableEvent
 .text.XMC_ECAT_DisableSyncManChannel
                0x080099e4       0x38 ./Libraries/XMCLib/src/xmc_ecat.o
                0x080099e4                XMC_ECAT_DisableSyncManChannel
 .text.XMC_ERU_ETL_Init
                0x08009a1c       0x4c ./Libraries/XMCLib/src/xmc_eru.o
                0x08009a1c                XMC_ERU_ETL_Init
 .text.XMC_ERU_OGU_Init
                0x08009a68       0x28 ./Libraries/XMCLib/src/xmc_eru.o
                0x08009a68                XMC_ERU_OGU_Init
 .text.XMC_FCE_Init
                0x08009a90       0x2c ./Libraries/XMCLib/src/xmc_fce.o
                0x08009a90                XMC_FCE_Init
 .text.XMC_FCE_Enable
                0x08009abc       0x28 ./Libraries/XMCLib/src/xmc_fce.o
                0x08009abc                XMC_FCE_Enable
 .text.XMC_FCE_CalculateCRC32
                0x08009ae4       0x60 ./Libraries/XMCLib/src/xmc_fce.o
                0x08009ae4                XMC_FCE_CalculateCRC32
 .text.XMC_GPIO_SetMode
                0x08009b44       0x80 ./Libraries/XMCLib/src/xmc_gpio.o
                0x08009b44                XMC_GPIO_SetMode
 .text.XMC_GPIO_SetHardwareControl
                0x08009bc4       0x44 ./Libraries/XMCLib/src/xmc_gpio.o
                0x08009bc4                XMC_GPIO_SetHardwareControl
 .text.XMC_USIC_CH_GetTransmitBufferStatus
                0x08009c08       0x20 ./Libraries/XMCLib/src/xmc_uart.o
 .text.XMC_USIC_CH_SetMode
                0x08009c28       0x28 ./Libraries/XMCLib/src/xmc_uart.o
 .text.XMC_UART_CH_GetStatusFlag
                0x08009c50       0x18 ./Libraries/XMCLib/src/xmc_uart.o
 .text.XMC_UART_CH_InitEx
                0x08009c68       0xd4 ./Libraries/XMCLib/src/xmc_uart.o
                0x08009c68                XMC_UART_CH_InitEx
 .text.XMC_UART_CH_SetBaudrate
                0x08009d3c       0x44 ./Libraries/XMCLib/src/xmc_uart.o
                0x08009d3c                XMC_UART_CH_SetBaudrate
 .text.XMC_UART_CH_GetReceivedData
                0x08009d80       0x34 ./Libraries/XMCLib/src/xmc_uart.o
                0x08009d80                XMC_UART_CH_GetReceivedData
 .text.XMC_UART_CH_Stop
                0x08009db4       0x44 ./Libraries/XMCLib/src/xmc_uart.o
                0x08009db4                XMC_UART_CH_Stop
 .text.XMC_UART_CH_EnableEvent
                0x08009df8       0x34 ./Libraries/XMCLib/src/xmc_uart.o
                0x08009df8                XMC_UART_CH_EnableEvent
 .text.XMC_UART_CH_DisableEvent
                0x08009e2c       0x38 ./Libraries/XMCLib/src/xmc_uart.o
                0x08009e2c                XMC_UART_CH_DisableEvent
 .text.XMC_USIC_CH_Enable
                0x08009e64       0x74 ./Libraries/XMCLib/src/xmc_usic.o
                0x08009e64                XMC_USIC_CH_Enable
 .text.XMC_USIC_CH_SetBaudrate
                0x08009ed8       0xe4 ./Libraries/XMCLib/src/xmc_usic.o
                0x08009ed8                XMC_USIC_CH_SetBaudrate
 .text.XMC_USIC_CH_SetBaudrateEx
                0x08009fbc      0x100 ./Libraries/XMCLib/src/xmc_usic.o
                0x08009fbc                XMC_USIC_CH_SetBaudrateEx
 .text.XMC_USIC_CH_RXFIFO_Configure
                0x0800a0bc       0x54 ./Libraries/XMCLib/src/xmc_usic.o
                0x0800a0bc                XMC_USIC_CH_RXFIFO_Configure
 .text.XMC_USIC_CH_RXFIFO_SetSizeTriggerLimit
                0x0800a110       0x30 ./Libraries/XMCLib/src/xmc_usic.o
                0x0800a110                XMC_USIC_CH_RXFIFO_SetSizeTriggerLimit
 .text.XMC_USIC_CH_SetInterruptNodePointer
                0x0800a140       0x38 ./Libraries/XMCLib/src/xmc_usic.o
                0x0800a140                XMC_USIC_CH_SetInterruptNodePointer
 .text.XMC_USIC_CH_RXFIFO_SetInterruptNodePointer
                0x0800a178       0x3c ./Libraries/XMCLib/src/xmc_usic.o
                0x0800a178                XMC_USIC_CH_RXFIFO_SetInterruptNodePointer
 .text.XMC_USIC_Enable
                0x0800a1b4       0x84 ./Libraries/XMCLib/src/xmc_usic.o
                0x0800a1b4                XMC_USIC_Enable
 .text._sbrk    0x0800a238       0x68 ./Libraries/Newlib/syscalls.o
                0x0800a238                _sbrk
 .text._init    0x0800a2a0        0xc ./Libraries/Newlib/syscalls.o
                0x0800a2a0                _init
 .text.XMC_USIC_CH_DisableEvent
                0x0800a2ac       0x24 ./Dave/Generated/UART/uart.o
 .text.XMC_USIC_CH_RXFIFO_DisableEvent
                0x0800a2d0       0x28 ./Dave/Generated/UART/uart.o
 .text.XMC_USIC_CH_RXFIFO_IsEmpty
                0x0800a2f8       0x28 ./Dave/Generated/UART/uart.o
 .text.XMC_UART_CH_Start
                0x0800a320       0x24 ./Dave/Generated/UART/uart.o
 .text.XMC_UART_CH_SetSamplePoint
                0x0800a344       0x28 ./Dave/Generated/UART/uart.o
 .text.XMC_DMA_CH_Enable
                0x0800a36c       0x24 ./Dave/Generated/UART/uart.o
 .text.XMC_DMA_CH_SetSourceAddress
                0x0800a390       0x28 ./Dave/Generated/UART/uart.o
 .text.XMC_DMA_CH_SetDestinationAddress
                0x0800a3b8       0x2c ./Dave/Generated/UART/uart.o
 .text.XMC_DMA_CH_SetBlockSize
                0x0800a3e4       0x2c ./Dave/Generated/UART/uart.o
 .text.UART_Init
                0x0800a410       0x24 ./Dave/Generated/UART/uart.o
                0x0800a410                UART_Init
 .text.UART_Transmit
                0x0800a434       0x38 ./Dave/Generated/UART/uart.o
                0x0800a434                UART_Transmit
 .text.UART_AbortReceive
                0x0800a46c       0x64 ./Dave/Generated/UART/uart.o
                0x0800a46c                UART_AbortReceive
 .text.UART_SetBaudrate
                0x0800a4d0       0xd0 ./Dave/Generated/UART/uart.o
                0x0800a4d0                UART_SetBaudrate
 .text.UART_StartTransmitDMA
                0x0800a5a0       0xd4 ./Dave/Generated/UART/uart.o
                0x0800a5a0                UART_StartTransmitDMA
 .text.UART_lReceiveHandler
                0x0800a674      0x120 ./Dave/Generated/UART/uart.o
                0x0800a674                UART_lReceiveHandler
 .text.UART_lReconfigureRxFIFO
                0x0800a794       0x50 ./Dave/Generated/UART/uart.o
 .text.__NVIC_GetPriorityGrouping
                0x0800a7e4       0x1c ./Dave/Generated/UART/uart_conf.o
 .text.__NVIC_EnableIRQ
                0x0800a800       0x38 ./Dave/Generated/UART/uart_conf.o
 .text.__NVIC_SetPriority
                0x0800a838       0x54 ./Dave/Generated/UART/uart_conf.o
 .text.NVIC_EncodePriority
                0x0800a88c       0x64 ./Dave/Generated/UART/uart_conf.o
 .text.XMC_USIC_CH_SetInputSource
                0x0800a8f0       0x3c ./Dave/Generated/UART/uart_conf.o
 .text.XMC_USIC_CH_TriggerServiceRequest
                0x0800a92c       0x20 ./Dave/Generated/UART/uart_conf.o
 .text.XMC_UART_CH_Init
                0x0800a94c       0x1c ./Dave/Generated/UART/uart_conf.o
 .text.XMC_UART_CH_Start
                0x0800a968       0x24 ./Dave/Generated/UART/uart_conf.o
 .text.UART_485_init
                0x0800a98c       0xe8 ./Dave/Generated/UART/uart_conf.o
                0x0800a98c                UART_485_init
 .text.USIC1_0_IRQHandler
                0x0800aa74       0x10 ./Dave/Generated/UART/uart_conf.o
                0x0800aa74                USIC1_0_IRQHandler
 .text.UART_485_dma_tx_handler
                0x0800aa84       0x28 ./Dave/Generated/UART/uart_conf.o
                0x0800aa84                UART_485_dma_tx_handler
 .text.XMC_CCU4_EnableClock
                0x0800aaac       0x20 ./Dave/Generated/TIMER/timer.o
 .text.XMC_CCU4_SLICE_StartTimer
                0x0800aacc       0x18 ./Dave/Generated/TIMER/timer.o
 .text.XMC_CCU4_SLICE_ClearTimer
                0x0800aae4       0x18 ./Dave/Generated/TIMER/timer.o
 .text.XMC_CCU4_SLICE_SetTimerPeriodMatch
                0x0800aafc       0x1c ./Dave/Generated/TIMER/timer.o
 .text.XMC_CCU4_SLICE_SetTimerCompareMatch
                0x0800ab18       0x1c ./Dave/Generated/TIMER/timer.o
 .text.XMC_CCU4_EnableShadowTransfer
                0x0800ab34       0x1c ./Dave/Generated/TIMER/timer.o
 .text.XMC_CCU4_SLICE_EnableEvent
                0x0800ab50       0x2c ./Dave/Generated/TIMER/timer.o
 .text.TIMER_Init
                0x0800ab7c       0x3c ./Dave/Generated/TIMER/timer.o
                0x0800ab7c                TIMER_Init
 .text.TIMER_Start
                0x0800abb8       0x3c ./Dave/Generated/TIMER/timer.o
                0x0800abb8                TIMER_Start
 .text.TIMER_CCU4_lInit
                0x0800abf4       0x98 ./Dave/Generated/TIMER/timer.o
                0x0800abf4                TIMER_CCU4_lInit
 .text.TIMER_CCU4_lShadowTransfer
                0x0800ac8c       0x3c ./Dave/Generated/TIMER/timer.o
                0x0800ac8c                TIMER_CCU4_lShadowTransfer
 .text.__NVIC_GetPriorityGrouping
                0x0800acc8       0x1c ./Dave/Generated/INTERRUPT/interrupt.o
 .text.__NVIC_EnableIRQ
                0x0800ace4       0x38 ./Dave/Generated/INTERRUPT/interrupt.o
 .text.__NVIC_SetPriority
                0x0800ad1c       0x54 ./Dave/Generated/INTERRUPT/interrupt.o
 .text.NVIC_EncodePriority
                0x0800ad70       0x64 ./Dave/Generated/INTERRUPT/interrupt.o
 .text.INTERRUPT_Enable
                0x0800add4       0x1c ./Dave/Generated/INTERRUPT/interrupt.o
 .text.INTERRUPT_Init
                0x0800adf0       0x4c ./Dave/Generated/INTERRUPT/interrupt.o
                0x0800adf0                INTERRUPT_Init
 .text.__NVIC_GetPriorityGrouping
                0x0800ae3c       0x1c ./Dave/Generated/GLOBAL_DMA/global_dma.o
 .text.__NVIC_EnableIRQ
                0x0800ae58       0x38 ./Dave/Generated/GLOBAL_DMA/global_dma.o
 .text.__NVIC_SetPriority
                0x0800ae90       0x54 ./Dave/Generated/GLOBAL_DMA/global_dma.o
 .text.NVIC_EncodePriority
                0x0800aee4       0x64 ./Dave/Generated/GLOBAL_DMA/global_dma.o
 .text.GLOBAL_DMA_Init
                0x0800af48       0x6c ./Dave/Generated/GLOBAL_DMA/global_dma.o
                0x0800af48                GLOBAL_DMA_Init
 .text.GPDMA0_0_IRQHandler
                0x0800afb4       0x10 ./Dave/Generated/GLOBAL_DMA/global_dma_conf.o
                0x0800afb4                GPDMA0_0_IRQHandler
 .text.XMC_CCU4_StartPrescaler
                0x0800afc4       0x1c ./Dave/Generated/GLOBAL_CCU4/global_ccu4.o
 .text.GLOBAL_CCU4_Init
                0x0800afe0       0x40 ./Dave/Generated/GLOBAL_CCU4/global_ccu4.o
                0x0800afe0                GLOBAL_CCU4_Init
 .text.GLOBAL_CAN_Init
                0x0800b020       0x44 ./Dave/Generated/GLOBAL_CAN/global_can.o
                0x0800b020                GLOBAL_CAN_Init
 .text.EVENT_GENERATOR_Init
                0x0800b064       0x48 ./Dave/Generated/EVENT_GENERATOR/event_generator.o
                0x0800b064                EVENT_GENERATOR_Init
 .text.EVENT_DETECTOR_Init
                0x0800b0ac       0x3c ./Dave/Generated/EVENT_DETECTOR/event_detector.o
                0x0800b0ac                EVENT_DETECTOR_Init
 .text.ECAT_SSC_Init
                0x0800b0e8       0xd0 ./Dave/Generated/ECAT_SSC/ecat_ssc.o
                0x0800b0e8                ECAT_SSC_Init
 .text.__NVIC_GetPriorityGrouping
                0x0800b1b8       0x1c ./Dave/Generated/ECAT_SSC/xmc_eschw.o
 .text.__NVIC_EnableIRQ
                0x0800b1d4       0x38 ./Dave/Generated/ECAT_SSC/xmc_eschw.o
 .text.__NVIC_DisableIRQ
                0x0800b20c       0x44 ./Dave/Generated/ECAT_SSC/xmc_eschw.o
 .text.__NVIC_SetPriority
                0x0800b250       0x54 ./Dave/Generated/ECAT_SSC/xmc_eschw.o
 .text.NVIC_EncodePriority
                0x0800b2a4       0x64 ./Dave/Generated/ECAT_SSC/xmc_eschw.o
 .text.XMC_ECAT_SetPortControl
                0x0800b308       0x2c ./Dave/Generated/ECAT_SSC/xmc_eschw.o
 .text.HW_EscRead
                0x0800b334       0x2c ./Dave/Generated/ECAT_SSC/xmc_eschw.o
 .text.HW_EscWrite
                0x0800b360       0x2c ./Dave/Generated/ECAT_SSC/xmc_eschw.o
 .text.INTERRUPT_Enable
                0x0800b38c       0x1c ./Dave/Generated/ECAT_SSC/xmc_eschw.o
 .text.INTERRUPT_Disable
                0x0800b3a8       0x1c ./Dave/Generated/ECAT_SSC/xmc_eschw.o
 .text.HW_Init  0x0800b3c4      0x260 ./Dave/Generated/ECAT_SSC/xmc_eschw.o
                0x0800b3c4                HW_Init
 .text.HW_EepromWrite
                0x0800b624       0x94 ./Dave/Generated/ECAT_SSC/xmc_eschw.o
                0x0800b624                HW_EepromWrite
 .text.HW_EepromReload
                0x0800b6b8       0x8c ./Dave/Generated/ECAT_SSC/xmc_eschw.o
                0x0800b6b8                HW_EepromReload
 .text.ECAT0_0_IRQHandler
                0x0800b744        0xc ./Dave/Generated/ECAT_SSC/xmc_eschw.o
                0x0800b744                ECAT0_0_IRQHandler
 .text.CCU41_1_IRQHandler
                0x0800b750       0x18 ./Dave/Generated/ECAT_SSC/xmc_eschw.o
                0x0800b750                CCU41_1_IRQHandler
 .text.ENABLE_ESC_INT
                0x0800b768       0x1c ./Dave/Generated/ECAT_SSC/xmc_eschw.o
                0x0800b768                ENABLE_ESC_INT
 .text.DISABLE_ESC_INT
                0x0800b784       0x40 ./Dave/Generated/ECAT_SSC/xmc_eschw.o
                0x0800b784                DISABLE_ESC_INT
 .text.DIGITAL_IO_Init
                0x0800b7c4       0x40 ./Dave/Generated/DIGITAL_IO/digital_io.o
                0x0800b7c4                DIGITAL_IO_Init
 .text.__NVIC_SetPriorityGrouping
                0x0800b804       0x48 ./Dave/Generated/CPU_CTRL_XMC4/cpu_ctrl_xmc4_conf.o
 .text.SystemCoreSetup
                0x0800b84c       0xa0 ./Dave/Generated/CPU_CTRL_XMC4/cpu_ctrl_xmc4_conf.o
                0x0800b84c                SystemCoreSetup
 .text.CLOCK_XMC4_Init
                0x0800b8ec       0x20 ./Dave/Generated/CLOCK_XMC4/clock_xmc4.o
                0x0800b8ec                CLOCK_XMC4_Init
 .text.OSCHP_GetFrequency
                0x0800b90c       0x14 ./Dave/Generated/CLOCK_XMC4/clock_xmc4.o
                0x0800b90c                OSCHP_GetFrequency
 .text.XMC_SCU_CLOCK_SetECATClockSource
                0x0800b920       0x28 ./Dave/Generated/CLOCK_XMC4/clock_xmc4_conf.o
 .text.SystemCoreClockSetup
                0x0800b948       0x60 ./Dave/Generated/CLOCK_XMC4/clock_xmc4_conf.o
                0x0800b948                SystemCoreClockSetup
 .text.XMC_CAN_NODE_SetEventNodePointer
                0x0800b9a8       0x38 ./Dave/Generated/CAN_NODE/can_node.o
 .text.XMC_CAN_NODE_SetReceiveInput
                0x0800b9e0       0x2c ./Dave/Generated/CAN_NODE/can_node.o
 .text.XMC_CAN_NODE_EnableLoopBack
                0x0800ba0c       0x20 ./Dave/Generated/CAN_NODE/can_node.o
 .text.XMC_CAN_NODE_EnableConfigurationChange
                0x0800ba2c       0x20 ./Dave/Generated/CAN_NODE/can_node.o
 .text.XMC_CAN_NODE_DisableConfigurationChange
                0x0800ba4c       0x20 ./Dave/Generated/CAN_NODE/can_node.o
 .text.XMC_CAN_NODE_SetInitBit
                0x0800ba6c       0x20 ./Dave/Generated/CAN_NODE/can_node.o
 .text.XMC_CAN_NODE_ResetInitBit
                0x0800ba8c       0x20 ./Dave/Generated/CAN_NODE/can_node.o
 .text.XMC_CAN_NODE_ReSetAnalyzerMode
                0x0800baac       0x20 ./Dave/Generated/CAN_NODE/can_node.o
 .text.XMC_CAN_MO_SetEventNodePointer
                0x0800bacc       0x3c ./Dave/Generated/CAN_NODE/can_node.o
 .text.XMC_CAN_MO_GetStatus
                0x0800bb08       0x1c ./Dave/Generated/CAN_NODE/can_node.o
 .text.XMC_CAN_MO_ResetStatus
                0x0800bb24       0x1c ./Dave/Generated/CAN_NODE/can_node.o
 .text.XMC_CAN_MO_EnableEvent
                0x0800bb40       0x24 ./Dave/Generated/CAN_NODE/can_node.o
 .text.CAN_NODE_MO_EnableTxEvent
                0x0800bb64       0x1c ./Dave/Generated/CAN_NODE/can_node.o
 .text.CAN_NODE_MO_EnableRxEvent
                0x0800bb80       0x1c ./Dave/Generated/CAN_NODE/can_node.o
 .text.CAN_NODE_SetNodeEvents
                0x0800bb9c       0x74 ./Dave/Generated/CAN_NODE/can_node.o
 .text.CAN_NODE_SetNodePointer
                0x0800bc10       0x68 ./Dave/Generated/CAN_NODE/can_node.o
 .text.CAN_NODE_ConfigBaudrate
                0x0800bc78       0x58 ./Dave/Generated/CAN_NODE/can_node.o
                0x0800bc78                CAN_NODE_ConfigBaudrate
 .text.CAN_NODE_MO_Init
                0x0800bcd0       0x58 ./Dave/Generated/CAN_NODE/can_node.o
                0x0800bcd0                CAN_NODE_MO_Init
 .text.CAN_NODE_MO_Transmit
                0x0800bd28       0x24 ./Dave/Generated/CAN_NODE/can_node.o
                0x0800bd28                CAN_NODE_MO_Transmit
 .text.CAN_NODE_MO_Receive
                0x0800bd4c       0x24 ./Dave/Generated/CAN_NODE/can_node.o
                0x0800bd4c                CAN_NODE_MO_Receive
 .text.CAN_NODE_MO_UpdateData
                0x0800bd70       0x40 ./Dave/Generated/CAN_NODE/can_node.o
                0x0800bd70                CAN_NODE_MO_UpdateData
 .text.CAN_NODE_MO_GetStatus
                0x0800bdb0       0x20 ./Dave/Generated/CAN_NODE/can_node.o
                0x0800bdb0                CAN_NODE_MO_GetStatus
 .text.CAN_NODE_MO_ClearStatus
                0x0800bdd0       0x1c ./Dave/Generated/CAN_NODE/can_node.o
                0x0800bdd0                CAN_NODE_MO_ClearStatus
 .text.CAN_NODE_Init
                0x0800bdec      0x148 ./Dave/Generated/CAN_NODE/can_node.o
                0x0800bdec                CAN_NODE_Init
 .text.DAVE_Init
                0x0800bf34      0x150 ./Dave/Generated/DAVE.o
                0x0800bf34                DAVE_Init
 .text.__NVIC_EnableIRQ
                0x0800c084       0x38 ./BSP/boot_init.o
 .text.__NVIC_DisableIRQ
                0x0800c0bc       0x44 ./BSP/boot_init.o
 .text.__NVIC_ClearPendingIRQ
                0x0800c100       0x3c ./BSP/boot_init.o
 .text.__NVIC_SetPriority
                0x0800c13c       0x54 ./BSP/boot_init.o
 .text.INTERRUPT_Enable
                0x0800c190       0x1c ./BSP/boot_init.o
 .text.INTERRUPT_Disable
                0x0800c1ac       0x1c ./BSP/boot_init.o
 .text.XMC_USIC_CH_RXFIFO_EnableEvent
                0x0800c1c8       0x24 ./BSP/boot_init.o
 .text.SharedConfig_CalcChecksum
                0x0800c1ec       0x40 ./BSP/boot_init.o
 .text.SharedConfig_IsValid
                0x0800c22c       0x28 ./BSP/boot_init.o
 .text.DeviceConfig_CalcChecksum
                0x0800c254       0x40 ./BSP/boot_init.o
 .text.DeviceConfig_IsValid
                0x0800c294       0x38 ./BSP/boot_init.o
 .text.ERU1_0_IRQHandler
                0x0800c2cc        0xc ./BSP/boot_init.o
                0x0800c2cc                ERU1_0_IRQHandler
 .text.ERU1_3_IRQHandler
                0x0800c2d8        0xc ./BSP/boot_init.o
                0x0800c2d8                ERU1_3_IRQHandler
 .text.ENABLE_ESC_INT_USER
                0x0800c2e4       0x1c ./BSP/boot_init.o
                0x0800c2e4                ENABLE_ESC_INT_USER
 .text.DISABLE_ESC_INT_USER
                0x0800c300       0x1c ./BSP/boot_init.o
                0x0800c300                DISABLE_ESC_INT_USER
 .text.Calc_App_Flash_CRC32
                0x0800c31c       0xac ./BSP/boot_init.o
                0x0800c31c                Calc_App_Flash_CRC32
 .text.Check_Can_Jump_To_App
                0x0800c3c8       0xf0 ./BSP/boot_init.o
                0x0800c3c8                Check_Can_Jump_To_App
 .text.Jump_To_App
                0x0800c4b8       0xf8 ./BSP/boot_init.o
                0x0800c4b8                Jump_To_App
 .text.BSP_LoadBaudrateConfig
                0x0800c5b0      0x138 ./BSP/boot_init.o
                0x0800c5b0                BSP_LoadBaudrateConfig
 .text.BL_Start
                0x0800c6e8       0x14 ./BSP/bootmode.o
                0x0800c6e8                BL_Start
 .text.BL_Stop  0x0800c6fc        0xc ./BSP/bootmode.o
                0x0800c6fc                BL_Stop
 .text.XMC_GPIO_SetOutputHigh
                0x0800c708       0x20 ./BSP/bsp_485.o
 .text.XMC_GPIO_SetOutputLow
                0x0800c728       0x24 ./BSP/bsp_485.o
 .text.DIGITAL_IO_SetOutputHigh
                0x0800c74c       0x20 ./BSP/bsp_485.o
 .text.DIGITAL_IO_SetOutputLow
                0x0800c76c       0x20 ./BSP/bsp_485.o
 .text.XMC_USIC_CH_RXFIFO_IsEmpty
                0x0800c78c       0x28 ./BSP/bsp_485.o
 .text.XMC_UART_CH_GetStatusFlag
                0x0800c7b4       0x18 ./BSP/bsp_485.o
 .text.XMC_UART_CH_ClearStatusFlag
                0x0800c7cc       0x1c ./BSP/bsp_485.o
 .text.BSP_485_ModeSelect
                0x0800c7e8       0x1c ./BSP/bsp_485.o
                0x0800c7e8                BSP_485_ModeSelect
 .text.BSP_485_TxEnable
                0x0800c804       0x10 ./BSP/bsp_485.o
                0x0800c804                BSP_485_TxEnable
 .text.BSP_485_RxEnable
                0x0800c814       0x10 ./BSP/bsp_485.o
                0x0800c814                BSP_485_RxEnable
 .text.BSP_485_IsBaudrateValid
                0x0800c824       0x40 ./BSP/bsp_485.o
                0x0800c824                BSP_485_IsBaudrateValid
 .text.BSP_485_SetBaudrate
                0x0800c864       0x64 ./BSP/bsp_485.o
                0x0800c864                BSP_485_SetBaudrate
 .text.BSP_RS485_ParseDevID
                0x0800c8c8       0x84 ./BSP/bsp_485.o
                0x0800c8c8                BSP_RS485_ParseDevID
 .text.RS485_Send_DMA
                0x0800c94c       0x88 ./BSP/bsp_485.o
 .text.RS485_SendProtocolFrame
                0x0800c9d4      0x114 ./BSP/bsp_485.o
                0x0800c9d4                RS485_SendProtocolFrame
 .text.RS485_Rx_Handler
                0x0800cae8      0x234 ./BSP/bsp_485.o
                0x0800cae8                RS485_Rx_Handler
 .text.RS485_Tx_DMA_Callback
                0x0800cd1c       0x3c ./BSP/bsp_485.o
                0x0800cd1c                RS485_Tx_DMA_Callback
 .text.USIC1_1_IRQHandler
                0x0800cd58        0xc ./BSP/bsp_485.o
                0x0800cd58                USIC1_1_IRQHandler
 .text.XMC_GPIO_SetOutputHigh
                0x0800cd64       0x20 ./BSP/bsp_can.o
 .text.XMC_GPIO_SetOutputLow
                0x0800cd84       0x24 ./BSP/bsp_can.o
 .text.DIGITAL_IO_SetOutputHigh
                0x0800cda8       0x20 ./BSP/bsp_can.o
 .text.DIGITAL_IO_SetOutputLow
                0x0800cdc8       0x20 ./BSP/bsp_can.o
 .text.CAN_NODE_MO_UpdateID
                0x0800cde8       0x1c ./BSP/bsp_can.o
 .text.BSP_CAN_ModeSelect
                0x0800ce04       0x1c ./BSP/bsp_can.o
                0x0800ce04                BSP_CAN_ModeSelect
 .text.BSP_CAN_Normal
                0x0800ce20       0x10 ./BSP/bsp_can.o
                0x0800ce20                BSP_CAN_Normal
 .text.BSP_CAN_Standby
                0x0800ce30       0x10 ./BSP/bsp_can.o
                0x0800ce30                BSP_CAN_Standby
 .text.BSP_120R_Enable
                0x0800ce40       0x10 ./BSP/bsp_can.o
                0x0800ce40                BSP_120R_Enable
 .text.BSP_120R_Disable
                0x0800ce50       0x10 ./BSP/bsp_can.o
                0x0800ce50                BSP_120R_Disable
 .text.BSP_CAN_ParseDevID
                0x0800ce60       0x84 ./BSP/bsp_can.o
                0x0800ce60                BSP_CAN_ParseDevID
 .text.BSP_CAN_SetTxID
                0x0800cee4       0x28 ./BSP/bsp_can.o
                0x0800cee4                BSP_CAN_SetTxID
 .text.BSP_CAN_SetRxFilter
                0x0800cf0c       0x38 ./BSP/bsp_can.o
                0x0800cf0c                BSP_CAN_SetRxFilter
 .text.BSP_CAN_ConfigID
                0x0800cf44       0x24 ./BSP/bsp_can.o
                0x0800cf44                BSP_CAN_ConfigID
 .text.BSP_CAN_SetBaudrate
                0x0800cf68       0x38 ./BSP/bsp_can.o
                0x0800cf68                BSP_CAN_SetBaudrate
 .text.BSP_CAN_Transmit
                0x0800cfa0       0x58 ./BSP/bsp_can.o
                0x0800cfa0                BSP_CAN_Transmit
 .text.BSP_CAN_RxHandler
                0x0800cff8       0xb0 ./BSP/bsp_can.o
                0x0800cff8                BSP_CAN_RxHandler
 .text.CAN0_0_IRQHandler
                0x0800d0a8        0xc ./BSP/bsp_can.o
                0x0800d0a8                CAN0_0_IRQHandler
 .text.SharedConfig_CalcChecksum
                0x0800d0b4       0x40 ./BSP/can_protocol.o
 .text.__NVIC_SystemReset
                0x0800d0f4       0x28 ./BSP/can_protocol.o
 .text.CAN_Protocol_CalcPassword
                0x0800d11c       0x44 ./BSP/can_protocol.o
                0x0800d11c                CAN_Protocol_CalcPassword
 .text.CRC_Reset
                0x0800d160       0x18 ./BSP/can_protocol.o
 .text.CRC_UpdateWord
                0x0800d178       0x78 ./BSP/can_protocol.o
 .text.CRC_GetValue
                0x0800d1f0       0x18 ./BSP/can_protocol.o
 .text.FlushPageBuffer
                0x0800d208       0x64 ./BSP/can_protocol.o
 .text.BufferData
                0x0800d26c       0x64 ./BSP/can_protocol.o
 .text.Flash_EraseAppArea
                0x0800d2d0       0x38 ./BSP/can_protocol.o
 .text.CAN_Protocol_HandleCommand
                0x0800d308       0x74 ./BSP/can_protocol.o
                0x0800d308                CAN_Protocol_HandleCommand
 .text.CAN_Protocol_HandleGetSwVersion
                0x0800d37c      0x100 ./BSP/can_protocol.o
                0x0800d37c                CAN_Protocol_HandleGetSwVersion
 .text.CAN_Protocol_HandleStartUpgrade
                0x0800d47c      0x158 ./BSP/can_protocol.o
                0x0800d47c                CAN_Protocol_HandleStartUpgrade
 .text.CAN_Protocol_HandleUpgradeData
                0x0800d5d4       0xb0 ./BSP/can_protocol.o
                0x0800d5d4                CAN_Protocol_HandleUpgradeData
 .text.CAN_Protocol_HandleUpgradeEnd
                0x0800d684      0x14c ./BSP/can_protocol.o
                0x0800d684                CAN_Protocol_HandleUpgradeEnd
 .text.DeviceConfig_CalcChecksum
                0x0800d7d0       0x40 ./BSP/dev_config.o
 .text.SyncConfig_FromSSC
                0x0800d810      0x16c ./BSP/dev_config.o
                0x0800d810                SyncConfig_FromSSC
 .text.DevConfig_SaveToEEPROM
                0x0800d97c       0x3c ./BSP/dev_config.o
                0x0800d97c                DevConfig_SaveToEEPROM
 .text.XMC_FLASH_SetMargin
                0x0800d9b8       0x34 ./BSP/e_eeprom_xmc4.o
 .text.XMC_FLASH_EnableDoubleBitErrorTrap
                0x0800d9ec       0x28 ./BSP/e_eeprom_xmc4.o
 .text.XMC_FLASH_DisableDoubleBitErrorTrap
                0x0800da14       0x28 ./BSP/e_eeprom_xmc4.o
 .text.XMC_FCE_InitializeSeedValue
                0x0800da3c       0x1c ./BSP/e_eeprom_xmc4.o
 .text.E_EEPROM_XMC4_Init
                0x0800da58       0xd4 ./BSP/e_eeprom_xmc4.o
                0x0800da58                E_EEPROM_XMC4_Init
 .text.E_EEPROM_XMC4_WriteArray
                0x0800db2c       0x64 ./BSP/e_eeprom_xmc4.o
                0x0800db2c                E_EEPROM_XMC4_WriteArray
 .text.E_EEPROM_XMC4_ReadArray
                0x0800db90       0x4c ./BSP/e_eeprom_xmc4.o
                0x0800db90                E_EEPROM_XMC4_ReadArray
 .text.E_EEPROM_XMC4_UpdateFlashContents
                0x0800dbdc       0xa4 ./BSP/e_eeprom_xmc4.o
                0x0800dbdc                E_EEPROM_XMC4_UpdateFlashContents
 .text.E_EEPROM_XMC4_IsFlashEmpty
                0x0800dc80       0x28 ./BSP/e_eeprom_xmc4.o
                0x0800dc80                E_EEPROM_XMC4_IsFlashEmpty
 .text.E_EEPROM_XMC4_lWriteToFlash
                0x0800dca8       0x7c ./BSP/e_eeprom_xmc4.o
 .text.E_EEPROM_XMC4_lInitReadSectorInfo
                0x0800dd24       0xac ./BSP/e_eeprom_xmc4.o
 .text.E_EEPROM_XMC4_lInitEraseStateMachine
                0x0800ddd0       0x80 ./BSP/e_eeprom_xmc4.o
 .text.E_EEPROM_XMC4_lCalculateCRC
                0x0800de50       0x30 ./BSP/e_eeprom_xmc4.o
 .text.E_EEPROM_XMC4_lCopyFlashToRam
                0x0800de80       0x4c ./BSP/e_eeprom_xmc4.o
 .text.SharedConfig_CalcChecksum
                0x0800decc       0x40 ./BSP/rs485_protocol.o
 .text.__NVIC_SystemReset
                0x0800df0c       0x28 ./BSP/rs485_protocol.o
 .text.XMC_UART_CH_ClearStatusFlag
                0x0800df34       0x1c ./BSP/rs485_protocol.o
 .text.RS485_Protocol_CalcPassword
                0x0800df50       0x44 ./BSP/rs485_protocol.o
                0x0800df50                RS485_Protocol_CalcPassword
 .text.CRC_Reset
                0x0800df94       0x18 ./BSP/rs485_protocol.o
 .text.CRC_UpdateWord
                0x0800dfac       0x78 ./BSP/rs485_protocol.o
 .text.CRC_GetValue
                0x0800e024       0x18 ./BSP/rs485_protocol.o
 .text.FlushPageBuffer
                0x0800e03c       0x64 ./BSP/rs485_protocol.o
 .text.BufferData
                0x0800e0a0       0x64 ./BSP/rs485_protocol.o
 .text.Flash_EraseAppArea
                0x0800e104       0x38 ./BSP/rs485_protocol.o
 .text.RS485_Protocol_HandleCommand
                0x0800e13c       0x74 ./BSP/rs485_protocol.o
                0x0800e13c                RS485_Protocol_HandleCommand
 .text.RS485_Protocol_HandleGetSwVersion
                0x0800e1b0       0xe4 ./BSP/rs485_protocol.o
                0x0800e1b0                RS485_Protocol_HandleGetSwVersion
 .text.RS485_Protocol_HandleStartUpgrade
                0x0800e294      0x1a8 ./BSP/rs485_protocol.o
                0x0800e294                RS485_Protocol_HandleStartUpgrade
 .text.RS485_Protocol_HandleUpgradeData
                0x0800e43c       0xb0 ./BSP/rs485_protocol.o
                0x0800e43c                RS485_Protocol_HandleUpgradeData
 .text.RS485_Protocol_HandleUpgradeEnd
                0x0800e4ec      0x17c ./BSP/rs485_protocol.o
                0x0800e4ec                RS485_Protocol_HandleUpgradeEnd
 .text.__NVIC_SetPriority
                0x0800e668       0x54 ./BSP/systick.o
 .text.SysTick_Config
                0x0800e6bc       0x44 ./BSP/systick.o
 .text.SysTick_Handler
                0x0800e700       0x1c ./BSP/systick.o
                0x0800e700                SysTick_Handler
 .text.SysTick_Init
                0x0800e71c       0x20 ./BSP/systick.o
                0x0800e71c                SysTick_Init
 .text.Get_Time_Ms
                0x0800e73c       0x18 ./BSP/systick.o
                0x0800e73c                Get_Time_Ms
 .text.SharedConfig_CalcChecksum
                0x0800e754       0x40 ./Application/User_FoE_Impl.o
 .text.FlushPageBuffer
                0x0800e794       0x64 ./Application/User_FoE_Impl.o
 .text.BufferData
                0x0800e7f8       0x64 ./Application/User_FoE_Impl.o
 .text.UpdateSharedConfig
                0x0800e85c       0x78 ./Application/User_FoE_Impl.o
                0x0800e85c                UpdateSharedConfig
 .text.CalcCRC32
                0x0800e8d4       0x9c ./Application/User_FoE_Impl.o
 .text.FOE_Write
                0x0800e970       0x94 ./Application/User_FoE_Impl.o
                0x0800e970                FOE_Write
 .text.FOE_Data
                0x0800ea04       0xc8 ./Application/User_FoE_Impl.o
                0x0800ea04                FOE_Data
 .text.FOE_Read
                0x0800eacc       0x20 ./Application/User_FoE_Impl.o
                0x0800eacc                FOE_Read
 .text.FOE_Ack  0x0800eaec       0x18 ./Application/User_FoE_Impl.o
                0x0800eaec                FOE_Ack
 .text.FOE_Busy
                0x0800eb04       0x1c ./Application/User_FoE_Impl.o
                0x0800eb04                FOE_Busy
 .text.FOE_Error
                0x0800eb20       0x28 ./Application/User_FoE_Impl.o
                0x0800eb20                FOE_Error
 .text.SharedConfig_CalcChecksum
                0x0800eb48       0x40 ./Application/ecat_callback.o
 .text.DeviceConfig_CalcChecksum
                0x0800eb88       0x40 ./Application/ecat_callback.o
 .text.DeviceConfig_IsValid
                0x0800ebc8       0x38 ./Application/ecat_callback.o
 .text.FWUPDATE_InvalidateAppFlag
                0x0800ec00       0x50 ./Application/ecat_callback.o
                0x0800ec00                FWUPDATE_InvalidateAppFlag
 .text.LoadDeviceConfig
                0x0800ec50       0x30 ./Application/ecat_callback.o
                0x0800ec50                LoadDeviceConfig
 .text.XMC_GPIO_SetOutputLow
                0x0800ec80       0x24 ./main.o
 .text.DIGITAL_IO_SetOutputLow
                0x0800eca4       0x20 ./main.o
 .text.main     0x0800ecc4      0x154 ./main.o
                0x0800ecc4                main
 .text.__errno  0x0800ee18        0xc d:/infineon/tools/dave ide/4.5.0.202105191637/eclipse/arm-gcc-49/bin/../lib/gcc/arm-none-eabi/4.9.3/../../../../arm-none-eabi/lib/armv7e-m/softfp\libg_nano.a(lib_a-errno.o)
                0x0800ee18                __errno
 .text.__libc_init_array
                0x0800ee24       0x4c d:/infineon/tools/dave ide/4.5.0.202105191637/eclipse/arm-gcc-49/bin/../lib/gcc/arm-none-eabi/4.9.3/../../../../arm-none-eabi/lib/armv7e-m/softfp\libg_nano.a(lib_a-init.o)
                0x0800ee24                __libc_init_array
 .text.malloc   0x0800ee70       0x10 d:/infineon/tools/dave ide/4.5.0.202105191637/eclipse/arm-gcc-49/bin/../lib/gcc/arm-none-eabi/4.9.3/../../../../arm-none-eabi/lib/armv7e-m/softfp\libg_nano.a(lib_a-malloc.o)
                0x0800ee70                malloc
 .text.free     0x0800ee80       0x10 d:/infineon/tools/dave ide/4.5.0.202105191637/eclipse/arm-gcc-49/bin/../lib/gcc/arm-none-eabi/4.9.3/../../../../arm-none-eabi/lib/armv7e-m/softfp\libg_nano.a(lib_a-malloc.o)
                0x0800ee80                free
 .text.memcmp   0x0800ee90       0x20 d:/infineon/tools/dave ide/4.5.0.202105191637/eclipse/arm-gcc-49/bin/../lib/gcc/arm-none-eabi/4.9.3/../../../../arm-none-eabi/lib/armv7e-m/softfp\libg_nano.a(lib_a-memcmp.o)
                0x0800ee90                memcmp
 .text.memcpy   0x0800eeb0       0x16 d:/infineon/tools/dave ide/4.5.0.202105191637/eclipse/arm-gcc-49/bin/../lib/gcc/arm-none-eabi/4.9.3/../../../../arm-none-eabi/lib/armv7e-m/softfp\libg_nano.a(lib_a-memcpy.o)
                0x0800eeb0                memcpy
 .text.memset   0x0800eec6       0x10 d:/infineon/tools/dave ide/4.5.0.202105191637/eclipse/arm-gcc-49/bin/../lib/gcc/arm-none-eabi/4.9.3/../../../../arm-none-eabi/lib/armv7e-m/softfp\libg_nano.a(lib_a-memset.o)
                0x0800eec6                memset
 *fill*         0x0800eed6        0x2 
 .text._free_r  0x0800eed8       0x88 d:/infineon/tools/dave ide/4.5.0.202105191637/eclipse/arm-gcc-49/bin/../lib/gcc/arm-none-eabi/4.9.3/../../../../arm-none-eabi/lib/armv7e-m/softfp\libg_nano.a(lib_a-nano-freer.o)
                0x0800eed8                _free_r
 .text._malloc_r
                0x0800ef60       0xac d:/infineon/tools/dave ide/4.5.0.202105191637/eclipse/arm-gcc-49/bin/../lib/gcc/arm-none-eabi/4.9.3/../../../../arm-none-eabi/lib/armv7e-m/softfp\libg_nano.a(lib_a-nano-mallocr.o)
                0x0800ef60                _malloc_r
 .text._sbrk_r  0x0800f00c       0x20 d:/infineon/tools/dave ide/4.5.0.202105191637/eclipse/arm-gcc-49/bin/../lib/gcc/arm-none-eabi/4.9.3/../../../../arm-none-eabi/lib/armv7e-m/softfp\libg_nano.a(lib_a-sbrkr.o)
                0x0800f00c                _sbrk_r
 .text.strlen   0x0800f02c       0x10 d:/infineon/tools/dave ide/4.5.0.202105191637/eclipse/arm-gcc-49/bin/../lib/gcc/arm-none-eabi/4.9.3/../../../../arm-none-eabi/lib/armv7e-m/softfp\libg_nano.a(lib_a-strlen.o)
                0x0800f02c                strlen
 *(.init)
 *(.fini)
 *crtbegin.o(.ctors)
 *crtbegin?.o(.ctors)
 *(EXCLUDE_FILE(*crtend.o *crtend?.o) .ctors)
 *(SORT(.ctors.*))
 *(.ctors)
 *crtbegin.o(.dtors)
 *crtbegin?.o(.dtors)
 *(EXCLUDE_FILE(*crtend.o *crtend?.o) .dtors)
 *(SORT(.dtors.*))
 *(.dtors)
 *(.rodata .rodata.*)
 .rodata.asEntryDesc0x1600
                0x0800f03c       0xc8 ./SSC/Src/coeappl.o
                0x0800f03c                asEntryDesc0x1600
 .rodata.aName0x1600
                0x0800f104      0x1b4 ./SSC/Src/coeappl.o
                0x0800f104                aName0x1600
 .rodata.asEntryDesc0x1601
                0x0800f2b8       0x50 ./SSC/Src/coeappl.o
                0x0800f2b8                asEntryDesc0x1601
 .rodata.aName0x1601
                0x0800f308       0xb0 ./SSC/Src/coeappl.o
                0x0800f308                aName0x1601
 .rodata.asEntryDesc0x1602
                0x0800f3b8       0x50 ./SSC/Src/coeappl.o
                0x0800f3b8                asEntryDesc0x1602
 .rodata.aName0x1602
                0x0800f408       0xb0 ./SSC/Src/coeappl.o
                0x0800f408                aName0x1602
 .rodata.asEntryDesc0x1A00
                0x0800f4b8       0xc8 ./SSC/Src/coeappl.o
                0x0800f4b8                asEntryDesc0x1A00
 .rodata.aName0x1A00
                0x0800f580      0x1b4 ./SSC/Src/coeappl.o
                0x0800f580                aName0x1A00
 .rodata.asEntryDesc0x1A01
                0x0800f734       0x50 ./SSC/Src/coeappl.o
                0x0800f734                asEntryDesc0x1A01
 .rodata.aName0x1A01
                0x0800f784       0xb0 ./SSC/Src/coeappl.o
                0x0800f784                aName0x1A01
 .rodata.asEntryDesc0x1A02
                0x0800f834       0x50 ./SSC/Src/coeappl.o
                0x0800f834                asEntryDesc0x1A02
 .rodata.aName0x1A02
                0x0800f884       0xb0 ./SSC/Src/coeappl.o
                0x0800f884                aName0x1A02
 .rodata.asEntryDesc0x1C12
                0x0800f934        0xc ./SSC/Src/coeappl.o
                0x0800f934                asEntryDesc0x1C12
 .rodata.aName0x1C12
                0x0800f940       0x14 ./SSC/Src/coeappl.o
                0x0800f940                aName0x1C12
 .rodata.asEntryDesc0x1C13
                0x0800f954        0xc ./SSC/Src/coeappl.o
                0x0800f954                asEntryDesc0x1C13
 .rodata.aName0x1C13
                0x0800f960       0x14 ./SSC/Src/coeappl.o
                0x0800f960                aName0x1C13
 .rodata.asEntryDesc0x6000
                0x0800f974       0xc8 ./SSC/Src/coeappl.o
                0x0800f974                asEntryDesc0x6000
 .rodata.aName0x6000
                0x0800fa3c      0x128 ./SSC/Src/coeappl.o
                0x0800fa3c                aName0x6000
 .rodata.asEntryDesc0x6010
                0x0800fb64       0x50 ./SSC/Src/coeappl.o
                0x0800fb64                asEntryDesc0x6010
 .rodata.aName0x6010
                0x0800fbb4       0x7c ./SSC/Src/coeappl.o
                0x0800fbb4                aName0x6010
 .rodata.asEntryDesc0x6020
                0x0800fc30       0x50 ./SSC/Src/coeappl.o
                0x0800fc30                asEntryDesc0x6020
 .rodata.aName0x6020
                0x0800fc80       0x74 ./SSC/Src/coeappl.o
                0x0800fc80                aName0x6020
 .rodata.asEntryDesc0x7000
                0x0800fcf4       0xc8 ./SSC/Src/coeappl.o
                0x0800fcf4                asEntryDesc0x7000
 .rodata.aName0x7000
                0x0800fdbc      0x128 ./SSC/Src/coeappl.o
                0x0800fdbc                aName0x7000
 .rodata.asEntryDesc0x7010
                0x0800fee4       0x50 ./SSC/Src/coeappl.o
                0x0800fee4                asEntryDesc0x7010
 .rodata.aName0x7010
                0x0800ff34       0x7c ./SSC/Src/coeappl.o
                0x0800ff34                aName0x7010
 .rodata.asEntryDesc0x7020
                0x0800ffb0       0x50 ./SSC/Src/coeappl.o
                0x0800ffb0                asEntryDesc0x7020
 .rodata.aName0x7020
                0x08010000       0x74 ./SSC/Src/coeappl.o
                0x08010000                aName0x7020
 .rodata.asEntryDesc0x8000
                0x08010074       0x54 ./SSC/Src/coeappl.o
                0x08010074                asEntryDesc0x8000
 .rodata.aName0x8000
                0x080100c8       0x70 ./SSC/Src/coeappl.o
                0x080100c8                aName0x8000
 .rodata.asEntryDesc0x9000
                0x08010138       0x38 ./SSC/Src/coeappl.o
                0x08010138                asEntryDesc0x9000
 .rodata.aName0x9000
                0x08010170       0x44 ./SSC/Src/coeappl.o
                0x08010170                aName0x9000
 .rodata.sEntryDesc0x9001
                0x080101b4        0x8 ./SSC/Src/coeappl.o
                0x080101b4                sEntryDesc0x9001
 .rodata.aName0x9001
                0x080101bc       0x10 ./SSC/Src/coeappl.o
                0x080101bc                aName0x9001
 .rodata.asEntryDesc0xF000
                0x080101cc       0x14 ./SSC/Src/coeappl.o
                0x080101cc                asEntryDesc0xF000
 .rodata.aName0xF000
                0x080101e0       0x44 ./SSC/Src/coeappl.o
                0x080101e0                aName0xF000
 .rodata.sEntryDesc0x1000
                0x08010224        0x8 ./SSC/Src/coeappl.o
                0x08010224                sEntryDesc0x1000
 .rodata.aName0x1000
                0x0801022c        0xc ./SSC/Src/coeappl.o
                0x0801022c                aName0x1000
 .rodata.sEntryDesc0x1001
                0x08010238        0x8 ./SSC/Src/coeappl.o
                0x08010238                sEntryDesc0x1001
 .rodata.aName0x1001
                0x08010240       0x10 ./SSC/Src/coeappl.o
                0x08010240                aName0x1001
 .rodata.sEntryDesc0x1008
                0x08010250        0x8 ./SSC/Src/coeappl.o
                0x08010250                sEntryDesc0x1008
 .rodata.aName0x1008
                0x08010258        0xc ./SSC/Src/coeappl.o
                0x08010258                aName0x1008
 .rodata.sEntryDesc0x1009
                0x08010264        0x8 ./SSC/Src/coeappl.o
                0x08010264                sEntryDesc0x1009
 .rodata.aName0x1009
                0x0801026c       0x20 ./SSC/Src/coeappl.o
                0x0801026c                aName0x1009
 .rodata.sEntryDesc0x100A
                0x0801028c        0x8 ./SSC/Src/coeappl.o
                0x0801028c                sEntryDesc0x100A
 .rodata.aName0x100A
                0x08010294       0x20 ./SSC/Src/coeappl.o
                0x08010294                aName0x100A
 .rodata.asEntryDesc0x1018
                0x080102b4       0x20 ./SSC/Src/coeappl.o
                0x080102b4                asEntryDesc0x1018
 .rodata.aName0x1018
                0x080102d4       0x48 ./SSC/Src/coeappl.o
                0x080102d4                aName0x1018
 .rodata.asEntryDesc0x10F1
                0x0801031c       0x14 ./SSC/Src/coeappl.o
                0x0801031c                asEntryDesc0x10F1
 .rodata.aName0x10F1
                0x08010330       0x40 ./SSC/Src/coeappl.o
                0x08010330                aName0x10F1
 .rodata.sEntryDesc0x10F8
                0x08010370        0x8 ./SSC/Src/coeappl.o
                0x08010370                sEntryDesc0x10F8
 .rodata.aName0x10F8
                0x08010378       0x14 ./SSC/Src/coeappl.o
                0x08010378                aName0x10F8
 .rodata.asEntryDesc0x1C00
                0x0801038c        0xc ./SSC/Src/coeappl.o
                0x0801038c                asEntryDesc0x1C00
 .rodata.aName0x1C00
                0x08010398       0x14 ./SSC/Src/coeappl.o
                0x08010398                aName0x1C00
 .rodata.asEntryDesc0x1C3x
                0x080103ac       0xc8 ./SSC/Src/coeappl.o
                0x080103ac                asEntryDesc0x1C3x
 .rodata.aName0x1C32
                0x08010474      0x108 ./SSC/Src/coeappl.o
                0x08010474                aName0x1C32
 .rodata.aName0x1C33
                0x0801057c      0x108 ./SSC/Src/coeappl.o
                0x0801057c                aName0x1C33
 .rodata.cBitMask
                0x08010684       0x20 ./SSC/Src/objdef.o
                0x08010684                cBitMask
 .rodata.cAbortCode
                0x080106a4       0x78 ./SSC/Src/sdoserv.o
                0x080106a4                cAbortCode
 .rodata.UART_485_channel_config
                0x0801071c        0xc ./Dave/Generated/UART/uart_conf.o
                0x0801071c                UART_485_channel_config
 .rodata.UART_485_tx_pin_config
                0x08010728        0xc ./Dave/Generated/UART/uart_conf.o
                0x08010728                UART_485_tx_pin_config
 .rodata.UART_485_tx_pin
                0x08010734        0xc ./Dave/Generated/UART/uart_conf.o
                0x08010734                UART_485_tx_pin
 .rodata.UART_485_tx_dma_ch_config
                0x08010740       0x24 ./Dave/Generated/UART/uart_conf.o
                0x08010740                UART_485_tx_dma_ch_config
 .rodata.UART_485_tx_dma_config
                0x08010764        0x8 ./Dave/Generated/UART/uart_conf.o
                0x08010764                UART_485_tx_dma_config
 .rodata.UART_485_config
                0x0801076c       0x34 ./Dave/Generated/UART/uart_conf.o
                0x0801076c                UART_485_config
 .rodata.UART_485_rx_pin_config
                0x080107a0        0xc ./Dave/Generated/UART/uart_conf.o
                0x080107a0                UART_485_rx_pin_config
 .rodata.INTERRUPT_0
                0x080107ac        0x4 ./Dave/Generated/INTERRUPT/interrupt_conf.o
                0x080107ac                INTERRUPT_0
 .rodata.INT_SYNC0
                0x080107b0        0x4 ./Dave/Generated/INTERRUPT/interrupt_conf.o
                0x080107b0                INT_SYNC0
 .rodata.INT_SYNC1
                0x080107b4        0x4 ./Dave/Generated/INTERRUPT/interrupt_conf.o
                0x080107b4                INT_SYNC1
 .rodata.EG_SYNC0_OGU_Config
                0x080107b8        0x4 ./Dave/Generated/EVENT_GENERATOR/event_generator_conf.o
                0x080107b8                EG_SYNC0_OGU_Config
 .rodata.EG_SYNC1_OGU_Config
                0x080107bc        0x4 ./Dave/Generated/EVENT_GENERATOR/event_generator_conf.o
                0x080107bc                EG_SYNC1_OGU_Config
 .rodata.ED_SYNC0_ETL_Config
                0x080107c0        0x8 ./Dave/Generated/EVENT_DETECTOR/event_detector_conf.o
                0x080107c0                ED_SYNC0_ETL_Config
 .rodata.ED_SYNC1_ETL_Config
                0x080107c8        0x8 ./Dave/Generated/EVENT_DETECTOR/event_detector_conf.o
                0x080107c8                ED_SYNC1_ETL_Config
 .rodata.ECAT_SSC_0
                0x080107d0        0xc ./Dave/Generated/ECAT_SSC/ecat_ssc_conf.o
                0x080107d0                ECAT_SSC_0
 .rodata.LED    0x080107dc       0x14 ./Dave/Generated/DIGITAL_IO/digital_io_conf.o
                0x080107dc                LED
 .rodata.UART1_RS485_DE
                0x080107f0       0x14 ./Dave/Generated/DIGITAL_IO/digital_io_conf.o
                0x080107f0                UART1_RS485_DE
 .rodata.CAN_STB
                0x08010804       0x14 ./Dave/Generated/DIGITAL_IO/digital_io_conf.o
                0x08010804                CAN_STB
 .rodata.CTRLA_L_B
                0x08010818       0x14 ./Dave/Generated/DIGITAL_IO/digital_io_conf.o
                0x08010818                CTRLA_L_B
 .rodata.CTRLB_H_A
                0x0801082c       0x14 ./Dave/Generated/DIGITAL_IO/digital_io_conf.o
                0x0801082c                CTRLB_H_A
 .rodata.CTRL_120R
                0x08010840       0x14 ./Dave/Generated/DIGITAL_IO/digital_io_conf.o
                0x08010840                CTRL_120R
 .rodata        0x08010854       0x14 ./Dave/Generated/CLOCK_XMC4/clock_xmc4_conf.o
 .rodata.CAN_NODE_0_gpio_out
                0x08010868        0x8 ./Dave/Generated/CAN_NODE/can_node_conf.o
 .rodata.CAN_NODE_0_gpio_out_config
                0x08010870        0xc ./Dave/Generated/CAN_NODE/can_node_conf.o
 .rodata.CAN_NODE_0_gpio_in
                0x0801087c        0x8 ./Dave/Generated/CAN_NODE/can_node_conf.o
 .rodata.CAN_NODE_0_gpio_in_config
                0x08010884        0xc ./Dave/Generated/CAN_NODE/can_node_conf.o
 .rodata.CAN_NODE_0_BitTimeConfig
                0x08010890        0xc ./Dave/Generated/CAN_NODE/can_node_conf.o
 .rodata.CAN_NODE_0_sr
                0x0801089c        0x4 ./Dave/Generated/CAN_NODE/can_node_conf.o
 .rodata.CAN_NODE_0_LMO_01_Config
                0x080108a0        0xc ./Dave/Generated/CAN_NODE/can_node_conf.o
                0x080108a0                CAN_NODE_0_LMO_01_Config
 .rodata.CAN_NODE_0_LMO_02_Config
                0x080108ac        0xc ./Dave/Generated/CAN_NODE/can_node_conf.o
                0x080108ac                CAN_NODE_0_LMO_02_Config
 .rodata.CAN_NODE_0
                0x080108b8       0xa8 ./Dave/Generated/CAN_NODE/can_node_conf.o
                0x080108b8                CAN_NODE_0
 .rodata.s_485Baudrates
                0x08010960       0x50 ./BSP/bsp_485.o
 .rodata        0x080109b0        0xc ./BSP/can_protocol.o
 .rodata.e_eeprom_xmc4_fce
                0x080109bc        0xc ./BSP/e_eeprom_xmc4.o
 .rodata.str1.1
                0x080109c8        0x2 d:/infineon/tools/dave ide/4.5.0.202105191637/eclipse/arm-gcc-49/bin/../lib/gcc/arm-none-eabi/4.9.3/../../../../arm-none-eabi/lib/armv7e-m/softfp\libg_nano.a(lib_a-impure.o)
 *(.gnu.linkonce.r*)
 *(vtable)
                0x080109cc                . = ALIGN (0x4)
 *fill*         0x080109ca        0x2 

.glue_7         0x080109cc        0x0 load address 0x0c0109cc
 .glue_7        0x00000000        0x0 linker stubs

.glue_7t        0x080109cc        0x0 load address 0x0c0109cc
 .glue_7t       0x00000000        0x0 linker stubs

.vfp11_veneer   0x080109cc        0x0 load address 0x0c0109cc
 .vfp11_veneer  0x00000000        0x0 linker stubs

.v4_bx          0x080109cc        0x0 load address 0x0c0109cc
 .v4_bx         0x00000000        0x0 linker stubs

.iplt           0x080109cc        0x0 load address 0x0c0109cc
 .iplt          0x00000000        0x0 ./User/Src/firmwareupdate_SSC.o

.rel.dyn        0x080109cc        0x0 load address 0x0c0109cc
 .rel.iplt      0x00000000        0x0 ./User/Src/firmwareupdate_SSC.o

.eh_frame_hdr
 *(.eh_frame_hdr)

.eh_frame
 *(.eh_frame)

.ARM.extab
 *(.ARM.extab* .gnu.linkonce.armextab.*)
                0x080109cc                . = ALIGN (0x4)
                0x080109cc                __exidx_start = .

.ARM.exidx
 *(.ARM.exidx* .gnu.linkonce.armexidx.*)
                0x080109cc                __exidx_end = .
                0x080109cc                . = ALIGN (0x4)

Stack           0x1ffe8000      0x800
                0x1ffe8000                __stack_start = .
                0x1ffe8800                . = (. + stack_size)
 *fill*         0x1ffe8000      0x800 
                0x1ffe8800                __stack_end = .
                0x1ffe8800                __initial_sp = .

.ram_code       0x1ffe8800        0x0 load address 0x0c0109cc
                0x1ffe8800                . = ALIGN (0x4)
                0x1ffe8800                __ram_code_start = .
 *(.ram_code)
                0x1ffe8800                . = ALIGN (0x4)
                0x1ffe8800                __ram_code_end = .
                0x0c0109cc                __ram_code_load = LOADADDR (.ram_code)
                0x00000000                __ram_code_size = (__ram_code_end - __ram_code_start)

.data           0x1ffe8800     0x18e8 load address 0x0c0109cc
                0x1ffe8800                . = ALIGN (0x4)
                0x1ffe8800                __data_start = .
 *(.data)
 *(.data*)
 .data.g_current_write_addr
                0x1ffe8800        0x4 ./User/Src/firmwareupdate_SSC.o
 .data.g_fifo_current_addr
                0x1ffe8804        0x4 ./User/Src/firmwareupdate_SSC.o
 .data.ApplicationObjDic
                0x1ffe8808      0x2f8 ./SSC/Src/coeappl.o
                0x1ffe8808                ApplicationObjDic
 .data.u32Devicetype
                0x1ffe8b00        0x4 ./SSC/Src/coeappl.o
                0x1ffe8b00                u32Devicetype
 .data.acDevicename
                0x1ffe8b04        0xc ./SSC/Src/coeappl.o
                0x1ffe8b04                acDevicename
 .data.acHardwareversion
                0x1ffe8b10        0x8 ./SSC/Src/coeappl.o
                0x1ffe8b10                acHardwareversion
 .data.acSoftwareversion
                0x1ffe8b18        0x8 ./SSC/Src/coeappl.o
                0x1ffe8b18                acSoftwareversion
 .data.sIdentity
                0x1ffe8b20       0x14 ./SSC/Src/coeappl.o
                0x1ffe8b20                sIdentity
 .data.sSyncmanagertype
                0x1ffe8b34        0x8 ./SSC/Src/coeappl.o
                0x1ffe8b34                sSyncmanagertype
 .data.GenObjDic
                0x1ffe8b3c      0x1e0 ./SSC/Src/coeappl.o
                0x1ffe8b3c                GenObjDic
 .data.aEepromData